Archive member included to satisfy reference by file (symbol)

c:/program files (x86)/atmel/studio/7.0/toolchain/arm/arm-gnu-toolchain/bin/../lib/gcc/arm-none-eabi/6.3.1/thumb/v7e-m\libgcc.a(_arm_addsubdf3.o)
                              src/main.o (__aeabi_i2d)
c:/program files (x86)/atmel/studio/7.0/toolchain/arm/arm-gnu-toolchain/bin/../lib/gcc/arm-none-eabi/6.3.1/thumb/v7e-m\libgcc.a(_arm_muldivdf3.o)
                              src/main.o (__aeabi_dmul)
c:/program files (x86)/atmel/studio/7.0/toolchain/arm/arm-gnu-toolchain/bin/../lib/gcc/arm-none-eabi/6.3.1/thumb/v7e-m\libgcc.a(_arm_fixdfsi.o)
                              src/main.o (__aeabi_d2iz)
c:/program files (x86)/atmel/studio/7.0/toolchain/arm/arm-gnu-toolchain/bin/../lib/gcc/arm-none-eabi/6.3.1/../../../../arm-none-eabi/lib/thumb/v7e-m\libc.a(lib_a-exit.o)
                              c:/program files (x86)/atmel/studio/7.0/toolchain/arm/arm-gnu-toolchain/bin/../lib/gcc/arm-none-eabi/6.3.1/../../../../arm-none-eabi/lib/thumb/v7e-m/crt0.o (exit)
c:/program files (x86)/atmel/studio/7.0/toolchain/arm/arm-gnu-toolchain/bin/../lib/gcc/arm-none-eabi/6.3.1/../../../../arm-none-eabi/lib/thumb/v7e-m\libc.a(lib_a-impure.o)
                              c:/program files (x86)/atmel/studio/7.0/toolchain/arm/arm-gnu-toolchain/bin/../lib/gcc/arm-none-eabi/6.3.1/../../../../arm-none-eabi/lib/thumb/v7e-m\libc.a(lib_a-exit.o) (_global_impure_ptr)
c:/program files (x86)/atmel/studio/7.0/toolchain/arm/arm-gnu-toolchain/bin/../lib/gcc/arm-none-eabi/6.3.1/../../../../arm-none-eabi/lib/thumb/v7e-m\libc.a(lib_a-init.o)
                              c:/program files (x86)/atmel/studio/7.0/toolchain/arm/arm-gnu-toolchain/bin/../lib/gcc/arm-none-eabi/6.3.1/../../../../arm-none-eabi/lib/thumb/v7e-m/crt0.o (__libc_init_array)
c:/program files (x86)/atmel/studio/7.0/toolchain/arm/arm-gnu-toolchain/bin/../lib/gcc/arm-none-eabi/6.3.1/../../../../arm-none-eabi/lib/thumb/v7e-m\libc.a(lib_a-memset.o)
                              c:/program files (x86)/atmel/studio/7.0/toolchain/arm/arm-gnu-toolchain/bin/../lib/gcc/arm-none-eabi/6.3.1/../../../../arm-none-eabi/lib/thumb/v7e-m/crt0.o (memset)
c:/program files (x86)/atmel/studio/7.0/toolchain/arm/arm-gnu-toolchain/bin/../lib/gcc/arm-none-eabi/6.3.1/../../../../arm-none-eabi/lib/thumb/v7e-m\libc.a(lib_a-sprintf.o)
                              src/main.o (sprintf)
c:/program files (x86)/atmel/studio/7.0/toolchain/arm/arm-gnu-toolchain/bin/../lib/gcc/arm-none-eabi/6.3.1/../../../../arm-none-eabi/lib/thumb/v7e-m\libc.a(lib_a-svfprintf.o)
                              c:/program files (x86)/atmel/studio/7.0/toolchain/arm/arm-gnu-toolchain/bin/../lib/gcc/arm-none-eabi/6.3.1/../../../../arm-none-eabi/lib/thumb/v7e-m\libc.a(lib_a-sprintf.o) (_svfprintf_r)
c:/program files (x86)/atmel/studio/7.0/toolchain/arm/arm-gnu-toolchain/bin/../lib/gcc/arm-none-eabi/6.3.1/../../../../arm-none-eabi/lib/thumb/v7e-m\libc.a(lib_a-__call_atexit.o)
                              c:/program files (x86)/atmel/studio/7.0/toolchain/arm/arm-gnu-toolchain/bin/../lib/gcc/arm-none-eabi/6.3.1/../../../../arm-none-eabi/lib/thumb/v7e-m\libc.a(lib_a-exit.o) (__call_exitprocs)
c:/program files (x86)/atmel/studio/7.0/toolchain/arm/arm-gnu-toolchain/bin/../lib/gcc/arm-none-eabi/6.3.1/../../../../arm-none-eabi/lib/thumb/v7e-m\libc.a(lib_a-atexit.o)
                              c:/program files (x86)/atmel/studio/7.0/toolchain/arm/arm-gnu-toolchain/bin/../lib/gcc/arm-none-eabi/6.3.1/../../../../arm-none-eabi/lib/thumb/v7e-m\libc.a(lib_a-__call_atexit.o) (atexit)
c:/program files (x86)/atmel/studio/7.0/toolchain/arm/arm-gnu-toolchain/bin/../lib/gcc/arm-none-eabi/6.3.1/../../../../arm-none-eabi/lib/thumb/v7e-m\libc.a(lib_a-dtoa.o)
                              c:/program files (x86)/atmel/studio/7.0/toolchain/arm/arm-gnu-toolchain/bin/../lib/gcc/arm-none-eabi/6.3.1/../../../../arm-none-eabi/lib/thumb/v7e-m\libc.a(lib_a-svfprintf.o) (_dtoa_r)
c:/program files (x86)/atmel/studio/7.0/toolchain/arm/arm-gnu-toolchain/bin/../lib/gcc/arm-none-eabi/6.3.1/../../../../arm-none-eabi/lib/thumb/v7e-m\libc.a(lib_a-fini.o)
                              c:/program files (x86)/atmel/studio/7.0/toolchain/arm/arm-gnu-toolchain/bin/../lib/gcc/arm-none-eabi/6.3.1/../../../../arm-none-eabi/lib/thumb/v7e-m\libc.a(lib_a-__call_atexit.o) (__libc_fini_array)
c:/program files (x86)/atmel/studio/7.0/toolchain/arm/arm-gnu-toolchain/bin/../lib/gcc/arm-none-eabi/6.3.1/../../../../arm-none-eabi/lib/thumb/v7e-m\libc.a(lib_a-localeconv.o)
                              c:/program files (x86)/atmel/studio/7.0/toolchain/arm/arm-gnu-toolchain/bin/../lib/gcc/arm-none-eabi/6.3.1/../../../../arm-none-eabi/lib/thumb/v7e-m\libc.a(lib_a-svfprintf.o) (_localeconv_r)
c:/program files (x86)/atmel/studio/7.0/toolchain/arm/arm-gnu-toolchain/bin/../lib/gcc/arm-none-eabi/6.3.1/../../../../arm-none-eabi/lib/thumb/v7e-m\libc.a(lib_a-lock.o)
[...]
Memory Configuration

Name             Origin             Length             Attributes
rom              0x00400000         0x00200000         xr
ram              0x20400000         0x00060000         xrw
*default*        0x00000000         0xffffffff

Linker script and memory map

LOAD c:/program files (x86)/atmel/studio/7.0/toolchain/arm/arm-gnu-toolchain/bin/../lib/gcc/arm-none-eabi/6.3.1/thumb/v7e-m/crti.o
LOAD c:/program files (x86)/atmel/studio/7.0/toolchain/arm/arm-gnu-toolchain/bin/../lib/gcc/arm-none-eabi/6.3.1/thumb/v7e-m/crtbegin.o
LOAD c:/program files (x86)/atmel/studio/7.0/toolchain/arm/arm-gnu-toolchain/bin/../lib/gcc/arm-none-eabi/6.3.1/../../../../arm-none-eabi/lib/thumb/v7e-m/crt0.o
LOAD src/ASF/sam/drivers/rtc/rtc.o
LOAD src/ASF/sam/drivers/rtt/rtt.o
LOAD src/main.o
LOAD src/ASF/common/services/delay/sam/cycle_counter.o
LOAD src/ASF/common/services/spi/sam_spi/spi_master.o
LOAD src/ASF/sam/components/display/ili9488/ili9488.o
LOAD src/ASF/sam/drivers/spi/spi.o
LOAD src/ASF/common/services/clock/same70/sysclk.o
LOAD src/ASF/common/utils/interrupt/interrupt_sam_nvic.o
LOAD src/ASF/sam/boards/same70_xplained/init.o
LOAD src/ASF/sam/drivers/mpu/mpu.o
LOAD src/ASF/sam/drivers/pio/pio.o
LOAD src/ASF/sam/drivers/pio/pio_handler.o
LOAD src/ASF/sam/drivers/pmc/pmc.o
LOAD src/ASF/sam/drivers/pmc/sleep.o
LOAD src/ASF/sam/utils/cmsis/same70/source/templates/gcc/startup_same70.o
LOAD src/ASF/sam/utils/cmsis/same70/source/templates/system_same70.o
LOAD src/ASF/sam/utils/syscalls/gcc/syscalls.o
START GROUP
LOAD ../src/ASF/thirdparty/CMSIS/Lib/GCC\libarm_cortexM7lfsp_math_softfp.a
LOAD c:/program files (x86)/atmel/studio/7.0/toolchain/arm/arm-gnu-toolchain/bin/../lib/gcc/arm-none-eabi/6.3.1/../../../../arm-none-eabi/lib/thumb/v7e-m\libm.a
END GROUP
START GROUP
LOAD c:/program files (x86)/atmel/studio/7.0/toolchain/arm/arm-gnu-toolchain/bin/../lib/gcc/arm-none-eabi/6.3.1/thumb/v7e-m\libgcc.a
LOAD c:/program files (x86)/atmel/studio/7.0/toolchain/arm/arm-gnu-toolchain/bin/../lib/gcc/arm-none-eabi/6.3.1/../../../../arm-none-eabi/lib/thumb/v7e-m\libc.a
END GROUP
LOAD c:/program files (x86)/atmel/studio/7.0/toolchain/arm/arm-gnu-toolchain/bin/../lib/gcc/arm-none-eabi/6.3.1/thumb/v7e-m/crtend.o
LOAD c:/program files (x86)/atmel/studio/7.0/toolchain/arm/arm-gnu-toolchain/bin/../lib/gcc/arm-none-eabi/6.3.1/thumb/v7e-m/crtn.o
                0x00002000                STACK_SIZE = DEFINED (STACK_SIZE)?STACK_SIZE:0x2000
                0x2045fffc                __ram_end__ = ((ORIGIN (ram) + LENGTH (ram)) - 0x4)
                0x00000200                HEAP_SIZE = DEFINED (HEAP_SIZE)?HEAP_SIZE:0x200

.text           0x00400000    0x346ec
                0x00400000                . = ALIGN (0x4)
                0x00400000                _sfixed = .
 *(.vectors .vectors.*)
 .vectors       0x00400000      0x168 src/ASF/sam/utils/cmsis/same70/source/templates/gcc/startup_same70.o
                0x00400000                exception_table
 *(.text .text.* .gnu.linkonce.t.*)
 .text          0x00400168       0x6c c:/program files (x86)/atmel/studio/7.0/toolchain/arm/arm-gnu-toolchain/bin/../lib/gcc/arm-none-eabi/6.3.1/thumb/v7e-m/crtbegin.o
 .text.rtt_init
                0x004001d4       0x30 src/ASF/sam/drivers/rtt/rtt.o
                0x004001d4                rtt_init
 .text.rtt_sel_source
                0x00400204       0x58 src/ASF/sam/drivers/rtt/rtt.o
                0x00400204                rtt_sel_source
 .text.rtt_enable_interrupt
                0x0040025c       0x38 src/ASF/sam/drivers/rtt/rtt.o
                0x0040025c                rtt_enable_interrupt
 .text.rtt_disable_interrupt
                0x00400294       0x40 src/ASF/sam/drivers/rtt/rtt.o
                0x00400294                rtt_disable_interrupt
 .text.rtt_read_timer_value
                0x004002d4       0x2e src/ASF/sam/drivers/rtt/rtt.o
                0x004002d4                rtt_read_timer_value
 .text.rtt_get_status
                0x00400302       0x18 src/ASF/sam/drivers/rtt/rtt.o
                0x00400302                rtt_get_status
 *fill*         0x0040031a        0x2 
 .text.rtt_write_alarm_time
                0x0040031c       0x5c src/ASF/sam/drivers/rtt/rtt.o
                0x0040031c                rtt_write_alarm_time
 .text.NVIC_EnableIRQ
                0x00400378       0x34 src/main.o
 .text.NVIC_DisableIRQ
                0x004003ac       0x34 src/main.o
 .text.NVIC_ClearPendingIRQ
                0x004003e0       0x34 src/main.o
 .text.NVIC_SetPriority
                0x00400414       0x54 src/main.o
 .text.configure_lcd
                0x00400468       0x4c src/main.o
                0x00400468                configure_lcd
 .text.pin_toggle
                0x004004b4       0x40 src/main.o
                0x004004b4                pin_toggle
 .text.but_callback
                0x004004f4       0x18 src/main.o
                0x004004f4                but_callback
 .text.font_draw_text
                0x0040050c       0x88 src/main.o
                0x0040050c                font_draw_text
 .text.RTT_Handler
                0x00400594       0x44 src/main.o
                0x00400594                RTT_Handler
 .text.RTT_init
                0x004005d8       0x98 src/main.o
 .text.io_init  0x00400670       0x88 src/main.o
                0x00400670                io_init
 .text.main     0x004006f8      0x2b0 src/main.o
                0x004006f8                main
 .text.osc_get_rate
                0x004009a8       0x74 src/ASF/common/services/spi/sam_spi/spi_master.o
 .text.sysclk_get_main_hz
                0x00400a1c       0x20 src/ASF/common/services/spi/sam_spi/spi_master.o
 .text.sysclk_get_peripheral_hz
                0x00400a3c       0x14 src/ASF/common/services/spi/sam_spi/spi_master.o
 .text.spi_reset
                0x00400a50       0x1a src/ASF/common/services/spi/sam_spi/spi_master.o
 .text.spi_set_master_mode
                0x00400a6a       0x20 src/ASF/common/services/spi/sam_spi/spi_master.o
 .text.spi_set_fixed_peripheral_select
                0x00400a8a       0x20 src/ASF/common/services/spi/sam_spi/spi_master.o
 .text.spi_disable_peripheral_select_decode
                0x00400aaa       0x20 src/ASF/common/services/spi/sam_spi/spi_master.o
 .text.spi_get_peripheral_select_decode_setting
                0x00400aca       0x26 src/ASF/common/services/spi/sam_spi/spi_master.o
 .text.spi_disable_mode_fault_detect
                0x00400af0       0x20 src/ASF/common/services/spi/sam_spi/spi_master.o
 .text.spi_disable_loopback
                0x00400b10       0x20 src/ASF/common/services/spi/sam_spi/spi_master.o
 .text.spi_put  0x00400b30       0x1e src/ASF/common/services/spi/sam_spi/spi_master.o
 .text.spi_get  0x00400b4e       0x1a src/ASF/common/services/spi/sam_spi/spi_master.o
 .text.spi_is_tx_ready
                0x00400b68       0x26 src/ASF/common/services/spi/sam_spi/spi_master.o
 .text.spi_is_rx_ready
                0x00400b8e       0x2c src/ASF/common/services/spi/sam_spi/spi_master.o
 *fill*         0x00400bba        0x2 
 .text.spi_write_single
                0x00400bbc       0x24 src/ASF/common/services/spi/sam_spi/spi_master.o
 .text.spi_read_single
                0x00400be0       0x24 src/ASF/common/services/spi/sam_spi/spi_master.o
 .text.spi_master_init
                0x00400c04       0x70 src/ASF/common/services/spi/sam_spi/spi_master.o
                0x00400c04                spi_master_init
 .text.spi_master_setup_device
                0x00400c74       0xb4 src/ASF/common/services/spi/sam_spi/spi_master.o
                0x00400c74                spi_master_setup_device
 .text.spi_select_device
                0x00400d28       0x58 src/ASF/common/services/spi/sam_spi/spi_master.o
                0x00400d28                spi_select_device
 .text.spi_write_packet
                0x00400d80       0x74 src/ASF/common/services/spi/sam_spi/spi_master.o
                0x00400d80                spi_write_packet
 .text.spi_read_packet
                0x00400df4       0xac src/ASF/common/services/spi/sam_spi/spi_master.o
                0x00400df4                spi_read_packet
 .text.spi_enable
                0x00400ea0       0x1a src/ASF/sam/components/display/ili9488/ili9488.o
 .text.spi_enable_interrupt
                0x00400eba       0x1c src/ASF/sam/components/display/ili9488/ili9488.o
 *fill*         0x00400ed6        0x2 
 .text.ili9488_write_ram_prepare
                0x00400ed8       0x40 src/ASF/sam/components/display/ili9488/ili9488.o
 .text.ili9488_write_ram_buffer
                0x00400f18       0x40 src/ASF/sam/components/display/ili9488/ili9488.o
 .text.ili9488_write_register
                0x00400f58       0x78 src/ASF/sam/components/display/ili9488/ili9488.o
 .text.ili9488_read_chipid
                0x00400fd0       0xcc src/ASF/sam/components/display/ili9488/ili9488.o
 .text.ili9488_delay
                0x0040109c       0x40 src/ASF/sam/components/display/ili9488/ili9488.o
                0x0040109c                ili9488_delay
 .text.ili9488_check_box_coordinates
                0x004010dc       0xa2 src/ASF/sam/components/display/ili9488/ili9488.o
 *fill*         0x0040117e        0x2 
 .text.ili9488_set_display_direction
                0x00401180       0x34 src/ASF/sam/components/display/ili9488/ili9488.o
                0x00401180                ili9488_set_display_direction
 .text.ili9488_set_window
                0x004011b4       0xc8 src/ASF/sam/components/display/ili9488/ili9488.o
                0x004011b4                ili9488_set_window
 .text.ili9488_init
                0x0040127c      0x15c src/ASF/sam/components/display/ili9488/ili9488.o
                0x0040127c                ili9488_init
 .text.ili9488_display_on
                0x004013d8       0x18 src/ASF/sam/components/display/ili9488/ili9488.o
                0x004013d8                ili9488_display_on
 .text.ili9488_set_foreground_color
                0x004013f0       0x54 src/ASF/sam/components/display/ili9488/ili9488.o
                0x004013f0                ili9488_set_foreground_color
 .text.ili9488_set_cursor_position
                0x00401444       0x84 src/ASF/sam/components/display/ili9488/ili9488.o
                0x00401444                ili9488_set_cursor_position
 .text.ili9488_draw_filled_rectangle
                0x004014c8       0xdc src/ASF/sam/components/display/ili9488/ili9488.o
                0x004014c8                ili9488_draw_filled_rectangle
 .text.ili9488_draw_pixmap
                0x004015a4       0xb4 src/ASF/sam/components/display/ili9488/ili9488.o
                0x004015a4                ili9488_draw_pixmap
 .text.spi_get_peripheral_select_mode
                0x00401658       0x26 src/ASF/sam/drivers/spi/spi.o
 *fill*         0x0040167e        0x2 
 .text.sysclk_enable_peripheral_clock
                0x00401680       0x1c src/ASF/sam/drivers/spi/spi.o
 .text.spi_enable_clock
                0x0040169c       0x3c src/ASF/sam/drivers/spi/spi.o
                0x0040169c                spi_enable_clock
 .text.spi_set_peripheral_chip_select_value
                0x004016d8       0x34 src/ASF/sam/drivers/spi/spi.o
                0x004016d8                spi_set_peripheral_chip_select_value
 .text.spi_set_delay_between_chip_select
                0x0040170c       0x30 src/ASF/sam/drivers/spi/spi.o
                0x0040170c                spi_set_delay_between_chip_select
 .text.spi_write
                0x0040173c       0x80 src/ASF/sam/drivers/spi/spi.o
                0x0040173c                spi_write
 .text.spi_set_clock_polarity
                0x004017bc       0x50 src/ASF/sam/drivers/spi/spi.o
                0x004017bc                spi_set_clock_polarity
 .text.spi_set_clock_phase
                0x0040180c       0x50 src/ASF/sam/drivers/spi/spi.o
                0x0040180c                spi_set_clock_phase
 .text.spi_configure_cs_behavior
                0x0040185c       0xa6 src/ASF/sam/drivers/spi/spi.o
                0x0040185c                spi_configure_cs_behavior
 .text.spi_set_bits_per_transfer
                0x00401902       0x4a src/ASF/sam/drivers/spi/spi.o
                0x00401902                spi_set_bits_per_transfer
 .text.spi_calc_baudrate_div
                0x0040194c       0x3c src/ASF/sam/drivers/spi/spi.o
                0x0040194c                spi_calc_baudrate_div
 .text.spi_set_baudrate_div
                0x00401988       0x5e src/ASF/sam/drivers/spi/spi.o
                0x00401988                spi_set_baudrate_div
 .text.spi_set_transfer_delay
                0x004019e6       0x5e src/ASF/sam/drivers/spi/spi.o
                0x004019e6                spi_set_transfer_delay
 .text.osc_enable
                0x00401a44       0x88 src/ASF/common/services/clock/same70/sysclk.o
 .text.osc_is_ready
                0x00401acc       0x70 src/ASF/common/services/clock/same70/sysclk.o
 .text.osc_get_rate
                0x00401b3c       0x74 src/ASF/common/services/clock/same70/sysclk.o
 .text.osc_wait_ready
                0x00401bb0       0x2c src/ASF/common/services/clock/same70/sysclk.o
 .text.pll_config_init
                0x00401bdc       0x6c src/ASF/common/services/clock/same70/sysclk.o
 .text.pll_enable
                0x00401c48       0x40 src/ASF/common/services/clock/same70/sysclk.o
 .text.pll_is_locked
                0x00401c88       0x2c src/ASF/common/services/clock/same70/sysclk.o
 .text.pll_enable_source
                0x00401cb4       0x38 src/ASF/common/services/clock/same70/sysclk.o
 .text.pll_wait_for_lock
                0x00401cec       0x24 src/ASF/common/services/clock/same70/sysclk.o
 .text.sysclk_get_main_hz
                0x00401d10       0x20 src/ASF/common/services/clock/same70/sysclk.o
 .text.sysclk_get_cpu_hz
                0x00401d30       0x14 src/ASF/common/services/clock/same70/sysclk.o
 .text.sysclk_init
                0x00401d44       0x7c src/ASF/common/services/clock/same70/sysclk.o
                0x00401d44                sysclk_init
 .text.SCB_EnableICache
                0x00401dc0       0x38 src/ASF/sam/boards/same70_xplained/init.o
 .text.SCB_EnableDCache
                0x00401df8       0xa4 src/ASF/sam/boards/same70_xplained/init.o
 .text.sysclk_enable_peripheral_clock
                0x00401e9c       0x1c src/ASF/sam/boards/same70_xplained/init.o
 .text.ioport_init
                0x00401eb8       0x2c src/ASF/sam/boards/same70_xplained/init.o
 .text.ioport_set_pin_mode
                0x00401ee4      0x11c src/ASF/sam/boards/same70_xplained/init.o
 .text.ioport_set_pin_dir
                0x00402000       0x88 src/ASF/sam/boards/same70_xplained/init.o
 .text.ioport_set_pin_level
                0x00402088       0x6c src/ASF/sam/boards/same70_xplained/init.o
 .text.ioport_set_pin_sense_mode
                0x004020f4       0xd0 src/ASF/sam/boards/same70_xplained/init.o
 .text.tcm_disable
                0x004021c4       0x44 src/ASF/sam/boards/same70_xplained/init.o
 .text.board_init
                0x00402208      0x188 src/ASF/sam/boards/same70_xplained/init.o
                0x00402208                board_init
 .text.pio_pull_up
                0x00402390       0x2c src/ASF/sam/drivers/pio/pio.o
                0x00402390                pio_pull_up
 .text.pio_set  0x004023bc       0x1c src/ASF/sam/drivers/pio/pio.o
                0x004023bc                pio_set
 .text.pio_clear
                0x004023d8       0x1c src/ASF/sam/drivers/pio/pio.o
                0x004023d8                pio_clear
 .text.pio_set_peripheral
                0x004023f4      0x110 src/ASF/sam/drivers/pio/pio.o
                0x004023f4                pio_set_peripheral
 .text.pio_set_input
                0x00402504       0x80 src/ASF/sam/drivers/pio/pio.o
                0x00402504                pio_set_input
 .text.pio_set_output
                0x00402584       0x64 src/ASF/sam/drivers/pio/pio.o
                0x00402584                pio_set_output
 .text.pio_configure
                0x004025e8       0xcc src/ASF/sam/drivers/pio/pio.o
                0x004025e8                pio_configure
 .text.pio_get_output_data_status
                0x004026b4       0x28 src/ASF/sam/drivers/pio/pio.o
                0x004026b4                pio_get_output_data_status
 .text.pio_configure_interrupt
                0x004026dc       0x6c src/ASF/sam/drivers/pio/pio.o
                0x004026dc                pio_configure_interrupt
 .text.pio_enable_interrupt
                0x00402748       0x1c src/ASF/sam/drivers/pio/pio.o
                0x00402748                pio_enable_interrupt
 .text.pio_disable_interrupt
                0x00402764       0x1c src/ASF/sam/drivers/pio/pio.o
                0x00402764                pio_disable_interrupt
 .text.pio_get_interrupt_status
                0x00402780       0x18 src/ASF/sam/drivers/pio/pio.o
                0x00402780                pio_get_interrupt_status
 .text.pio_get_interrupt_mask
                0x00402798       0x18 src/ASF/sam/drivers/pio/pio.o
                0x00402798                pio_get_interrupt_mask
 .text.pio_set_pin_high
                0x004027b0       0x30 src/ASF/sam/drivers/pio/pio.o
                0x004027b0                pio_set_pin_high
 .text.pio_set_pin_low
                0x004027e0       0x30 src/ASF/sam/drivers/pio/pio.o
                0x004027e0                pio_set_pin_low
 .text.pio_configure_pin
                0x00402810      0x1b0 src/ASF/sam/drivers/pio/pio.o
                0x00402810                pio_configure_pin
 .text.pio_get_pin_group
                0x004029c0       0x28 src/ASF/sam/drivers/pio/pio.o
                0x004029c0                pio_get_pin_group
 .text.pio_handler_process
                0x004029e8       0xb4 src/ASF/sam/drivers/pio/pio_handler.o
                0x004029e8                pio_handler_process
 .text.pio_handler_set
                0x00402a9c       0xa0 src/ASF/sam/drivers/pio/pio_handler.o
                0x00402a9c                pio_handler_set
 .text.PIOA_Handler
                0x00402b3c       0x18 src/ASF/sam/drivers/pio/pio_handler.o
                0x00402b3c                PIOA_Handler
 .text.PIOB_Handler
                0x00402b54       0x18 src/ASF/sam/drivers/pio/pio_handler.o
                0x00402b54                PIOB_Handler
 .text.PIOC_Handler
                0x00402b6c       0x18 src/ASF/sam/drivers/pio/pio_handler.o
                0x00402b6c                PIOC_Handler
 .text.PIOD_Handler
                0x00402b84       0x18 src/ASF/sam/drivers/pio/pio_handler.o
                0x00402b84                PIOD_Handler
 .text.PIOE_Handler
                0x00402b9c       0x18 src/ASF/sam/drivers/pio/pio_handler.o
                0x00402b9c                PIOE_Handler
 .text.pmc_mck_set_division
                0x00402bb4       0x7c src/ASF/sam/drivers/pmc/pmc.o
                0x00402bb4                pmc_mck_set_division
 .text.pmc_switch_mck_to_pllack
                0x00402c30       0x84 src/ASF/sam/drivers/pmc/pmc.o
                0x00402c30                pmc_switch_mck_to_pllack
 .text.pmc_switch_sclk_to_32kxtal
                0x00402cb4       0x38 src/ASF/sam/drivers/pmc/pmc.o
                0x00402cb4                pmc_switch_sclk_to_32kxtal
 .text.pmc_osc_is_ready_32kxtal
                0x00402cec       0x34 src/ASF/sam/drivers/pmc/pmc.o
                0x00402cec                pmc_osc_is_ready_32kxtal
 .text.pmc_switch_mainck_to_fastrc
                0x00402d20       0x70 src/ASF/sam/drivers/pmc/pmc.o
                0x00402d20                pmc_switch_mainck_to_fastrc
 .text.pmc_switch_mainck_to_xtal
                0x00402d90       0x78 src/ASF/sam/drivers/pmc/pmc.o
                0x00402d90                pmc_switch_mainck_to_xtal
 .text.pmc_osc_is_ready_mainck
                0x00402e08       0x1c src/ASF/sam/drivers/pmc/pmc.o
                0x00402e08                pmc_osc_is_ready_mainck
 .text.pmc_disable_pllack
                0x00402e24       0x1c src/ASF/sam/drivers/pmc/pmc.o
                0x00402e24                pmc_disable_pllack
 .text.pmc_is_locked_pllack
                0x00402e40       0x1c src/ASF/sam/drivers/pmc/pmc.o
                0x00402e40                pmc_is_locked_pllack
 .text.pmc_is_locked_upll
                0x00402e5c       0x1c src/ASF/sam/drivers/pmc/pmc.o
                0x00402e5c                pmc_is_locked_upll
 .text.pmc_enable_periph_clk
                0x00402e78       0x3c src/ASF/sam/drivers/pmc/pmc.o
                0x00402e78                pmc_enable_periph_clk
 .text.cpu_irq_save
                0x00402eb4       0x38 src/ASF/sam/utils/cmsis/same70/source/templates/gcc/startup_same70.o
 .text.cpu_irq_is_enabled_flags
                0x00402eec       0x20 src/ASF/sam/utils/cmsis/same70/source/templates/gcc/startup_same70.o
 .text.cpu_irq_restore
                0x00402f0c       0x30 src/ASF/sam/utils/cmsis/same70/source/templates/gcc/startup_same70.o
 .text.Reset_Handler
                0x00402f3c       0xb0 src/ASF/sam/utils/cmsis/same70/source/templates/gcc/startup_same70.o
                0x00402f3c                Reset_Handler
 .text.Dummy_Handler
                0x00402fec        0x6 src/ASF/sam/utils/cmsis/same70/source/templates/gcc/startup_same70.o
                0x00402fec                DACC_Handler
                0x00402fec                DebugMon_Handler
                0x00402fec                UART3_Handler
                0x00402fec                UART2_Handler
                0x00402fec                TRNG_Handler
                0x00402fec                HardFault_Handler
                0x00402fec                TC2_Handler
                0x00402fec                SysTick_Handler
                0x00402fec                AFEC1_Handler
                0x00402fec                PendSV_Handler
                0x00402fec                NMI_Handler
                0x00402fec                TC7_Handler
                0x00402fec                QSPI_Handler
                0x00402fec                ISI_Handler
                0x00402fec                MCAN0_INT0_Handler
                0x00402fec                TC9_Handler
                0x00402fec                RSWDT_Handler
                0x00402fec                USART0_Handler
                0x00402fec                USBHS_Handler
                0x00402fec                IXC_Handler
                0x00402fec                CCF_Handler
                0x00402fec                RTC_Handler
                0x00402fec                UsageFault_Handler
                0x00402fec                TC6_Handler
                0x00402fec                WDT_Handler
                0x00402fec                MCAN1_INT1_Handler
                0x00402fec                TC4_Handler
                0x00402fec                TC1_Handler
                0x00402fec                HSMCI_Handler
                0x00402fec                UART1_Handler
                0x00402fec                TC3_Handler
                0x00402fec                Dummy_Handler
                0x00402fec                TWIHS1_Handler
                0x00402fec                XDMAC_Handler
                0x00402fec                UART4_Handler
                0x00402fec                PWM1_Handler
                0x00402fec                USART1_Handler
                0x00402fec                PWM0_Handler
                0x00402fec                AFEC0_Handler
                0x00402fec                CCW_Handler
                0x00402fec                TC11_Handler
                0x00402fec                SSC_Handler
                0x00402fec                ACC_Handler
                0x00402fec                PMC_Handler
                0x00402fec                GMAC_Handler
                0x00402fec                MCAN0_INT1_Handler
                0x00402fec                GMAC_Q5_Handler
                0x00402fec                MemManage_Handler
                0x00402fec                SUPC_Handler
                0x00402fec                SVC_Handler
                0x00402fec                TC8_Handler
                0x00402fec                MCAN1_INT0_Handler
                0x00402fec                EFC_Handler
                0x00402fec                GMAC_Q1_Handler
                0x00402fec                USART2_Handler
                0x00402fec                SDRAMC_Handler
                0x00402fec                GMAC_Q2_Handler
                0x00402fec                SPI1_Handler
                0x00402fec                TC10_Handler
                0x00402fec                GMAC_Q3_Handler
                0x00402fec                TWIHS2_Handler
                0x00402fec                I2SC0_Handler
                0x00402fec                UART0_Handler
                0x00402fec                I2SC1_Handler
                0x00402fec                GMAC_Q4_Handler
                0x00402fec                FPU_Handler
                0x00402fec                BusFault_Handler
                0x00402fec                RSTC_Handler
                0x00402fec                TC0_Handler
                0x00402fec                TC5_Handler
                0x00402fec                AES_Handler
                0x00402fec                ICM_Handler
                0x00402fec                TWIHS0_Handler
                0x00402fec                SPI0_Handler
 *fill*         0x00402ff2        0x2 
 .text.SystemCoreClockUpdate
                0x00402ff4      0x168 src/ASF/sam/utils/cmsis/same70/source/templates/system_same70.o
                0x00402ff4                SystemCoreClockUpdate
 .text.system_init_flash
                0x0040315c       0xb0 src/ASF/sam/utils/cmsis/same70/source/templates/system_same70.o
                0x0040315c                system_init_flash
 .text._sbrk    0x0040320c       0x58 src/ASF/sam/utils/syscalls/gcc/syscalls.o
                0x0040320c                _sbrk
 .text          0x00403264      0x370 c:/program files (x86)/atmel/studio/7.0/toolchain/arm/arm-gnu-toolchain/bin/../lib/gcc/arm-none-eabi/6.3.1/thumb/v7e-m\libgcc.a(_arm_addsubdf3.o)
                0x00403264                __aeabi_drsub
                0x0040326c                __aeabi_dsub
                0x0040326c                __subdf3
                0x00403270                __aeabi_dadd
                0x00403270                __adddf3
                0x004034e8                __floatunsidf
                0x004034e8                __aeabi_ui2d
                0x00403508                __floatsidf
                0x00403508                __aeabi_i2d
                0x0040352c                __aeabi_f2d
                0x0040352c                __extendsfdf2
                0x00403568                __floatundidf
                0x00403568                __aeabi_ul2d
                0x00403578                __floatdidf
                0x00403578                __aeabi_l2d
 .text          0x004035d4      0x424 c:/program files (x86)/atmel/studio/7.0/toolchain/arm/arm-gnu-toolchain/bin/../lib/gcc/arm-none-eabi/6.3.1/thumb/v7e-m\libgcc.a(_arm_muldivdf3.o)
                0x004035d4                __aeabi_dmul
                0x004035d4                __muldf3
                0x00403828                __divdf3
                0x00403828                __aeabi_ddiv
 .text          0x004039f8       0x50 c:/program files (x86)/atmel/studio/7.0/toolchain/arm/arm-gnu-toolchain/bin/../lib/gcc/arm-none-eabi/6.3.1/thumb/v7e-m\libgcc.a(_arm_fixdfsi.o)
                0x004039f8                __aeabi_d2iz
                0x004039f8                __fixdfsi
 .text.__libc_init_array
                0x00403a48       0x50 c:/program files (x86)/atmel/studio/7.0/toolchain/arm/arm-gnu-toolchain/bin/../lib/gcc/arm-none-eabi/6.3.1/../../../../arm-none-eabi/lib/thumb/v7e-m\libc.a(lib_a-init.o)
                0x00403a48                __libc_init_array
 .text.memset   0x00403a98       0x9c c:/program files (x86)/atmel/studio/7.0/toolchain/arm/arm-gnu-toolchain/bin/../lib/gcc/arm-none-eabi/6.3.1/../../../../arm-none-eabi/lib/thumb/v7e-m\libc.a(lib_a-memset.o)
                0x00403a98                memset
 .text.sprintf  0x00403b34       0x4c c:/program files (x86)/atmel/studio/7.0/toolchain/arm/arm-gnu-toolchain/bin/../lib/gcc/arm-none-eabi/6.3.1/../../../../arm-none-eabi/lib/thumb/v7e-m\libc.a(lib_a-sprintf.o)
                0x00403b34                sprintf
 .text._svfprintf_r
                0x00403b80     0x145c c:/program files (x86)/atmel/studio/7.0/toolchain/arm/arm-gnu-toolchain/bin/../lib/gcc/arm-none-eabi/6.3.1/../../../../arm-none-eabi/lib/thumb/v7e-m\libc.a(lib_a-svfprintf.o)
                0x00403b80                _svfprintf_r
 .text.startup.register_fini
                0x00404fdc       0x14 c:/program files (x86)/atmel/studio/7.0/toolchain/arm/arm-gnu-toolchain/bin/../lib/gcc/arm-none-eabi/6.3.1/../../../../arm-none-eabi/lib/thumb/v7e-m\libc.a(lib_a-__call_atexit.o)
 .text.atexit   0x00404ff0        0xc c:/program files (x86)/atmel/studio/7.0/toolchain/arm/arm-gnu-toolchain/bin/../lib/gcc/arm-none-eabi/6.3.1/../../../../arm-none-eabi/lib/thumb/v7e-m\libc.a(lib_a-atexit.o)
                0x00404ff0                atexit
 .text.quorem   0x00404ffc      0x128 c:/program files (x86)/atmel/studio/7.0/toolchain/arm/arm-gnu-toolchain/bin/../lib/gcc/arm-none-eabi/6.3.1/../../../../arm-none-eabi/lib/thumb/v7e-m\libc.a(lib_a-dtoa.o)
 *fill*         0x00405124        0x4 
 .text._dtoa_r  0x00405128      0xe54 c:/program files (x86)/atmel/studio/7.0/toolchain/arm/arm-gnu-toolchain/bin/../lib/gcc/arm-none-eabi/6.3.1/../../../../arm-none-eabi/lib/thumb/v7e-m\libc.a(lib_a-dtoa.o)
                0x00405128                _dtoa_r
 .text.__libc_fini_array
                0x00405f7c       0x34 c:/program files (x86)/atmel/studio/7.0/toolchain/arm/arm-gnu-toolchain/bin/../lib/gcc/arm-none-eabi/6.3.1/../../../../arm-none-eabi/lib/thumb/v7e-m\libc.a(lib_a-fini.o)
                0x00405f7c                __libc_fini_array
 .text._localeconv_r
                0x00405fb0       0x1c c:/program files (x86)/atmel/studio/7.0/toolchain/arm/arm-gnu-toolchain/bin/../lib/gcc/arm-none-eabi/6.3.1/../../../../arm-none-eabi/lib/thumb/v7e-m\libc.a(lib_a-localeconv.o)
                0x00405fb0                _localeconv_r
 .text.__retarget_lock_acquire_recursive
                0x00405fcc        0x4 c:/program files (x86)/atmel/studio/7.0/toolchain/arm/arm-gnu-toolchain/bin/../lib/gcc/arm-none-eabi/6.3.1/../../../../arm-none-eabi/lib/thumb/v7e-m\libc.a(lib_a-lock.o)
                0x00405fcc                __retarget_lock_acquire_recursive
 .text.__retarget_lock_release_recursive
                0x00405fd0        0x4 c:/program files (x86)/atmel/studio/7.0/toolchain/arm/arm-gnu-toolchain/bin/../lib/gcc/arm-none-eabi/6.3.1/../../../../arm-none-eabi/lib/thumb/v7e-m\libc.a(lib_a-lock.o)
                0x00405fd0                __retarget_lock_release_recursive
 .text._malloc_r
                0x00405fd4      0x560 c:/program files (x86)/atmel/studio/7.0/toolchain/arm/arm-gnu-toolchain/bin/../lib/gcc/arm-none-eabi/6.3.1/../../../../arm-none-eabi/lib/thumb/v7e-m\libc.a(lib_a-mallocr.o)
                0x00405fd4                _malloc_r
 *fill*         0x00406534        0xc 
 .text          0x00406540       0xa0 c:/program files (x86)/atmel/studio/7.0/toolchain/arm/arm-gnu-toolchain/bin/../lib/gcc/arm-none-eabi/6.3.1/../../../../arm-none-eabi/lib/thumb/v7e-m\libc.a(lib_a-memchr.o)
                0x00406540                memchr
 .text          0x004065e0      0x134 c:/program files (x86)/atmel/studio/7.0/toolchain/arm/arm-gnu-toolchain/bin/../lib/gcc/arm-none-eabi/6.3.1/../../../../arm-none-eabi/lib/thumb/v7e-m\libc.a(lib_a-memcpy.o)
                0x004065e0                memcpy
 .text.__malloc_lock
                0x00406714        0xc c:/program files (x86)/atmel/studio/7.0/toolchain/arm/arm-gnu-toolchain/bin/../lib/gcc/arm-none-eabi/6.3.1/../../../../arm-none-eabi/lib/thumb/v7e-m\libc.a(lib_a-mlock.o)
                0x00406714                __malloc_lock
 .text.__malloc_unlock
                0x00406720        0xc c:/program files (x86)/atmel/studio/7.0/toolchain/arm/arm-gnu-toolchain/bin/../lib/gcc/arm-none-eabi/6.3.1/../../../../arm-none-eabi/lib/thumb/v7e-m\libc.a(lib_a-mlock.o)
                0x00406720                __malloc_unlock
 .text._Balloc  0x0040672c       0x4c c:/program files (x86)/atmel/studio/7.0/toolchain/arm/arm-gnu-toolchain/bin/../lib/gcc/arm-none-eabi/6.3.1/../../../../arm-none-eabi/lib/thumb/v7e-m\libc.a(lib_a-mprec.o)
                0x0040672c                _Balloc
 .text._Bfree   0x00406778       0x14 c:/program files (x86)/atmel/studio/7.0/toolchain/arm/arm-gnu-toolchain/bin/../lib/gcc/arm-none-eabi/6.3.1/../../../../arm-none-eabi/lib/thumb/v7e-m\libc.a(lib_a-mprec.o)
                0x00406778                _Bfree
 .text.__multadd
                0x0040678c       0x80 c:/program files (x86)/atmel/studio/7.0/toolchain/arm/arm-gnu-toolchain/bin/../lib/gcc/arm-none-eabi/6.3.1/../../../../arm-none-eabi/lib/thumb/v7e-m\libc.a(lib_a-mprec.o)
                0x0040678c                __multadd
 .text.__hi0bits
                0x0040680c       0x40 c:/program files (x86)/atmel/studio/7.0/toolchain/arm/arm-gnu-toolchain/bin/../lib/gcc/arm-none-eabi/6.3.1/../../../../arm-none-eabi/lib/thumb/v7e-m\libc.a(lib_a-mprec.o)
                0x0040680c                __hi0bits
 .text.__lo0bits
                0x0040684c       0x60 c:/program files (x86)/atmel/studio/7.0/toolchain/arm/arm-gnu-toolchain/bin/../lib/gcc/arm-none-eabi/6.3.1/../../../../arm-none-eabi/lib/thumb/v7e-m\libc.a(lib_a-mprec.o)
                0x0040684c                __lo0bits
 .text.__i2b    0x004068ac       0x14 c:/program files (x86)/atmel/studio/7.0/toolchain/arm/arm-gnu-toolchain/bin/../lib/gcc/arm-none-eabi/6.3.1/../../../../arm-none-eabi/lib/thumb/v7e-m\libc.a(lib_a-mprec.o)
                0x004068ac                __i2b
 .text.__multiply
                0x004068c0      0x124 c:/program files (x86)/atmel/studio/7.0/toolchain/arm/arm-gnu-toolchain/bin/../lib/gcc/arm-none-eabi/6.3.1/../../../../arm-none-eabi/lib/thumb/v7e-m\libc.a(lib_a-mprec.o)
                0x004068c0                __multiply
 .text.__pow5mult
                0x004069e4       0xa0 c:/program files (x86)/atmel/studio/7.0/toolchain/arm/arm-gnu-toolchain/bin/../lib/gcc/arm-none-eabi/6.3.1/../../../../arm-none-eabi/lib/thumb/v7e-m\libc.a(lib_a-mprec.o)
                0x004069e4                __pow5mult
 .text.__lshift
                0x00406a84       0xa4 c:/program files (x86)/atmel/studio/7.0/toolchain/arm/arm-gnu-toolchain/bin/../lib/gcc/arm-none-eabi/6.3.1/../../../../arm-none-eabi/lib/thumb/v7e-m\libc.a(lib_a-mprec.o)
                0x00406a84                __lshift
 .text.__mcmp   0x00406b28       0x38 c:/program files (x86)/atmel/studio/7.0/toolchain/arm/arm-gnu-toolchain/bin/../lib/gcc/arm-none-eabi/6.3.1/../../../../arm-none-eabi/lib/thumb/v7e-m\libc.a(lib_a-mprec.o)
                0x00406b28                __mcmp
 .text.__mdiff  0x00406b60      0x108 c:/program files (x86)/atmel/studio/7.0/toolchain/arm/arm-gnu-toolchain/bin/../lib/gcc/arm-none-eabi/6.3.1/../../../../arm-none-eabi/lib/thumb/v7e-m\libc.a(lib_a-mprec.o)
                0x00406b60                __mdiff
 .text.__d2b    0x00406c68       0xb8 c:/program files (x86)/atmel/studio/7.0/toolchain/arm/arm-gnu-toolchain/bin/../lib/gcc/arm-none-eabi/6.3.1/../../../../arm-none-eabi/lib/thumb/v7e-m\libc.a(lib_a-mprec.o)
                0x00406c68                __d2b
 .text._sbrk_r  0x00406d20       0x24 c:/program files (x86)/atmel/studio/7.0/toolchain/arm/arm-gnu-toolchain/bin/../lib/gcc/arm-none-eabi/6.3.1/../../../../arm-none-eabi/lib/thumb/v7e-m\libc.a(lib_a-sbrkr.o)
                0x00406d20                _sbrk_r
 *fill*         0x00406d44       0x3c 
 .text          0x00406d80       0xdc c:/program files (x86)/atmel/studio/7.0/toolchain/arm/arm-gnu-toolchain/bin/../lib/gcc/arm-none-eabi/6.3.1/../../../../arm-none-eabi/lib/thumb/v7e-m\libc.a(lib_a-strlen.o)
                0x00406d80                strlen
 .text.__ssprint_r
                0x00406e5c       0xfc c:/program files (x86)/atmel/studio/7.0/toolchain/arm/arm-gnu-toolchain/bin/../lib/gcc/arm-none-eabi/6.3.1/../../../../arm-none-eabi/lib/thumb/v7e-m\libc.a(lib_a-svfiprintf.o)
                0x00406e5c                __ssprint_r
 .text.__register_exitproc
                0x00406f58       0xc4 c:/program files (x86)/atmel/studio/7.0/toolchain/arm/arm-gnu-toolchain/bin/../lib/gcc/arm-none-eabi/6.3.1/../../../../arm-none-eabi/lib/thumb/v7e-m\libc.a(lib_a-__atexit.o)
                0x00406f58                __register_exitproc
 .text._calloc_r
                0x0040701c       0x60 c:/program files (x86)/atmel/studio/7.0/toolchain/arm/arm-gnu-toolchain/bin/../lib/gcc/arm-none-eabi/6.3.1/../../../../arm-none-eabi/lib/thumb/v7e-m\libc.a(lib_a-callocr.o)
                0x0040701c                _calloc_r
 .text._malloc_trim_r
                0x0040707c       0xa0 c:/program files (x86)/atmel/studio/7.0/toolchain/arm/arm-gnu-toolchain/bin/../lib/gcc/arm-none-eabi/6.3.1/../../../../arm-none-eabi/lib/thumb/v7e-m\libc.a(lib_a-freer.o)
                0x0040707c                _malloc_trim_r
 .text._free_r  0x0040711c      0x1cc c:/program files (x86)/atmel/studio/7.0/toolchain/arm/arm-gnu-toolchain/bin/../lib/gcc/arm-none-eabi/6.3.1/../../../../arm-none-eabi/lib/thumb/v7e-m\libc.a(lib_a-freer.o)
                0x0040711c                _free_r
 .text.__ascii_mbtowc
                0x004072e8       0x2c c:/program files (x86)/atmel/studio/7.0/toolchain/arm/arm-gnu-toolchain/bin/../lib/gcc/arm-none-eabi/6.3.1/../../../../arm-none-eabi/lib/thumb/v7e-m\libc.a(lib_a-mbtowc_r.o)
                0x004072e8                __ascii_mbtowc
 .text.memmove  0x00407314       0xc8 c:/program files (x86)/atmel/studio/7.0/toolchain/arm/arm-gnu-toolchain/bin/../lib/gcc/arm-none-eabi/6.3.1/../../../../arm-none-eabi/lib/thumb/v7e-m\libc.a(lib_a-memmove.o)
                0x00407314                memmove
 .text._realloc_r
                0x004073dc      0x34c c:/program files (x86)/atmel/studio/7.0/toolchain/arm/arm-gnu-toolchain/bin/../lib/gcc/arm-none-eabi/6.3.1/../../../../arm-none-eabi/lib/thumb/v7e-m\libc.a(lib_a-reallocr.o)
                0x004073dc                _realloc_r
 .text.__ascii_wctomb
                0x00407728       0x1c c:/program files (x86)/atmel/studio/7.0/toolchain/arm/arm-gnu-toolchain/bin/../lib/gcc/arm-none-eabi/6.3.1/../../../../arm-none-eabi/lib/thumb/v7e-m\libc.a(lib_a-wctomb_r.o)
                0x00407728                __ascii_wctomb
 .text          0x00407744      0x110 c:/program files (x86)/atmel/studio/7.0/toolchain/arm/arm-gnu-toolchain/bin/../lib/gcc/arm-none-eabi/6.3.1/thumb/v7e-m\libgcc.a(_arm_cmpdf2.o)
                0x00407744                __gtdf2
                0x00407744                __gedf2
                0x0040774c                __ltdf2
                0x0040774c                __ledf2
                0x00407754                __nedf2
                0x00407754                __eqdf2
                0x00407754                __cmpdf2
                0x004077d0                __aeabi_cdrcmple
                0x004077e0                __aeabi_cdcmpeq
                0x004077e0                __aeabi_cdcmple
                0x004077f0                __aeabi_dcmpeq
                0x00407804                __aeabi_dcmplt
                0x00407818                __aeabi_dcmple
                0x0040782c                __aeabi_dcmpge
                0x00407840                __aeabi_dcmpgt
 .text          0x00407854       0x2c c:/program files (x86)/atmel/studio/7.0/toolchain/arm/arm-gnu-toolchain/bin/../lib/gcc/arm-none-eabi/6.3.1/thumb/v7e-m\libgcc.a(_arm_unorddf2.o)
                0x00407854                __unorddf2
                0x00407854                __aeabi_dcmpun
 .text          0x00407880       0x30 c:/program files (x86)/atmel/studio/7.0/toolchain/arm/arm-gnu-toolchain/bin/../lib/gcc/arm-none-eabi/6.3.1/thumb/v7e-m\libgcc.a(_aeabi_uldivmod.o)
                0x00407880                __aeabi_uldivmod
 .text          0x004078b0      0x2dc c:/program files (x86)/atmel/studio/7.0/toolchain/arm/arm-gnu-toolchain/bin/../lib/gcc/arm-none-eabi/6.3.1/thumb/v7e-m\libgcc.a(_udivmoddi4.o)
                0x004078b0                __udivmoddi4
 .text          0x00407b8c        0x4 c:/program files (x86)/atmel/studio/7.0/toolchain/arm/arm-gnu-toolchain/bin/../lib/gcc/arm-none-eabi/6.3.1/thumb/v7e-m\libgcc.a(_dvmd_tls.o)
                0x00407b8c                __aeabi_idiv0
                0x00407b8c                __aeabi_ldiv0
 *(.glue_7t)
 .glue_7t       0x00407b90        0x0 linker stubs
 *(.glue_7)
 .glue_7        0x00407b90        0x0 linker stubs
 *(.rodata .rodata* .gnu.linkonce.r.*)
 .rodata.image_data_calibri_36_0x20
                0x00407b90      0x378 src/main.o
 .rodata.calibri_36_0x20
                0x00407f08       0x10 src/main.o
 .rodata.image_data_calibri_36_0x21
                0x00407f18      0x534 src/main.o
 .rodata.calibri_36_0x21
                0x0040844c       0x10 src/main.o
 .rodata.image_data_calibri_36_0x22
                0x0040845c      0x612 src/main.o
 *fill*         0x00408a6e        0x2 
 .rodata.calibri_36_0x22
                0x00408a70       0x10 src/main.o
 .rodata.image_data_calibri_36_0x23
                0x00408a80      0x7ce src/main.o
 *fill*         0x0040924e        0x2 
 .rodata.calibri_36_0x23
                0x00409250       0x10 src/main.o
 .rodata.image_data_calibri_36_0x24
                0x00409260      0x7ce src/main.o
 *fill*         0x00409a2e        0x2 
 .rodata.calibri_36_0x24
                0x00409a30       0x10 src/main.o
 .rodata.image_data_calibri_36_0x25
                0x00409a40      0xb46 src/main.o
 *fill*         0x0040a586        0x2 
 .rodata.calibri_36_0x25
                0x0040a588       0x10 src/main.o
 .rodata.image_data_calibri_36_0x26
                0x0040a598      0xad7 src/main.o
 *fill*         0x0040b06f        0x1 
 .rodata.calibri_36_0x26
                0x0040b070       0x10 src/main.o
 .rodata.image_data_calibri_36_0x27
                0x0040b080      0x378 src/main.o
 .rodata.calibri_36_0x27
                0x0040b3f8       0x10 src/main.o
 .rodata.image_data_calibri_36_0x28
                0x0040b408      0x4c5 src/main.o
 *fill*         0x0040b8cd        0x3 
 .rodata.calibri_36_0x28
                0x0040b8d0       0x10 src/main.o
 .rodata.image_data_calibri_36_0x29
                0x0040b8e0      0x4c5 src/main.o
 *fill*         0x0040bda5        0x3 
 .rodata.calibri_36_0x29
                0x0040bda8       0x10 src/main.o
 .rodata.image_data_calibri_36_0x2a
                0x0040bdb8      0x7ce src/main.o
 *fill*         0x0040c586        0x2 
 .rodata.calibri_36_0x2a
                0x0040c588       0x10 src/main.o
 .rodata.image_data_calibri_36_0x2b
                0x0040c598      0x7ce src/main.o
 *fill*         0x0040cd66        0x2 
 .rodata.calibri_36_0x2b
                0x0040cd68       0x10 src/main.o
 .rodata.image_data_calibri_36_0x2c
                0x0040cd78      0x3e7 src/main.o
 *fill*         0x0040d15f        0x1 
 .rodata.calibri_36_0x2c
                0x0040d160       0x10 src/main.o
 .rodata.image_data_calibri_36_0x2d
                0x0040d170      0x4c5 src/main.o
 *fill*         0x0040d635        0x3 
 .rodata.calibri_36_0x2d
                0x0040d638       0x10 src/main.o
 .rodata.image_data_calibri_36_0x2e
                0x0040d648      0x3e7 src/main.o
 *fill*         0x0040da2f        0x1 
 .rodata.calibri_36_0x2e
                0x0040da30       0x10 src/main.o
 .rodata.image_data_calibri_36_0x2f
                0x0040da40      0x612 src/main.o
 *fill*         0x0040e052        0x2 
 .rodata.calibri_36_0x2f
                0x0040e054       0x10 src/main.o
 .rodata.image_data_calibri_36_0x30
                0x0040e064      0x7ce src/main.o
 *fill*         0x0040e832        0x2 
 .rodata.calibri_36_0x30
                0x0040e834       0x10 src/main.o
 .rodata.image_data_calibri_36_0x31
                0x0040e844      0x7ce src/main.o
 *fill*         0x0040f012        0x2 
 .rodata.calibri_36_0x31
                0x0040f014       0x10 src/main.o
 .rodata.image_data_calibri_36_0x32
                0x0040f024      0x7ce src/main.o
 *fill*         0x0040f7f2        0x2 
 .rodata.calibri_36_0x32
                0x0040f7f4       0x10 src/main.o
 .rodata.image_data_calibri_36_0x33
                0x0040f804      0x7ce src/main.o
 *fill*         0x0040ffd2        0x2 
 .rodata.calibri_36_0x33
                0x0040ffd4       0x10 src/main.o
 .rodata.image_data_calibri_36_0x34
                0x0040ffe4      0x7ce src/main.o
 *fill*         0x004107b2        0x2 
 .rodata.calibri_36_0x34
                0x004107b4       0x10 src/main.o
 .rodata.image_data_calibri_36_0x35
                0x004107c4      0x7ce src/main.o
 *fill*         0x00410f92        0x2 
 .rodata.calibri_36_0x35
                0x00410f94       0x10 src/main.o
 .rodata.image_data_calibri_36_0x36
                0x00410fa4      0x7ce src/main.o
 *fill*         0x00411772        0x2 
 .rodata.calibri_36_0x36
                0x00411774       0x10 src/main.o
 .rodata.image_data_calibri_36_0x37
                0x00411784      0x7ce src/main.o
 *fill*         0x00411f52        0x2 
 .rodata.calibri_36_0x37
                0x00411f54       0x10 src/main.o
 .rodata.image_data_calibri_36_0x38
                0x00411f64      0x7ce src/main.o
 *fill*         0x00412732        0x2 
 .rodata.calibri_36_0x38
                0x00412734       0x10 src/main.o
 .rodata.image_data_calibri_36_0x39
                0x00412744      0x7ce src/main.o
 *fill*         0x00412f12        0x2 
 .rodata.calibri_36_0x39
                0x00412f14       0x10 src/main.o
 .rodata.image_data_calibri_36_0x3a
                0x00412f24      0x456 src/main.o
 *fill*         0x0041337a        0x2 
 .rodata.calibri_36_0x3a
                0x0041337c       0x10 src/main.o
 .rodata.image_data_calibri_36_0x3b
                0x0041338c      0x456 src/main.o
 *fill*         0x004137e2        0x2 
 .rodata.calibri_36_0x3b
                0x004137e4       0x10 src/main.o
 .rodata.image_data_calibri_36_0x3c
                0x004137f4      0x7ce src/main.o
 *fill*         0x00413fc2        0x2 
 .rodata.calibri_36_0x3c
                0x00413fc4       0x10 src/main.o
 .rodata.image_data_calibri_36_0x3d
                0x00413fd4      0x7ce src/main.o
 *fill*         0x004147a2        0x2 
 .rodata.calibri_36_0x3d
                0x004147a4       0x10 src/main.o
 .rodata.image_data_calibri_36_0x3e
                0x004147b4      0x7ce src/main.o
 *fill*         0x00414f82        0x2 
 .rodata.calibri_36_0x3e
                0x00414f84       0x10 src/main.o
 .rodata.image_data_calibri_36_0x3f
                0x00414f94      0x75f src/main.o
 *fill*         0x004156f3        0x1 
 .rodata.calibri_36_0x3f
                0x004156f4       0x10 src/main.o
 .rodata.image_data_calibri_36_0x40
                0x00415704      0xde0 src/main.o
 .rodata.calibri_36_0x40
                0x004164e4       0x10 src/main.o
 .rodata.image_data_calibri_36_0x41
                0x004164f4      0x91b src/main.o
 *fill*         0x00416e0f        0x1 
 .rodata.calibri_36_0x41
                0x00416e10       0x10 src/main.o
 .rodata.image_data_calibri_36_0x42
                0x00416e20      0x8ac src/main.o
 .rodata.calibri_36_0x42
                0x004176cc       0x10 src/main.o
 .rodata.image_data_calibri_36_0x43
                0x004176dc      0x83d src/main.o
 *fill*         0x00417f19        0x3 
 .rodata.calibri_36_0x43
                0x00417f1c       0x10 src/main.o
 .rodata.image_data_calibri_36_0x44
                0x00417f2c      0x98a src/main.o
 *fill*         0x004188b6        0x2 
 .rodata.calibri_36_0x44
                0x004188b8       0x10 src/main.o
 .rodata.image_data_calibri_36_0x45
                0x004188c8      0x7ce src/main.o
 *fill*         0x00419096        0x2 
 .rodata.calibri_36_0x45
                0x00419098       0x10 src/main.o
 .rodata.image_data_calibri_36_0x46
                0x004190a8      0x75f src/main.o
 *fill*         0x00419807        0x1 
 .rodata.calibri_36_0x46
                0x00419808       0x10 src/main.o
 .rodata.image_data_calibri_36_0x47
                0x00419818      0x9f9 src/main.o
 *fill*         0x0041a211        0x3 
 .rodata.calibri_36_0x47
                0x0041a214       0x10 src/main.o
 .rodata.image_data_calibri_36_0x48
                0x0041a224      0x98a src/main.o
 *fill*         0x0041abae        0x2 
 .rodata.calibri_36_0x48
                0x0041abb0       0x10 src/main.o
 .rodata.image_data_calibri_36_0x49
                0x0041abc0      0x3e7 src/main.o
 *fill*         0x0041afa7        0x1 
 .rodata.calibri_36_0x49
                0x0041afa8       0x10 src/main.o
 .rodata.image_data_calibri_36_0x4a
                0x0041afb8      0x4c5 src/main.o
 *fill*         0x0041b47d        0x3 
 .rodata.calibri_36_0x4a
                0x0041b480       0x10 src/main.o
 .rodata.image_data_calibri_36_0x4b
                0x0041b490      0x83d src/main.o
 *fill*         0x0041bccd        0x3 
 .rodata.calibri_36_0x4b
                0x0041bcd0       0x10 src/main.o
 .rodata.image_data_calibri_36_0x4c
                0x0041bce0      0x681 src/main.o
 *fill*         0x0041c361        0x3 
 .rodata.calibri_36_0x4c
                0x0041c364       0x10 src/main.o
 .rodata.image_data_calibri_36_0x4d
                0x0041c374      0xd71 src/main.o
 *fill*         0x0041d0e5        0x3 
 .rodata.calibri_36_0x4d
                0x0041d0e8       0x10 src/main.o
 .rodata.image_data_calibri_36_0x4e
                0x0041d0f8      0x9f9 src/main.o
 *fill*         0x0041daf1        0x3 
 .rodata.calibri_36_0x4e
                0x0041daf4       0x10 src/main.o
 .rodata.image_data_calibri_36_0x4f
                0x0041db04      0xa68 src/main.o
 .rodata.calibri_36_0x4f
                0x0041e56c       0x10 src/main.o
 .rodata.image_data_calibri_36_0x50
                0x0041e57c      0x83d src/main.o
 *fill*         0x0041edb9        0x3 
 .rodata.calibri_36_0x50
                0x0041edbc       0x10 src/main.o
 .rodata.image_data_calibri_36_0x51
                0x0041edcc      0xad7 src/main.o
 *fill*         0x0041f8a3        0x1 
 .rodata.calibri_36_0x51
                0x0041f8a4       0x10 src/main.o
 .rodata.image_data_calibri_36_0x52
                0x0041f8b4      0x8ac src/main.o
 .rodata.calibri_36_0x52
                0x00420160       0x10 src/main.o
 .rodata.image_data_calibri_36_0x53
                0x00420170      0x75f src/main.o
 *fill*         0x004208cf        0x1 
 .rodata.calibri_36_0x53
                0x004208d0       0x10 src/main.o
 .rodata.image_data_calibri_36_0x54
                0x004208e0      0x7ce src/main.o
 *fill*         0x004210ae        0x2 
 .rodata.calibri_36_0x54
                0x004210b0       0x10 src/main.o
 .rodata.image_data_calibri_36_0x55
                0x004210c0      0x9f9 src/main.o
 *fill*         0x00421ab9        0x3 
 .rodata.calibri_36_0x55
                0x00421abc       0x10 src/main.o
 .rodata.image_data_calibri_36_0x56
                0x00421acc      0x8ac src/main.o
 .rodata.calibri_36_0x56
                0x00422378       0x10 src/main.o
 .rodata.image_data_calibri_36_0x57
                0x00422388      0xde0 src/main.o
 .rodata.calibri_36_0x57
                0x00423168       0x10 src/main.o
 .rodata.image_data_calibri_36_0x58
                0x00423178      0x83d src/main.o
 *fill*         0x004239b5        0x3 
 .rodata.calibri_36_0x58
                0x004239b8       0x10 src/main.o
 .rodata.image_data_calibri_36_0x59
                0x004239c8      0x7ce src/main.o
 *fill*         0x00424196        0x2 
 .rodata.calibri_36_0x59
                0x00424198       0x10 src/main.o
 .rodata.image_data_calibri_36_0x5a
                0x004241a8      0x75f src/main.o
 *fill*         0x00424907        0x1 
 .rodata.calibri_36_0x5a
                0x00424908       0x10 src/main.o
 .rodata.image_data_calibri_36_0x5b
                0x00424918      0x4c5 src/main.o
 *fill*         0x00424ddd        0x3 
 .rodata.calibri_36_0x5b
                0x00424de0       0x10 src/main.o
 .rodata.image_data_calibri_36_0x5c
                0x00424df0      0x612 src/main.o
 *fill*         0x00425402        0x2 
 .rodata.calibri_36_0x5c
                0x00425404       0x10 src/main.o
 .rodata.image_data_calibri_36_0x5d
                0x00425414      0x4c5 src/main.o
 *fill*         0x004258d9        0x3 
 .rodata.calibri_36_0x5d
                0x004258dc       0x10 src/main.o
 .rodata.image_data_calibri_36_0x5e
                0x004258ec      0x7ce src/main.o
 *fill*         0x004260ba        0x2 
 .rodata.calibri_36_0x5e
                0x004260bc       0x10 src/main.o
 .rodata.image_data_calibri_36_0x5f
                0x004260cc      0x7ce src/main.o
 *fill*         0x0042689a        0x2 
 .rodata.calibri_36_0x5f
                0x0042689c       0x10 src/main.o
 .rodata.image_data_calibri_36_0x60
                0x004268ac      0x456 src/main.o
 *fill*         0x00426d02        0x2 
 .rodata.calibri_36_0x60
                0x00426d04       0x10 src/main.o
 .rodata.image_data_calibri_36_0x61
                0x00426d14      0x75f src/main.o
 *fill*         0x00427473        0x1 
 .rodata.calibri_36_0x61
                0x00427474       0x10 src/main.o
 .rodata.image_data_calibri_36_0x62
                0x00427484      0x83d src/main.o
 *fill*         0x00427cc1        0x3 
 .rodata.calibri_36_0x62
                0x00427cc4       0x10 src/main.o
 .rodata.image_data_calibri_36_0x63
                0x00427cd4      0x681 src/main.o
 *fill*         0x00428355        0x3 
 .rodata.calibri_36_0x63
                0x00428358       0x10 src/main.o
 .rodata.image_data_calibri_36_0x64
                0x00428368      0x83d src/main.o
 *fill*         0x00428ba5        0x3 
 .rodata.calibri_36_0x64
                0x00428ba8       0x10 src/main.o
 .rodata.image_data_calibri_36_0x65
                0x00428bb8      0x7ce src/main.o
 *fill*         0x00429386        0x2 
 .rodata.calibri_36_0x65
                0x00429388       0x10 src/main.o
 .rodata.image_data_calibri_36_0x66
                0x00429398      0x4c5 src/main.o
 *fill*         0x0042985d        0x3 
 .rodata.calibri_36_0x66
                0x00429860       0x10 src/main.o
 .rodata.image_data_calibri_36_0x67
                0x00429870      0x75f src/main.o
 *fill*         0x00429fcf        0x1 
 .rodata.calibri_36_0x67
                0x00429fd0       0x10 src/main.o
 .rodata.image_data_calibri_36_0x68
                0x00429fe0      0x83d src/main.o
 *fill*         0x0042a81d        0x3 
 .rodata.calibri_36_0x68
                0x0042a820       0x10 src/main.o
 .rodata.image_data_calibri_36_0x69
                0x0042a830      0x378 src/main.o
 .rodata.calibri_36_0x69
                0x0042aba8       0x10 src/main.o
 .rodata.image_data_calibri_36_0x6a
                0x0042abb8      0x3e7 src/main.o
 *fill*         0x0042af9f        0x1 
 .rodata.calibri_36_0x6a
                0x0042afa0       0x10 src/main.o
 .rodata.image_data_calibri_36_0x6b
                0x0042afb0      0x6f0 src/main.o
 .rodata.calibri_36_0x6b
                0x0042b6a0       0x10 src/main.o
 .rodata.image_data_calibri_36_0x6c
                0x0042b6b0      0x378 src/main.o
 .rodata.calibri_36_0x6c
                0x0042ba28       0x10 src/main.o
 .rodata.image_data_calibri_36_0x6d
                0x0042ba38      0xc93 src/main.o
 *fill*         0x0042c6cb        0x1 
 .rodata.calibri_36_0x6d
                0x0042c6cc       0x10 src/main.o
 .rodata.image_data_calibri_36_0x6e
                0x0042c6dc      0x83d src/main.o
 *fill*         0x0042cf19        0x3 
 .rodata.calibri_36_0x6e
                0x0042cf1c       0x10 src/main.o
 .rodata.image_data_calibri_36_0x6f
                0x0042cf2c      0x83d src/main.o
 *fill*         0x0042d769        0x3 
 .rodata.calibri_36_0x6f
                0x0042d76c       0x10 src/main.o
 .rodata.image_data_calibri_36_0x70
                0x0042d77c      0x83d src/main.o
 *fill*         0x0042dfb9        0x3 
 .rodata.calibri_36_0x70
                0x0042dfbc       0x10 src/main.o
 .rodata.image_data_calibri_36_0x71
                0x0042dfcc      0x83d src/main.o
 *fill*         0x0042e809        0x3 
 .rodata.calibri_36_0x71
                0x0042e80c       0x10 src/main.o
 .rodata.image_data_calibri_36_0x72
                0x0042e81c      0x5a3 src/main.o
 *fill*         0x0042edbf        0x1 
 .rodata.calibri_36_0x72
                0x0042edc0       0x10 src/main.o
 .rodata.image_data_calibri_36_0x73
                0x0042edd0      0x612 src/main.o
 *fill*         0x0042f3e2        0x2 
 .rodata.calibri_36_0x73
                0x0042f3e4       0x10 src/main.o
 .rodata.image_data_calibri_36_0x74
                0x0042f3f4      0x534 src/main.o
 .rodata.calibri_36_0x74
                0x0042f928       0x10 src/main.o
 .rodata.image_data_calibri_36_0x75
                0x0042f938      0x83d src/main.o
 *fill*         0x00430175        0x3 
 .rodata.calibri_36_0x75
                0x00430178       0x10 src/main.o
 .rodata.image_data_calibri_36_0x76
                0x00430188      0x6f0 src/main.o
 .rodata.calibri_36_0x76
                0x00430878       0x10 src/main.o
 .rodata.image_data_calibri_36_0x77
                0x00430888      0xb46 src/main.o
 *fill*         0x004313ce        0x2 
 .rodata.calibri_36_0x77
                0x004313d0       0x10 src/main.o
 .rodata.image_data_calibri_36_0x78
                0x004313e0      0x6f0 src/main.o
 .rodata.calibri_36_0x78
                0x00431ad0       0x10 src/main.o
 .rodata.image_data_calibri_36_0x79
                0x00431ae0      0x6f0 src/main.o
 .rodata.calibri_36_0x79
                0x004321d0       0x10 src/main.o
 .rodata.image_data_calibri_36_0x7a
                0x004321e0      0x612 src/main.o
 *fill*         0x004327f2        0x2 
 .rodata.calibri_36_0x7a
                0x004327f4       0x10 src/main.o
 .rodata.image_data_calibri_36_0x7b
                0x00432804      0x4c5 src/main.o
 *fill*         0x00432cc9        0x3 
 .rodata.calibri_36_0x7b
                0x00432ccc       0x10 src/main.o
 .rodata.image_data_calibri_36_0x7c
                0x00432cdc      0x75f src/main.o
 *fill*         0x0043343b        0x1 
 .rodata.calibri_36_0x7c
                0x0043343c       0x10 src/main.o
 .rodata.image_data_calibri_36_0x7d
                0x0043344c      0x4c5 src/main.o
 *fill*         0x00433911        0x3 
 .rodata.calibri_36_0x7d
                0x00433914       0x10 src/main.o
 .rodata.image_data_calibri_36_0x7e
                0x00433924      0x7ce src/main.o
 *fill*         0x004340f2        0x2 
 .rodata.calibri_36_0x7e
                0x004340f4       0x10 src/main.o
 .rodata.calibri_36_array
                0x00434104      0x2f8 src/main.o
 .rodata.calibri_36
                0x004343fc        0xc src/main.o
                0x004343fc                calibri_36
 .rodata        0x00434408       0x31 src/main.o
 *fill*         0x00434439        0x3 
 .rodata._global_impure_ptr
                0x0043443c        0x4 c:/program files (x86)/atmel/studio/7.0/toolchain/arm/arm-gnu-toolchain/bin/../lib/gcc/arm-none-eabi/6.3.1/../../../../arm-none-eabi/lib/thumb/v7e-m\libc.a(lib_a-impure.o)
                0x0043443c                _global_impure_ptr
 .rodata._svfprintf_r.str1.4
                0x00434440       0x42 c:/program files (x86)/atmel/studio/7.0/toolchain/arm/arm-gnu-toolchain/bin/../lib/gcc/arm-none-eabi/6.3.1/../../../../arm-none-eabi/lib/thumb/v7e-m\libc.a(lib_a-svfprintf.o)
 *fill*         0x00434482        0x2 
 .rodata.blanks.7223
                0x00434484       0x10 c:/program files (x86)/atmel/studio/7.0/toolchain/arm/arm-gnu-toolchain/bin/../lib/gcc/arm-none-eabi/6.3.1/../../../../arm-none-eabi/lib/thumb/v7e-m\libc.a(lib_a-svfprintf.o)
 .rodata.zeroes.7224
                0x00434494       0x10 c:/program files (x86)/atmel/studio/7.0/toolchain/arm/arm-gnu-toolchain/bin/../lib/gcc/arm-none-eabi/6.3.1/../../../../arm-none-eabi/lib/thumb/v7e-m\libc.a(lib_a-svfprintf.o)
 .rodata._dtoa_r.str1.4
                0x004344a4       0x10 c:/program files (x86)/atmel/studio/7.0/toolchain/arm/arm-gnu-toolchain/bin/../lib/gcc/arm-none-eabi/6.3.1/../../../../arm-none-eabi/lib/thumb/v7e-m\libc.a(lib_a-dtoa.o)
                                 0x12 (size before relaxing)
 *fill*         0x004344b4        0x4 
 .rodata.__mprec_bigtens
                0x004344b8       0x28 c:/program files (x86)/atmel/studio/7.0/toolchain/arm/arm-gnu-toolchain/bin/../lib/gcc/arm-none-eabi/6.3.1/../../../../arm-none-eabi/lib/thumb/v7e-m\libc.a(lib_a-mprec.o)
                0x004344b8                __mprec_bigtens
 .rodata.__mprec_tens
                0x004344e0       0xc8 c:/program files (x86)/atmel/studio/7.0/toolchain/arm/arm-gnu-toolchain/bin/../lib/gcc/arm-none-eabi/6.3.1/../../../../arm-none-eabi/lib/thumb/v7e-m\libc.a(lib_a-mprec.o)
                0x004344e0                __mprec_tens
 .rodata.p05.6055
                0x004345a8        0xc c:/program files (x86)/atmel/studio/7.0/toolchain/arm/arm-gnu-toolchain/bin/../lib/gcc/arm-none-eabi/6.3.1/../../../../arm-none-eabi/lib/thumb/v7e-m\libc.a(lib_a-mprec.o)
 .rodata._setlocale_r.str1.4
                0x004345b4        0xa c:/program files (x86)/atmel/studio/7.0/toolchain/arm/arm-gnu-toolchain/bin/../lib/gcc/arm-none-eabi/6.3.1/../../../../arm-none-eabi/lib/thumb/v7e-m\libc.a(lib_a-locale.o)
                                  0xd (size before relaxing)
 *fill*         0x004345be        0x2 
 .rodata.str1.4
                0x004345c0        0x4 c:/program files (x86)/atmel/studio/7.0/toolchain/arm/arm-gnu-toolchain/bin/../lib/gcc/arm-none-eabi/6.3.1/../../../../arm-none-eabi/lib/thumb/v7e-m\libc.a(lib_a-locale.o)
                                  0x2 (size before relaxing)
 .rodata._ctype_
                0x004345c4      0x101 c:/program files (x86)/atmel/studio/7.0/toolchain/arm/arm-gnu-toolchain/bin/../lib/gcc/arm-none-eabi/6.3.1/../../../../arm-none-eabi/lib/thumb/v7e-m\libc.a(lib_a-ctype_.o)
                0x004345c4                _ctype_
 *(.ARM.extab* .gnu.linkonce.armextab.*)
                0x004346c8                . = ALIGN (0x4)
 *fill*         0x004346c5        0x3 
 *(.init)
 .init          0x004346c8        0x4 c:/program files (x86)/atmel/studio/7.0/toolchain/arm/arm-gnu-toolchain/bin/../lib/gcc/arm-none-eabi/6.3.1/thumb/v7e-m/crti.o
                0x004346c8                _init
 .init          0x004346cc        0x8 c:/program files (x86)/atmel/studio/7.0/toolchain/arm/arm-gnu-toolchain/bin/../lib/gcc/arm-none-eabi/6.3.1/thumb/v7e-m/crtn.o
                0x004346d4                . = ALIGN (0x4)
                0x004346d4                __preinit_array_start = .
 *(.preinit_array)
                0x004346d4                __preinit_array_end = .
                0x004346d4                . = ALIGN (0x4)
                0x004346d4                __init_array_start = .
 *(SORT(.init_array.*))
 .init_array.00000
                0x004346d4        0x4 c:/program files (x86)/atmel/studio/7.0/toolchain/arm/arm-gnu-toolchain/bin/../lib/gcc/arm-none-eabi/6.3.1/../../../../arm-none-eabi/lib/thumb/v7e-m\libc.a(lib_a-__call_atexit.o)
 *(.init_array)
 .init_array    0x004346d8        0x4 c:/program files (x86)/atmel/studio/7.0/toolchain/arm/arm-gnu-toolchain/bin/../lib/gcc/arm-none-eabi/6.3.1/thumb/v7e-m/crtbegin.o
                0x004346dc                __init_array_end = .
                0x004346dc                . = ALIGN (0x4)
 *crtbegin.o(.ctors)
 *(EXCLUDE_FILE(*crtend.o) .ctors)
 *(SORT(.ctors.*))
 *crtend.o(.ctors)
                0x004346dc                . = ALIGN (0x4)
 *(.fini)
 .fini          0x004346dc        0x4 c:/program files (x86)/atmel/studio/7.0/toolchain/arm/arm-gnu-toolchain/bin/../lib/gcc/arm-none-eabi/6.3.1/thumb/v7e-m/crti.o
                0x004346dc                _fini
 .fini          0x004346e0        0x8 c:/program files (x86)/atmel/studio/7.0/toolchain/arm/arm-gnu-toolchain/bin/../lib/gcc/arm-none-eabi/6.3.1/thumb/v7e-m/crtn.o
                0x004346e8                . = ALIGN (0x4)
                0x004346e8                __fini_array_start = .
 *(.fini_array)
 .fini_array    0x004346e8        0x4 c:/program files (x86)/atmel/studio/7.0/toolchain/arm/arm-gnu-toolchain/bin/../lib/gcc/arm-none-eabi/6.3.1/thumb/v7e-m/crtbegin.o
 *(SORT(.fini_array.*))
                0x004346ec                __fini_array_end = .
 *crtbegin.o(.dtors)
 *(EXCLUDE_FILE(*crtend.o) .dtors)
 *(SORT(.dtors.*))
 *crtend.o(.dtors)
                0x004346ec                . = ALIGN (0x4)
                0x004346ec                _efixed = .
                [!provide]                PROVIDE (__exidx_start, .)

.vfp11_veneer   0x004346ec        0x0
 .vfp11_veneer  0x004346ec        0x0 linker stubs

.v4_bx          0x004346ec        0x0
 .v4_bx         0x004346ec        0x0 linker stubs

.iplt           0x004346ec        0x0
 .iplt          0x004346ec        0x0 c:/program files (x86)/atmel/studio/7.0/toolchain/arm/arm-gnu-toolchain/bin/../lib/gcc/arm-none-eabi/6.3.1/thumb/v7e-m/crtbegin.o

.ARM.exidx      0x004346ec        0x8
 *(.ARM.exidx* .gnu.linkonce.armexidx.*)
 .ARM.exidx     0x004346ec        0x8 c:/program files (x86)/atmel/studio/7.0/toolchain/arm/arm-gnu-toolchain/bin/../lib/gcc/arm-none-eabi/6.3.1/thumb/v7e-m\libgcc.a(_udivmoddi4.o)
                [!provide]                PROVIDE (__exidx_end, .)

.eh_frame       0x004346f4        0x0
 .eh_frame      0x004346f4        0x0 c:/program files (x86)/atmel/studio/7.0/toolchain/arm/arm-gnu-toolchain/bin/../lib/gcc/arm-none-eabi/6.3.1/thumb/v7e-m/crtbegin.o

.rel.dyn        0x004346f4        0x0
 .rel.iplt      0x004346f4        0x0 c:/program files (x86)/atmel/studio/7.0/toolchain/arm/arm-gnu-toolchain/bin/../lib/gcc/arm-none-eabi/6.3.1/thumb/v7e-m/crtbegin.o

.jcr            0x004346f4        0x0
 .jcr           0x004346f4        0x0 c:/program files (x86)/atmel/studio/7.0/toolchain/arm/arm-gnu-toolchain/bin/../lib/gcc/arm-none-eabi/6.3.1/thumb/v7e-m/crtbegin.o

.igot.plt       0x004346f4        0x0
 .igot.plt      0x004346f4        0x0 c:/program files (x86)/atmel/studio/7.0/toolchain/arm/arm-gnu-toolchain/bin/../lib/gcc/arm-none-eabi/6.3.1/thumb/v7e-m/crtbegin.o
                0x004346f4                . = ALIGN (0x4)
                0x004346f4                _etext = .

.relocate       0x20400000      0x9b8 load address 0x004346f4
                0x20400000                . = ALIGN (0x4)
                0x20400000                _srelocate = .
 *(.ramfunc .ramfunc.*)
 *(.data .data.*)
 .data.g_interrupt_enabled
                0x20400000        0x1 src/ASF/common/utils/interrupt/interrupt_sam_nvic.o
                0x20400000                g_interrupt_enabled
 *fill*         0x20400001        0x3 
 .data.SystemCoreClock
                0x20400004        0x4 src/ASF/sam/utils/cmsis/same70/source/templates/system_same70.o
                0x20400004                SystemCoreClock
 .data._impure_ptr
                0x20400008        0x4 c:/program files (x86)/atmel/studio/7.0/toolchain/arm/arm-gnu-toolchain/bin/../lib/gcc/arm-none-eabi/6.3.1/../../../../arm-none-eabi/lib/thumb/v7e-m\libc.a(lib_a-impure.o)
                0x20400008                _impure_ptr
 *fill*         0x2040000c        0x4 
 .data.impure_data
                0x20400010      0x428 c:/program files (x86)/atmel/studio/7.0/toolchain/arm/arm-gnu-toolchain/bin/../lib/gcc/arm-none-eabi/6.3.1/../../../../arm-none-eabi/lib/thumb/v7e-m\libc.a(lib_a-impure.o)
 .data.__atexit_recursive_mutex
                0x20400438        0x4 c:/program files (x86)/atmel/studio/7.0/toolchain/arm/arm-gnu-toolchain/bin/../lib/gcc/arm-none-eabi/6.3.1/../../../../arm-none-eabi/lib/thumb/v7e-m\libc.a(lib_a-__call_atexit.o)
                0x20400438                __atexit_recursive_mutex
 .data.__malloc_av_
                0x2040043c      0x408 c:/program files (x86)/atmel/studio/7.0/toolchain/arm/arm-gnu-toolchain/bin/../lib/gcc/arm-none-eabi/6.3.1/../../../../arm-none-eabi/lib/thumb/v7e-m\libc.a(lib_a-mallocr.o)
                0x2040043c                __malloc_av_
 .data.__malloc_sbrk_base
                0x20400844        0x4 c:/program files (x86)/atmel/studio/7.0/toolchain/arm/arm-gnu-toolchain/bin/../lib/gcc/arm-none-eabi/6.3.1/../../../../arm-none-eabi/lib/thumb/v7e-m\libc.a(lib_a-mallocr.o)
                0x20400844                __malloc_sbrk_base
 .data.__malloc_trim_threshold
                0x20400848        0x4 c:/program files (x86)/atmel/studio/7.0/toolchain/arm/arm-gnu-toolchain/bin/../lib/gcc/arm-none-eabi/6.3.1/../../../../arm-none-eabi/lib/thumb/v7e-m\libc.a(lib_a-mallocr.o)
                0x20400848                __malloc_trim_threshold
 .data.__global_locale
                0x2040084c      0x16c c:/program files (x86)/atmel/studio/7.0/toolchain/arm/arm-gnu-toolchain/bin/../lib/gcc/arm-none-eabi/6.3.1/../../../../arm-none-eabi/lib/thumb/v7e-m\libc.a(lib_a-locale.o)
                0x2040084c                __global_locale
                0x204009b8                . = ALIGN (0x4)
                0x204009b8                _erelocate = .

.bss            0x204009b8      0x4cc load address 0x004350ac
                0x204009b8                . = ALIGN (0x4)
                0x204009b8                _sbss = .
                0x204009b8                _szero = .
 *(.bss .bss.*)
 .bss           0x204009b8       0x1c c:/program files (x86)/atmel/studio/7.0/toolchain/arm/arm-gnu-toolchain/bin/../lib/gcc/arm-none-eabi/6.3.1/thumb/v7e-m/crtbegin.o
 .bss.g_wobits_in_rtt_mr
                0x204009d4        0x4 src/ASF/sam/drivers/rtt/rtt.o
 .bss.f_rtt_alarme
                0x204009d8        0x1 src/main.o
                0x204009d8                f_rtt_alarme
 *fill*         0x204009d9        0x3 
 .bss.buttonpress
                0x204009dc        0x4 src/main.o
                0x204009dc                buttonpress
 .bss.g_ul_pixel_cache
                0x204009e0      0x3c0 src/ASF/sam/components/display/ili9488/ili9488.o
 .bss.gs_interrupt_sources
                0x20400da0       0x70 src/ASF/sam/drivers/pio/pio_handler.o
 .bss.gs_ul_nb_sources
                0x20400e10        0x4 src/ASF/sam/drivers/pio/pio_handler.o
 .bss.heap.6420
                0x20400e14        0x4 src/ASF/sam/utils/syscalls/gcc/syscalls.o
 .bss.__malloc_current_mallinfo
                0x20400e18       0x28 c:/program files (x86)/atmel/studio/7.0/toolchain/arm/arm-gnu-toolchain/bin/../lib/gcc/arm-none-eabi/6.3.1/../../../../arm-none-eabi/lib/thumb/v7e-m\libc.a(lib_a-mallocr.o)
                0x20400e18                __malloc_current_mallinfo
 .bss.__malloc_max_sbrked_mem
                0x20400e40        0x4 c:/program files (x86)/atmel/studio/7.0/toolchain/arm/arm-gnu-toolchain/bin/../lib/gcc/arm-none-eabi/6.3.1/../../../../arm-none-eabi/lib/thumb/v7e-m\libc.a(lib_a-mallocr.o)
                0x20400e40                __malloc_max_sbrked_mem
 .bss.__malloc_max_total_mem
                0x20400e44        0x4 c:/program files (x86)/atmel/studio/7.0/toolchain/arm/arm-gnu-toolchain/bin/../lib/gcc/arm-none-eabi/6.3.1/../../../../arm-none-eabi/lib/thumb/v7e-m\libc.a(lib_a-mallocr.o)
                0x20400e44                __malloc_max_total_mem
 .bss.__malloc_top_pad
                0x20400e48        0x4 c:/program files (x86)/atmel/studio/7.0/toolchain/arm/arm-gnu-toolchain/bin/../lib/gcc/arm-none-eabi/6.3.1/../../../../arm-none-eabi/lib/thumb/v7e-m\libc.a(lib_a-mallocr.o)
                0x20400e48                __malloc_top_pad
 *(COMMON)
 COMMON         0x20400e4c       0x10 src/main.o
                0x20400e4c                g_ili9488_display_opt
 COMMON         0x20400e5c       0x21 c:/program files (x86)/atmel/studio/7.0/toolchain/arm/arm-gnu-toolchain/bin/../lib/gcc/arm-none-eabi/6.3.1/../../../../arm-none-eabi/lib/thumb/v7e-m\libc.a(lib_a-lock.o)
                0x20400e5c                __lock___atexit_recursive_mutex
                0x20400e60                __lock___arc4random_mutex
                0x20400e64                __lock___env_recursive_mutex
                0x20400e68                __lock___sinit_recursive_mutex
                0x20400e6c                __lock___malloc_recursive_mutex
                0x20400e70                __lock___at_quick_exit_mutex
                0x20400e74                __lock___dd_hash_mutex
                0x20400e78                __lock___tz_mutex
                0x20400e7c                __lock___sfp_recursive_mutex
 *fill*         0x20400e7d        0x3 
 COMMON         0x20400e80        0x4 c:/program files (x86)/atmel/studio/7.0/toolchain/arm/arm-gnu-toolchain/bin/../lib/gcc/arm-none-eabi/6.3.1/../../../../arm-none-eabi/lib/thumb/v7e-m\libc.a(lib_a-reent.o)
                0x20400e80                errno
                0x20400e84                . = ALIGN (0x4)
                0x20400e84                _ebss = .
                0x20400e84                _ezero = .

.stack          0x20400e84     0x2004 load address 0x00435578
                0x20400e88                . = ALIGN (0x8)
 *fill*         0x20400e84        0x4 
                0x20400e88                _sstack = .
                0x20402e88                . = (. + STACK_SIZE)
 *fill*         0x20400e88     0x2000 
                0x20402e88                . = ALIGN (0x8)
                0x20402e88                _estack = .

.heap           0x20402e88      0x200 load address 0x0043757c
                0x20402e88                . = ALIGN (0x8)
                0x20402e88                _sheap = .
                0x20403088                . = (. + HEAP_SIZE)
 *fill*         0x20402e88      0x200 
                0x20403088                . = ALIGN (0x8)
                0x20403088                _eheap = .
                0x20403088                . = ALIGN (0x4)
                0x20403088                _end = .
                0x2045ffff                _ram_end_ = ((ORIGIN (ram) + LENGTH (ram)) - 0x1)
OUTPUT(SAME70_FONTS.elf elf32-littlearm)

.ARM.attributes
                0x00000000       0x2e
 .ARM.attributes
                0x00000000       0x1e c:/program files (x86)/atmel/studio/7.0/toolchain/arm/arm-gnu-toolchain/bin/../lib/gcc/arm-none-eabi/6.3.1/thumb/v7e-m/crti.o
 .ARM.attributes
                0x0000001e       0x2e c:/program files (x86)/atmel/studio/7.0/toolchain/arm/arm-gnu-toolchain/bin/../lib/gcc/arm-none-eabi/6.3.1/thumb/v7e-m/crtbegin.o
 .ARM.attributes
                0x0000004c       0x37 src/ASF/sam/drivers/rtt/rtt.o
 .ARM.attributes
                0x00000083       0x37 src/main.o
 .ARM.attributes
                0x000000ba       0x37 src/ASF/common/services/spi/sam_spi/spi_master.o
 .ARM.attributes
                0x000000f1       0x37 src/ASF/sam/components/display/ili9488/ili9488.o
 .ARM.attributes
                0x00000128       0x37 src/ASF/sam/drivers/spi/spi.o
 .ARM.attributes
                0x0000015f       0x37 src/ASF/common/services/clock/same70/sysclk.o
 .ARM.attributes
                0x00000196       0x37 src/ASF/common/utils/interrupt/interrupt_sam_nvic.o
 .ARM.attributes
                0x000001cd       0x37 src/ASF/sam/boards/same70_xplained/init.o
 .ARM.attributes
                0x00000204       0x37 src/ASF/sam/drivers/pio/pio.o
 .ARM.attributes
                0x0000023b       0x37 src/ASF/sam/drivers/pio/pio_handler.o
 .ARM.attributes
                0x00000272       0x37 src/ASF/sam/drivers/pmc/pmc.o
 .ARM.attributes
                0x000002a9       0x37 src/ASF/sam/utils/cmsis/same70/source/templates/gcc/startup_same70.o
 .ARM.attributes
                0x000002e0       0x37 src/ASF/sam/utils/cmsis/same70/source/templates/system_same70.o
 .ARM.attributes
                0x00000317       0x37 src/ASF/sam/utils/syscalls/gcc/syscalls.o
 .ARM.attributes
                0x0000034e       0x1e c:/program files (x86)/atmel/studio/7.0/toolchain/arm/arm-gnu-toolchain/bin/../lib/gcc/arm-none-eabi/6.3.1/thumb/v7e-m\libgcc.a(_arm_addsubdf3.o)
 .ARM.attributes
                0x0000036c       0x1e c:/program files (x86)/atmel/studio/7.0/toolchain/arm/arm-gnu-toolchain/bin/../lib/gcc/arm-none-eabi/6.3.1/thumb/v7e-m\libgcc.a(_arm_muldivdf3.o)
 .ARM.attributes
                0x0000038a       0x1e c:/program files (x86)/atmel/studio/7.0/toolchain/arm/arm-gnu-toolchain/bin/../lib/gcc/arm-none-eabi/6.3.1/thumb/v7e-m\libgcc.a(_arm_fixdfsi.o)
 .ARM.attributes
                0x000003a8       0x2e c:/program files (x86)/atmel/studio/7.0/toolchain/arm/arm-gnu-toolchain/bin/../lib/gcc/arm-none-eabi/6.3.1/../../../../arm-none-eabi/lib/thumb/v7e-m\libc.a(lib_a-impure.o)
 .ARM.attributes
                0x000003d6       0x2e c:/program files (x86)/atmel/studio/7.0/toolchain/arm/arm-gnu-toolchain/bin/../lib/gcc/arm-none-eabi/6.3.1/../../../../arm-none-eabi/lib/thumb/v7e-m\libc.a(lib_a-init.o)
 .ARM.attributes
                0x00000404       0x2e c:/program files (x86)/atmel/studio/7.0/toolchain/arm/arm-gnu-toolchain/bin/../lib/gcc/arm-none-eabi/6.3.1/../../../../arm-none-eabi/lib/thumb/v7e-m\libc.a(lib_a-memset.o)
 .ARM.attributes
                0x00000432       0x2e c:/program files (x86)/atmel/studio/7.0/toolchain/arm/arm-gnu-toolchain/bin/../lib/gcc/arm-none-eabi/6.3.1/../../../../arm-none-eabi/lib/thumb/v7e-m\libc.a(lib_a-sprintf.o)
 .ARM.attributes
                0x00000460       0x2e c:/program files (x86)/atmel/studio/7.0/toolchain/arm/arm-gnu-toolchain/bin/../lib/gcc/arm-none-eabi/6.3.1/../../../../arm-none-eabi/lib/thumb/v7e-m\libc.a(lib_a-svfprintf.o)
 .ARM.attributes
                0x0000048e       0x2e c:/program files (x86)/atmel/studio/7.0/toolchain/arm/arm-gnu-toolchain/bin/../lib/gcc/arm-none-eabi/6.3.1/../../../../arm-none-eabi/lib/thumb/v7e-m\libc.a(lib_a-__call_atexit.o)
 .ARM.attributes
                0x000004bc       0x2e c:/program files (x86)/atmel/studio/7.0/toolchain/arm/arm-gnu-toolchain/bin/../lib/gcc/arm-none-eabi/6.3.1/../../../../arm-none-eabi/lib/thumb/v7e-m\libc.a(lib_a-atexit.o)
 .ARM.attributes
                0x000004ea       0x2e c:/program files (x86)/atmel/studio/7.0/toolchain/arm/arm-gnu-toolchain/bin/../lib/gcc/arm-none-eabi/6.3.1/../../../../arm-none-eabi/lib/thumb/v7e-m\libc.a(lib_a-dtoa.o)
 .ARM.attributes
                0x00000518       0x2e c:/program files (x86)/atmel/studio/7.0/toolchain/arm/arm-gnu-toolchain/bin/../lib/gcc/arm-none-eabi/6.3.1/../../../../arm-none-eabi/lib/thumb/v7e-m\libc.a(lib_a-fini.o)
 .ARM.attributes
                0x00000546       0x2e c:/program files (x86)/atmel/studio/7.0/toolchain/arm/arm-gnu-toolchain/bin/../lib/gcc/arm-none-eabi/6.3.1/../../../../arm-none-eabi/lib/thumb/v7e-m\libc.a(lib_a-localeconv.o)
 .ARM.attributes
                0x00000574       0x2e c:/program files (x86)/atmel/studio/7.0/toolchain/arm/arm-gnu-toolchain/bin/../lib/gcc/arm-none-eabi/6.3.1/../../../../arm-none-eabi/lib/thumb/v7e-m\libc.a(lib_a-lock.o)
 .ARM.attributes
                0x000005a2       0x2e c:/program files (x86)/atmel/studio/7.0/toolchain/arm/arm-gnu-toolchain/bin/../lib/gcc/arm-none-eabi/6.3.1/../../../../arm-none-eabi/lib/thumb/v7e-m\libc.a(lib_a-mallocr.o)
 .ARM.attributes
                0x000005d0       0x1c c:/program files (x86)/atmel/studio/7.0/toolchain/arm/arm-gnu-toolchain/bin/../lib/gcc/arm-none-eabi/6.3.1/../../../../arm-none-eabi/lib/thumb/v7e-m\libc.a(lib_a-memchr.o)
 .ARM.attributes
                0x000005ec       0x1c c:/program files (x86)/atmel/studio/7.0/toolchain/arm/arm-gnu-toolchain/bin/../lib/gcc/arm-none-eabi/6.3.1/../../../../arm-none-eabi/lib/thumb/v7e-m\libc.a(lib_a-memcpy.o)
 .ARM.attributes
                0x00000608       0x2e c:/program files (x86)/atmel/studio/7.0/toolchain/arm/arm-gnu-toolchain/bin/../lib/gcc/arm-none-eabi/6.3.1/../../../../arm-none-eabi/lib/thumb/v7e-m\libc.a(lib_a-mlock.o)
 .ARM.attributes
                0x00000636       0x2e c:/program files (x86)/atmel/studio/7.0/toolchain/arm/arm-gnu-toolchain/bin/../lib/gcc/arm-none-eabi/6.3.1/../../../../arm-none-eabi/lib/thumb/v7e-m\libc.a(lib_a-mprec.o)
 .ARM.attributes
                0x00000664       0x2e c:/program files (x86)/atmel/studio/7.0/toolchain/arm/arm-gnu-toolchain/bin/../lib/gcc/arm-none-eabi/6.3.1/../../../../arm-none-eabi/lib/thumb/v7e-m\libc.a(lib_a-sbrkr.o)
 .ARM.attributes
                0x00000692       0x1c c:/program files (x86)/atmel/studio/7.0/toolchain/arm/arm-gnu-toolchain/bin/../lib/gcc/arm-none-eabi/6.3.1/../../../../arm-none-eabi/lib/thumb/v7e-m\libc.a(lib_a-strlen.o)
 .ARM.attributes
                0x000006ae       0x2e c:/program files (x86)/atmel/studio/7.0/toolchain/arm/arm-gnu-toolchain/bin/../lib/gcc/arm-none-eabi/6.3.1/../../../../arm-none-eabi/lib/thumb/v7e-m\libc.a(lib_a-svfiprintf.o)
 .ARM.attributes
                0x000006dc       0x2e c:/program files (x86)/atmel/studio/7.0/toolchain/arm/arm-gnu-toolchain/bin/../lib/gcc/arm-none-eabi/6.3.1/../../../../arm-none-eabi/lib/thumb/v7e-m\libc.a(lib_a-__atexit.o)
 .ARM.attributes
                0x0000070a       0x2e c:/program files (x86)/atmel/studio/7.0/toolchain/arm/arm-gnu-toolchain/bin/../lib/gcc/arm-none-eabi/6.3.1/../../../../arm-none-eabi/lib/thumb/v7e-m\libc.a(lib_a-callocr.o)
 .ARM.attributes
                0x00000738       0x2e c:/program files (x86)/atmel/studio/7.0/toolchain/arm/arm-gnu-toolchain/bin/../lib/gcc/arm-none-eabi/6.3.1/../../../../arm-none-eabi/lib/thumb/v7e-m\libc.a(lib_a-freer.o)
 .ARM.attributes
                0x00000766       0x2e c:/program files (x86)/atmel/studio/7.0/toolchain/arm/arm-gnu-toolchain/bin/../lib/gcc/arm-none-eabi/6.3.1/../../../../arm-none-eabi/lib/thumb/v7e-m\libc.a(lib_a-locale.o)
 .ARM.attributes
                0x00000794       0x2e c:/program files (x86)/atmel/studio/7.0/toolchain/arm/arm-gnu-toolchain/bin/../lib/gcc/arm-none-eabi/6.3.1/../../../../arm-none-eabi/lib/thumb/v7e-m\libc.a(lib_a-mbtowc_r.o)
 .ARM.attributes
                0x000007c2       0x2e c:/program files (x86)/atmel/studio/7.0/toolchain/arm/arm-gnu-toolchain/bin/../lib/gcc/arm-none-eabi/6.3.1/../../../../arm-none-eabi/lib/thumb/v7e-m\libc.a(lib_a-memmove.o)
 .ARM.attributes
                0x000007f0       0x2e c:/program files (x86)/atmel/studio/7.0/toolchain/arm/arm-gnu-toolchain/bin/../lib/gcc/arm-none-eabi/6.3.1/../../../../arm-none-eabi/lib/thumb/v7e-m\libc.a(lib_a-reallocr.o)
 .ARM.attributes
                0x0000081e       0x2e c:/program files (x86)/atmel/studio/7.0/toolchain/arm/arm-gnu-toolchain/bin/../lib/gcc/arm-none-eabi/6.3.1/../../../../arm-none-eabi/lib/thumb/v7e-m\libc.a(lib_a-reent.o)
 .ARM.attributes
                0x0000084c       0x2e c:/program files (x86)/atmel/studio/7.0/toolchain/arm/arm-gnu-toolchain/bin/../lib/gcc/arm-none-eabi/6.3.1/../../../../arm-none-eabi/lib/thumb/v7e-m\libc.a(lib_a-wctomb_r.o)
 .ARM.attributes
                0x0000087a       0x2e c:/program files (x86)/atmel/studio/7.0/toolchain/arm/arm-gnu-toolchain/bin/../lib/gcc/arm-none-eabi/6.3.1/../../../../arm-none-eabi/lib/thumb/v7e-m\libc.a(lib_a-ctype_.o)
 .ARM.attributes
                0x000008a8       0x1e c:/program files (x86)/atmel/studio/7.0/toolchain/arm/arm-gnu-toolchain/bin/../lib/gcc/arm-none-eabi/6.3.1/thumb/v7e-m\libgcc.a(_arm_cmpdf2.o)
 .ARM.attributes
                0x000008c6       0x1e c:/program files (x86)/atmel/studio/7.0/toolchain/arm/arm-gnu-toolchain/bin/../lib/gcc/arm-none-eabi/6.3.1/thumb/v7e-m\libgcc.a(_arm_unorddf2.o)
 .ARM.attributes
                0x000008e4       0x1e c:/program files (x86)/atmel/studio/7.0/toolchain/arm/arm-gnu-toolchain/bin/../lib/gcc/arm-none-eabi/6.3.1/thumb/v7e-m\libgcc.a(_aeabi_uldivmod.o)
 .ARM.attributes
                0x00000902       0x2e c:/program files (x86)/atmel/studio/7.0/toolchain/arm/arm-gnu-toolchain/bin/../lib/gcc/arm-none-eabi/6.3.1/thumb/v7e-m\libgcc.a(_udivmoddi4.o)
 .ARM.attributes
                0x00000930       0x1e c:/program files (x86)/atmel/studio/7.0/toolchain/arm/arm-gnu-toolchain/bin/../lib/gcc/arm-none-eabi/6.3.1/thumb/v7e-m\libgcc.a(_dvmd_tls.o)
 .ARM.attributes
                0x0000094e       0x1e c:/program files (x86)/atmel/studio/7.0/toolchain/arm/arm-gnu-toolchain/bin/../lib/gcc/arm-none-eabi/6.3.1/thumb/v7e-m/crtn.o

.comment        0x00000000       0x59
 .comment       0x00000000       0x59 src/ASF/sam/drivers/rtt/rtt.o
                                 0x5a (size before relaxing)
 .comment       0x00000059       0x5a src/main.o
 .comment       0x00000059       0x5a src/ASF/common/services/spi/sam_spi/spi_master.o
 .comment       0x00000059       0x5a src/ASF/sam/components/display/ili9488/ili9488.o
 .comment       0x00000059       0x5a src/ASF/sam/drivers/spi/spi.o
 .comment       0x00000059       0x5a src/ASF/common/services/clock/same70/sysclk.o
 .comment       0x00000059       0x5a src/ASF/common/utils/interrupt/interrupt_sam_nvic.o
 .comment       0x00000059       0x5a src/ASF/sam/boards/same70_xplained/init.o
 .comment       0x00000059       0x5a src/ASF/sam/drivers/pio/pio.o
 .comment       0x00000059       0x5a src/ASF/sam/drivers/pio/pio_handler.o
 .comment       0x00000059       0x5a src/ASF/sam/drivers/pmc/pmc.o
 .comment       0x00000059       0x5a src/ASF/sam/utils/cmsis/same70/source/templates/gcc/startup_same70.o
 .comment       0x00000059       0x5a src/ASF/sam/utils/cmsis/same70/source/templates/system_same70.o
 .comment       0x00000059       0x5a src/ASF/sam/utils/syscalls/gcc/syscalls.o

.debug_info     0x00000000    0x141ea
 .debug_info    0x00000000      0xcaf src/ASF/sam/drivers/rtt/rtt.o
 .debug_info    0x00000caf     0x33a4 src/main.o
 .debug_info    0x00004053     0x143e src/ASF/common/services/spi/sam_spi/spi_master.o
 .debug_info    0x00005491     0x208c src/ASF/sam/components/display/ili9488/ili9488.o
 .debug_info    0x0000751d     0x1123 src/ASF/sam/drivers/spi/spi.o
 .debug_info    0x00008640     0x1311 src/ASF/common/services/clock/same70/sysclk.o
 .debug_info    0x00009951      0xb06 src/ASF/common/utils/interrupt/interrupt_sam_nvic.o
 .debug_info    0x0000a457     0x1dad src/ASF/sam/boards/same70_xplained/init.o
 .debug_info    0x0000c204     0x1ce3 src/ASF/sam/drivers/pio/pio.o
 .debug_info    0x0000dee7     0x1a74 src/ASF/sam/drivers/pio/pio_handler.o
 .debug_info    0x0000f95b     0x1eed src/ASF/sam/drivers/pmc/pmc.o
 .debug_info    0x00011848     0x1612 src/ASF/sam/utils/cmsis/same70/source/templates/gcc/startup_same70.o
 .debug_info    0x00012e5a      0x5d4 src/ASF/sam/utils/cmsis/same70/source/templates/system_same70.o
 .debug_info    0x0001342e      0xdbc src/ASF/sam/utils/syscalls/gcc/syscalls.o

.debug_abbrev   0x00000000     0x24fc
 .debug_abbrev  0x00000000      0x203 src/ASF/sam/drivers/rtt/rtt.o
 .debug_abbrev  0x00000203      0x352 src/main.o
 .debug_abbrev  0x00000555      0x305 src/ASF/common/services/spi/sam_spi/spi_master.o
 .debug_abbrev  0x0000085a      0x2f4 src/ASF/sam/components/display/ili9488/ili9488.o
 .debug_abbrev  0x00000b4e      0x2cf src/ASF/sam/drivers/spi/spi.o
 .debug_abbrev  0x00000e1d      0x296 src/ASF/common/services/clock/same70/sysclk.o
 .debug_abbrev  0x000010b3      0x214 src/ASF/common/utils/interrupt/interrupt_sam_nvic.o
 .debug_abbrev  0x000012c7      0x3f4 src/ASF/sam/boards/same70_xplained/init.o
 .debug_abbrev  0x000016bb      0x296 src/ASF/sam/drivers/pio/pio.o
 .debug_abbrev  0x00001951      0x2c9 src/ASF/sam/drivers/pio/pio_handler.o
 .debug_abbrev  0x00001c1a      0x2ce src/ASF/sam/drivers/pmc/pmc.o
 .debug_abbrev  0x00001ee8      0x2e8 src/ASF/sam/utils/cmsis/same70/source/templates/gcc/startup_same70.o
 .debug_abbrev  0x000021d0      0x102 src/ASF/sam/utils/cmsis/same70/source/templates/system_same70.o
 .debug_abbrev  0x000022d2      0x22a src/ASF/sam/utils/syscalls/gcc/syscalls.o

.debug_loc      0x00000000     0x5c7a
 .debug_loc     0x00000000      0x330 src/ASF/sam/drivers/rtt/rtt.o
 .debug_loc     0x00000330      0x3fa src/main.o
 .debug_loc     0x0000072a      0x830 src/ASF/common/services/spi/sam_spi/spi_master.o
 .debug_loc     0x00000f5a      0xd20 src/ASF/sam/components/display/ili9488/ili9488.o
 .debug_loc     0x00001c7a      0x630 src/ASF/sam/drivers/spi/spi.o
 .debug_loc     0x000022aa      0x4a0 src/ASF/common/services/clock/same70/sysclk.o
 .debug_loc     0x0000274a       0xa0 src/ASF/common/utils/interrupt/interrupt_sam_nvic.o
 .debug_loc     0x000027ea      0x2fc src/ASF/sam/boards/same70_xplained/init.o
 .debug_loc     0x00002ae6     0x1174 src/ASF/sam/drivers/pio/pio.o
 .debug_loc     0x00003c5a      0x38c src/ASF/sam/drivers/pio/pio_handler.o
 .debug_loc     0x00003fe6     0x1744 src/ASF/sam/drivers/pmc/pmc.o
 .debug_loc     0x0000572a      0x16c src/ASF/sam/utils/cmsis/same70/source/templates/gcc/startup_same70.o
 .debug_loc     0x00005896       0xe4 src/ASF/sam/utils/cmsis/same70/source/templates/system_same70.o
 .debug_loc     0x0000597a      0x300 src/ASF/sam/utils/syscalls/gcc/syscalls.o

.debug_aranges  0x00000000      0xa40
 .debug_aranges
                0x00000000       0x60 src/ASF/sam/drivers/rtt/rtt.o
 .debug_aranges
                0x00000060       0x80 src/main.o
 .debug_aranges
                0x000000e0       0xe0 src/ASF/common/services/spi/sam_spi/spi_master.o
 .debug_aranges
                0x000001c0      0x168 src/ASF/sam/components/display/ili9488/ili9488.o
 .debug_aranges
                0x00000328       0xa8 src/ASF/sam/drivers/spi/spi.o
 .debug_aranges
                0x000003d0       0x98 src/ASF/common/services/clock/same70/sysclk.o
 .debug_aranges
                0x00000468       0x28 src/ASF/common/utils/interrupt/interrupt_sam_nvic.o
 .debug_aranges
                0x00000490       0x68 src/ASF/sam/boards/same70_xplained/init.o
 .debug_aranges
                0x000004f8      0x1a8 src/ASF/sam/drivers/pio/pio.o
 .debug_aranges
                0x000006a0       0x80 src/ASF/sam/drivers/pio/pio_handler.o
 .debug_aranges
                0x00000720      0x250 src/ASF/sam/drivers/pmc/pmc.o
 .debug_aranges
                0x00000970       0x40 src/ASF/sam/utils/cmsis/same70/source/templates/gcc/startup_same70.o
 .debug_aranges
                0x000009b0       0x30 src/ASF/sam/utils/cmsis/same70/source/templates/system_same70.o
 .debug_aranges
                0x000009e0       0x60 src/ASF/sam/utils/syscalls/gcc/syscalls.o

.debug_ranges   0x00000000      0x9d8
 .debug_ranges  0x00000000       0x50 src/ASF/sam/drivers/rtt/rtt.o
 .debug_ranges  0x00000050       0x70 src/main.o
 .debug_ranges  0x000000c0       0xd0 src/ASF/common/services/spi/sam_spi/spi_master.o
 .debug_ranges  0x00000190      0x158 src/ASF/sam/components/display/ili9488/ili9488.o
 .debug_ranges  0x000002e8       0x98 src/ASF/sam/drivers/spi/spi.o
 .debug_ranges  0x00000380       0x88 src/ASF/common/services/clock/same70/sysclk.o
 .debug_ranges  0x00000408       0x18 src/ASF/common/utils/interrupt/interrupt_sam_nvic.o
 .debug_ranges  0x00000420       0xd0 src/ASF/sam/boards/same70_xplained/init.o
 .debug_ranges  0x000004f0      0x198 src/ASF/sam/drivers/pio/pio.o
 .debug_ranges  0x00000688       0x70 src/ASF/sam/drivers/pio/pio_handler.o
 .debug_ranges  0x000006f8      0x240 src/ASF/sam/drivers/pmc/pmc.o
 .debug_ranges  0x00000938       0x30 src/ASF/sam/utils/cmsis/same70/source/templates/gcc/startup_same70.o
 .debug_ranges  0x00000968       0x20 src/ASF/sam/utils/cmsis/same70/source/templates/system_same70.o
 .debug_ranges  0x00000988       0x50 src/ASF/sam/utils/syscalls/gcc/syscalls.o

.debug_macro    0x00000000     0x7a73
 .debug_macro   0x00000000      0x681 src/ASF/sam/drivers/rtt/rtt.o
 .debug_macro   0x00000681      0x829 src/main.o
 .debug_macro   0x00000eaa       0x3a src/main.o
 .debug_macro   0x00000ee4      0x2c3 src/main.o
 .debug_macro   0x000011a7      0xa91 src/main.o
 .debug_macro   0x00001c38       0x70 src/main.o
 .debug_macro   0x00001ca8       0x64 src/main.o
 .debug_macro   0x00001d0c       0x5f src/main.o
 .debug_macro   0x00001d6b       0xac src/main.o
 .debug_macro   0x00001e17       0x28 src/main.o
 .debug_macro   0x00001e3f       0x22 src/main.o
 .debug_macro   0x00001e61       0x16 src/main.o
 .debug_macro   0x00001e77      0x41e src/main.o
 .debug_macro   0x00002295       0x94 src/main.o
 .debug_macro   0x00002329       0x40 src/main.o
 .debug_macro   0x00002369       0x88 src/main.o
 .debug_macro   0x000023f1      0x1c8 src/main.o
 .debug_macro   0x000025b9       0x34 src/main.o
 .debug_macro   0x000025ed       0x16 src/main.o
 .debug_macro   0x00002603       0x1c src/main.o
 .debug_macro   0x0000261f       0x16 src/main.o
 .debug_macro   0x00002635       0x28 src/main.o
 .debug_macro   0x0000265d       0x2e src/main.o
 .debug_macro   0x0000268b      0x733 src/ASF/common/services/spi/sam_spi/spi_master.o
 .debug_macro   0x00002dbe      0x772 src/ASF/sam/components/display/ili9488/ili9488.o
 .debug_macro   0x00003530       0x16 src/ASF/sam/components/display/ili9488/ili9488.o
 .debug_macro   0x00003546       0x16 src/ASF/sam/components/display/ili9488/ili9488.o
 .debug_macro   0x0000355c      0x6fb src/ASF/sam/drivers/spi/spi.o
 .debug_macro   0x00003c57       0x10 src/ASF/sam/drivers/spi/spi.o
 .debug_macro   0x00003c67      0x6f2 src/ASF/common/services/clock/same70/sysclk.o
 .debug_macro   0x00004359      0x2bd src/ASF/common/services/clock/same70/sysclk.o
 .debug_macro   0x00004616      0x676 src/ASF/common/utils/interrupt/interrupt_sam_nvic.o
 .debug_macro   0x00004c8c      0x72e src/ASF/sam/boards/same70_xplained/init.o
 .debug_macro   0x000053ba       0x16 src/ASF/sam/boards/same70_xplained/init.o
 .debug_macro   0x000053d0       0x82 src/ASF/sam/boards/same70_xplained/init.o
 .debug_macro   0x00005452      0x68c src/ASF/sam/drivers/pio/pio.o
 .debug_macro   0x00005ade       0x8e src/ASF/sam/drivers/pio/pio.o
 .debug_macro   0x00005b6c      0x697 src/ASF/sam/drivers/pio/pio_handler.o
 .debug_macro   0x00006203      0x68c src/ASF/sam/drivers/pmc/pmc.o
 .debug_macro   0x0000688f       0x6a src/ASF/sam/drivers/pmc/pmc.o
 .debug_macro   0x000068f9      0x685 src/ASF/sam/utils/cmsis/same70/source/templates/gcc/startup_same70.o
 .debug_macro   0x00006f7e       0x10 src/ASF/sam/utils/cmsis/same70/source/templates/gcc/startup_same70.o
 .debug_macro   0x00006f8e      0x473 src/ASF/sam/utils/cmsis/same70/source/templates/system_same70.o
 .debug_macro   0x00007401      0x1d6 src/ASF/sam/utils/syscalls/gcc/syscalls.o
 .debug_macro   0x000075d7       0x52 src/ASF/sam/utils/syscalls/gcc/syscalls.o
 .debug_macro   0x00007629       0x8d src/ASF/sam/utils/syscalls/gcc/syscalls.o