Archive member included to satisfy reference by file (symbol)

c:/program files (x86)/atmel/studio/7.0/toolchain/arm/arm-gnu-toolchain/bin/../lib/gcc/arm-none-eabi/6.3.1/thumb/v7e-m\libgcc.a(_aeabi_uldivmod.o)
                              src/main.o (__aeabi_uldivmod)
c:/program files (x86)/atmel/studio/7.0/toolchain/arm/arm-gnu-toolchain/bin/../lib/gcc/arm-none-eabi/6.3.1/thumb/v7e-m\libgcc.a(_udivmoddi4.o)
                              c:/program files (x86)/atmel/studio/7.0/toolchain/arm/arm-gnu-toolchain/bin/../lib/gcc/arm-none-eabi/6.3.1/thumb/v7e-m\libgcc.a(_aeabi_uldivmod.o) (__udivmoddi4)
c:/program files (x86)/atmel/studio/7.0/toolchain/arm/arm-gnu-toolchain/bin/../lib/gcc/arm-none-eabi/6.3.1/thumb/v7e-m\libgcc.a(_dvmd_tls.o)
                              c:/program files (x86)/atmel/studio/7.0/toolchain/arm/arm-gnu-toolchain/bin/../lib/gcc/arm-none-eabi/6.3.1/thumb/v7e-m\libgcc.a(_aeabi_uldivmod.o) (__aeabi_ldiv0)
c:/program files (x86)/atmel/studio/7.0/toolchain/arm/arm-gnu-toolchain/bin/../lib/gcc/arm-none-eabi/6.3.1/../../../../arm-none-eabi/lib/thumb/v7e-m\libc.a(lib_a-exit.o)
                              c:/program files (x86)/atmel/studio/7.0/toolchain/arm/arm-gnu-toolchain/bin/../lib/gcc/arm-none-eabi/6.3.1/../../../../arm-none-eabi/lib/thumb/v7e-m/crt0.o (exit)
c:/program files (x86)/atmel/studio/7.0/toolchain/arm/arm-gnu-toolchain/bin/../lib/gcc/arm-none-eabi/6.3.1/../../../../arm-none-eabi/lib/thumb/v7e-m\libc.a(lib_a-impure.o)
                              c:/program files (x86)/atmel/studio/7.0/toolchain/arm/arm-gnu-toolchain/bin/../lib/gcc/arm-none-eabi/6.3.1/../../../../arm-none-eabi/lib/thumb/v7e-m\libc.a(lib_a-exit.o) (_global_impure_ptr)
c:/program files (x86)/atmel/studio/7.0/toolchain/arm/arm-gnu-toolchain/bin/../lib/gcc/arm-none-eabi/6.3.1/../../../../arm-none-eabi/lib/thumb/v7e-m\libc.a(lib_a-init.o)
                              c:/program files (x86)/atmel/studio/7.0/toolchain/arm/arm-gnu-toolchain/bin/../lib/gcc/arm-none-eabi/6.3.1/../../../../arm-none-eabi/lib/thumb/v7e-m/crt0.o (__libc_init_array)
c:/program files (x86)/atmel/studio/7.0/toolchain/arm/arm-gnu-toolchain/bin/../lib/gcc/arm-none-eabi/6.3.1/../../../../arm-none-eabi/lib/thumb/v7e-m\libc.a(lib_a-memset.o)
                              c:/program files (x86)/atmel/studio/7.0/toolchain/arm/arm-gnu-toolchain/bin/../lib/gcc/arm-none-eabi/6.3.1/../../../../arm-none-eabi/lib/thumb/v7e-m/crt0.o (memset)
c:/program files (x86)/atmel/studio/7.0/toolchain/arm/arm-gnu-toolchain/bin/../lib/gcc/arm-none-eabi/6.3.1/../../../../arm-none-eabi/lib/thumb/v7e-m\libc.a(lib_a-__call_atexit.o)
                              c:/program files (x86)/atmel/studio/7.0/toolchain/arm/arm-gnu-toolchain/bin/../lib/gcc/arm-none-eabi/6.3.1/../../../../arm-none-eabi/lib/thumb/v7e-m\libc.a(lib_a-exit.o) (__call_exitprocs)
c:/program files (x86)/atmel/studio/7.0/toolchain/arm/arm-gnu-toolchain/bin/../lib/gcc/arm-none-eabi/6.3.1/../../../../arm-none-eabi/lib/thumb/v7e-m\libc.a(lib_a-atexit.o)
                              c:/program files (x86)/atmel/studio/7.0/toolchain/arm/arm-gnu-toolchain/bin/../lib/gcc/arm-none-eabi/6.3.1/../../../../arm-none-eabi/lib/thumb/v7e-m\libc.a(lib_a-__call_atexit.o) (atexit)
c:/program files (x86)/atmel/studio/7.0/toolchain/arm/arm-gnu-toolchain/bin/../lib/gcc/arm-none-eabi/6.3.1/../../../../arm-none-eabi/lib/thumb/v7e-m\libc.a(lib_a-fini.o)
                              c:/program files (x86)/atmel/studio/7.0/toolchain/arm/arm-gnu-toolchain/bin/../lib/gcc/arm-none-eabi/6.3.1/../../../../arm-none-eabi/lib/thumb/v7e-m\libc.a(lib_a-__call_atexit.o) (__libc_fini_array)
c:/program files (x86)/atmel/studio/7.0/toolchain/arm/arm-gnu-toolchain/bin/../lib/gcc/arm-none-eabi/6.3.1/../../../../arm-none-eabi/lib/thumb/v7e-m\libc.a(lib_a-lock.o)
                              c:/program files (x86)/atmel/studio/7.0/toolchain/arm/arm-gnu-toolchain/bin/../lib/gcc/arm-none-eabi/6.3.1/../../../../arm-none-eabi/lib/thumb/v7e-m\libc.a(lib_a-__call_atexit.o) (__retarget_lock_acquire_recursive)
c:/program files (x86)/atmel/studio/7.0/toolchain/arm/arm-gnu-toolchain/bin/../lib/gcc/arm-none-eabi/6.3.1/../../../../arm-none-eabi/lib/thumb/v7e-m\libc.a(lib_a-__atexit.o)
                              c:/program files (x86)/atmel/studio/7.0/toolchain/arm/arm-gnu-toolchain/bin/../lib/gcc/arm-none-eabi/6.3.1/../../../../arm-none-eabi/lib/thumb/v7e-m\libc.a(lib_a-atexit.o) (__register_exitproc)

Allocating common symbols
Common symbol       size              file

__lock___atexit_recursive_mutex
                    0x1               c:/program files (x86)/atmel/studio/7.0/toolchain/arm/arm-gnu-toolchain/bin/../lib/gcc/arm-none-eabi/6.3.1/../../../../arm-none-eabi/lib/thumb/v7e-m\libc.a(lib_a-lock.o)
__lock___arc4random_mutex
                    0x1               c:/program files (x86)/atmel/studio/7.0/toolchain/arm/arm-gnu-toolchain/bin/../lib/gcc/arm-none-eabi/6.3.1/../../../../arm-none-eabi/lib/thumb/v7e-m\libc.a(lib_a-lock.o)
[...]
Memory Configuration

Name             Origin             Length             Attributes
rom              0x00400000         0x00200000         xr
ram              0x20400000         0x00060000         xrw
*default*        0x00000000         0xffffffff

Linker script and memory map

LOAD c:/program files (x86)/atmel/studio/7.0/toolchain/arm/arm-gnu-toolchain/bin/../lib/gcc/arm-none-eabi/6.3.1/thumb/v7e-m/crti.o
LOAD c:/program files (x86)/atmel/studio/7.0/toolchain/arm/arm-gnu-toolchain/bin/../lib/gcc/arm-none-eabi/6.3.1/thumb/v7e-m/crtbegin.o
LOAD c:/program files (x86)/atmel/studio/7.0/toolchain/arm/arm-gnu-toolchain/bin/../lib/gcc/arm-none-eabi/6.3.1/../../../../arm-none-eabi/lib/thumb/v7e-m/crt0.o
LOAD src/main.o
LOAD src/ASF/common/services/delay/sam/cycle_counter.o
LOAD src/ASF/common/services/spi/sam_spi/spi_master.o
LOAD src/ASF/sam/components/display/ili9488/ili9488.o
LOAD src/ASF/sam/drivers/spi/spi.o
LOAD src/ASF/common/services/clock/same70/sysclk.o
LOAD src/ASF/common/utils/interrupt/interrupt_sam_nvic.o
LOAD src/ASF/sam/boards/same70_xplained/init.o
LOAD src/ASF/sam/drivers/mpu/mpu.o
LOAD src/ASF/sam/drivers/pio/pio.o
LOAD src/ASF/sam/drivers/pio/pio_handler.o
LOAD src/ASF/sam/drivers/pmc/pmc.o
LOAD src/ASF/sam/drivers/pmc/sleep.o
LOAD src/ASF/sam/utils/cmsis/same70/source/templates/gcc/startup_same70.o
LOAD src/ASF/sam/utils/cmsis/same70/source/templates/system_same70.o
LOAD src/ASF/sam/utils/syscalls/gcc/syscalls.o
START GROUP
LOAD ../src/ASF/thirdparty/CMSIS/Lib/GCC\libarm_cortexM7lfsp_math_softfp.a
LOAD c:/program files (x86)/atmel/studio/7.0/toolchain/arm/arm-gnu-toolchain/bin/../lib/gcc/arm-none-eabi/6.3.1/../../../../arm-none-eabi/lib/thumb/v7e-m\libm.a
END GROUP
START GROUP
LOAD c:/program files (x86)/atmel/studio/7.0/toolchain/arm/arm-gnu-toolchain/bin/../lib/gcc/arm-none-eabi/6.3.1/thumb/v7e-m\libgcc.a
LOAD c:/program files (x86)/atmel/studio/7.0/toolchain/arm/arm-gnu-toolchain/bin/../lib/gcc/arm-none-eabi/6.3.1/../../../../arm-none-eabi/lib/thumb/v7e-m\libc.a
END GROUP
LOAD c:/program files (x86)/atmel/studio/7.0/toolchain/arm/arm-gnu-toolchain/bin/../lib/gcc/arm-none-eabi/6.3.1/thumb/v7e-m/crtend.o
LOAD c:/program files (x86)/atmel/studio/7.0/toolchain/arm/arm-gnu-toolchain/bin/../lib/gcc/arm-none-eabi/6.3.1/thumb/v7e-m/crtn.o
                0x00002000                STACK_SIZE = DEFINED (STACK_SIZE)?STACK_SIZE:0x2000
                0x2045fffc                __ram_end__ = ((ORIGIN (ram) + LENGTH (ram)) - 0x4)
                0x00000200                HEAP_SIZE = DEFINED (HEAP_SIZE)?HEAP_SIZE:0x200

.text           0x00400000    0x4a370
                0x00400000                . = ALIGN (0x4)
                0x00400000                _sfixed = .
 *(.vectors .vectors.*)
 .vectors       0x00400000      0x168 src/ASF/sam/utils/cmsis/same70/source/templates/gcc/startup_same70.o
                0x00400000                exception_table
 *(.text .text.* .gnu.linkonce.t.*)
 .text          0x00400168       0x6c c:/program files (x86)/atmel/studio/7.0/toolchain/arm/arm-gnu-toolchain/bin/../lib/gcc/arm-none-eabi/6.3.1/thumb/v7e-m/crtbegin.o
 .text.configure_lcd
                0x004001d4       0x4c src/main.o
                0x004001d4                configure_lcd
 .text.font_draw_text
                0x00400220       0x88 src/main.o
                0x00400220                font_draw_text
 .text.main     0x004002a8       0x84 src/main.o
                0x004002a8                main
 .text.osc_get_rate
                0x0040032c       0x74 src/ASF/common/services/spi/sam_spi/spi_master.o
 .text.sysclk_get_main_hz
                0x004003a0       0x20 src/ASF/common/services/spi/sam_spi/spi_master.o
 .text.sysclk_get_peripheral_hz
                0x004003c0       0x14 src/ASF/common/services/spi/sam_spi/spi_master.o
 .text.spi_reset
                0x004003d4       0x1a src/ASF/common/services/spi/sam_spi/spi_master.o
 .text.spi_set_master_mode
                0x004003ee       0x20 src/ASF/common/services/spi/sam_spi/spi_master.o
 .text.spi_set_fixed_peripheral_select
                0x0040040e       0x20 src/ASF/common/services/spi/sam_spi/spi_master.o
 .text.spi_disable_peripheral_select_decode
                0x0040042e       0x20 src/ASF/common/services/spi/sam_spi/spi_master.o
 .text.spi_get_peripheral_select_decode_setting
                0x0040044e       0x26 src/ASF/common/services/spi/sam_spi/spi_master.o
 .text.spi_disable_mode_fault_detect
                0x00400474       0x20 src/ASF/common/services/spi/sam_spi/spi_master.o
 .text.spi_disable_loopback
                0x00400494       0x20 src/ASF/common/services/spi/sam_spi/spi_master.o
 .text.spi_put  0x004004b4       0x1e src/ASF/common/services/spi/sam_spi/spi_master.o
 .text.spi_get  0x004004d2       0x1a src/ASF/common/services/spi/sam_spi/spi_master.o
 .text.spi_is_tx_ready
                0x004004ec       0x26 src/ASF/common/services/spi/sam_spi/spi_master.o
 .text.spi_is_rx_ready
                0x00400512       0x2c src/ASF/common/services/spi/sam_spi/spi_master.o
 *fill*         0x0040053e        0x2 
 .text.spi_write_single
                0x00400540       0x24 src/ASF/common/services/spi/sam_spi/spi_master.o
 .text.spi_read_single
                0x00400564       0x24 src/ASF/common/services/spi/sam_spi/spi_master.o
 .text.spi_master_init
                0x00400588       0x70 src/ASF/common/services/spi/sam_spi/spi_master.o
                0x00400588                spi_master_init
 .text.spi_master_setup_device
                0x004005f8       0xb4 src/ASF/common/services/spi/sam_spi/spi_master.o
                0x004005f8                spi_master_setup_device
 .text.spi_select_device
                0x004006ac       0x58 src/ASF/common/services/spi/sam_spi/spi_master.o
                0x004006ac                spi_select_device
 .text.spi_write_packet
                0x00400704       0x74 src/ASF/common/services/spi/sam_spi/spi_master.o
                0x00400704                spi_write_packet
 .text.spi_read_packet
                0x00400778       0xac src/ASF/common/services/spi/sam_spi/spi_master.o
                0x00400778                spi_read_packet
 .text.spi_enable
                0x00400824       0x1a src/ASF/sam/components/display/ili9488/ili9488.o
 .text.spi_enable_interrupt
                0x0040083e       0x1c src/ASF/sam/components/display/ili9488/ili9488.o
 *fill*         0x0040085a        0x2 
 .text.ili9488_write_ram_prepare
                0x0040085c       0x40 src/ASF/sam/components/display/ili9488/ili9488.o
 .text.ili9488_write_ram_buffer
                0x0040089c       0x40 src/ASF/sam/components/display/ili9488/ili9488.o
 .text.ili9488_write_register
                0x004008dc       0x78 src/ASF/sam/components/display/ili9488/ili9488.o
 .text.ili9488_read_chipid
                0x00400954       0xcc src/ASF/sam/components/display/ili9488/ili9488.o
 .text.ili9488_delay
                0x00400a20       0x40 src/ASF/sam/components/display/ili9488/ili9488.o
                0x00400a20                ili9488_delay
 .text.ili9488_check_box_coordinates
                0x00400a60       0xa2 src/ASF/sam/components/display/ili9488/ili9488.o
 *fill*         0x00400b02        0x2 
 .text.ili9488_set_display_direction
                0x00400b04       0x34 src/ASF/sam/components/display/ili9488/ili9488.o
                0x00400b04                ili9488_set_display_direction
 .text.ili9488_set_window
                0x00400b38       0xc8 src/ASF/sam/components/display/ili9488/ili9488.o
                0x00400b38                ili9488_set_window
 .text.ili9488_init
                0x00400c00      0x15c src/ASF/sam/components/display/ili9488/ili9488.o
                0x00400c00                ili9488_init
 .text.ili9488_display_on
                0x00400d5c       0x18 src/ASF/sam/components/display/ili9488/ili9488.o
                0x00400d5c                ili9488_display_on
 .text.ili9488_set_foreground_color
                0x00400d74       0x54 src/ASF/sam/components/display/ili9488/ili9488.o
                0x00400d74                ili9488_set_foreground_color
 .text.ili9488_set_cursor_position
                0x00400dc8       0x84 src/ASF/sam/components/display/ili9488/ili9488.o
                0x00400dc8                ili9488_set_cursor_position
 .text.ili9488_draw_filled_rectangle
                0x00400e4c       0xdc src/ASF/sam/components/display/ili9488/ili9488.o
                0x00400e4c                ili9488_draw_filled_rectangle
 .text.ili9488_draw_pixmap
                0x00400f28       0xb4 src/ASF/sam/components/display/ili9488/ili9488.o
                0x00400f28                ili9488_draw_pixmap
 .text.spi_get_peripheral_select_mode
                0x00400fdc       0x26 src/ASF/sam/drivers/spi/spi.o
 *fill*         0x00401002        0x2 
 .text.sysclk_enable_peripheral_clock
                0x00401004       0x1c src/ASF/sam/drivers/spi/spi.o
 .text.spi_enable_clock
                0x00401020       0x3c src/ASF/sam/drivers/spi/spi.o
                0x00401020                spi_enable_clock
 .text.spi_set_peripheral_chip_select_value
                0x0040105c       0x34 src/ASF/sam/drivers/spi/spi.o
                0x0040105c                spi_set_peripheral_chip_select_value
 .text.spi_set_delay_between_chip_select
                0x00401090       0x30 src/ASF/sam/drivers/spi/spi.o
                0x00401090                spi_set_delay_between_chip_select
 .text.spi_write
                0x004010c0       0x80 src/ASF/sam/drivers/spi/spi.o
                0x004010c0                spi_write
 .text.spi_set_clock_polarity
                0x00401140       0x50 src/ASF/sam/drivers/spi/spi.o
                0x00401140                spi_set_clock_polarity
 .text.spi_set_clock_phase
                0x00401190       0x50 src/ASF/sam/drivers/spi/spi.o
                0x00401190                spi_set_clock_phase
 .text.spi_configure_cs_behavior
                0x004011e0       0xa6 src/ASF/sam/drivers/spi/spi.o
                0x004011e0                spi_configure_cs_behavior
 .text.spi_set_bits_per_transfer
                0x00401286       0x4a src/ASF/sam/drivers/spi/spi.o
                0x00401286                spi_set_bits_per_transfer
 .text.spi_calc_baudrate_div
                0x004012d0       0x3c src/ASF/sam/drivers/spi/spi.o
                0x004012d0                spi_calc_baudrate_div
 .text.spi_set_baudrate_div
                0x0040130c       0x5e src/ASF/sam/drivers/spi/spi.o
                0x0040130c                spi_set_baudrate_div
 .text.spi_set_transfer_delay
                0x0040136a       0x5e src/ASF/sam/drivers/spi/spi.o
                0x0040136a                spi_set_transfer_delay
 .text.osc_enable
                0x004013c8       0x88 src/ASF/common/services/clock/same70/sysclk.o
 .text.osc_is_ready
                0x00401450       0x70 src/ASF/common/services/clock/same70/sysclk.o
 .text.osc_get_rate
                0x004014c0       0x74 src/ASF/common/services/clock/same70/sysclk.o
 .text.osc_wait_ready
                0x00401534       0x2c src/ASF/common/services/clock/same70/sysclk.o
 .text.pll_config_init
                0x00401560       0x6c src/ASF/common/services/clock/same70/sysclk.o
 .text.pll_enable
                0x004015cc       0x40 src/ASF/common/services/clock/same70/sysclk.o
 .text.pll_is_locked
                0x0040160c       0x2c src/ASF/common/services/clock/same70/sysclk.o
 .text.pll_enable_source
                0x00401638       0x38 src/ASF/common/services/clock/same70/sysclk.o
 .text.pll_wait_for_lock
                0x00401670       0x24 src/ASF/common/services/clock/same70/sysclk.o
 .text.sysclk_get_main_hz
                0x00401694       0x20 src/ASF/common/services/clock/same70/sysclk.o
 .text.sysclk_get_cpu_hz
                0x004016b4       0x14 src/ASF/common/services/clock/same70/sysclk.o
 .text.sysclk_init
                0x004016c8       0x7c src/ASF/common/services/clock/same70/sysclk.o
                0x004016c8                sysclk_init
 .text.SCB_EnableICache
                0x00401744       0x38 src/ASF/sam/boards/same70_xplained/init.o
 .text.SCB_EnableDCache
                0x0040177c       0xa4 src/ASF/sam/boards/same70_xplained/init.o
 .text.sysclk_enable_peripheral_clock
                0x00401820       0x1c src/ASF/sam/boards/same70_xplained/init.o
 .text.ioport_init
                0x0040183c       0x2c src/ASF/sam/boards/same70_xplained/init.o
 .text.ioport_set_pin_mode
                0x00401868      0x11c src/ASF/sam/boards/same70_xplained/init.o
 .text.ioport_set_pin_dir
                0x00401984       0x88 src/ASF/sam/boards/same70_xplained/init.o
 .text.ioport_set_pin_level
                0x00401a0c       0x6c src/ASF/sam/boards/same70_xplained/init.o
 .text.ioport_set_pin_sense_mode
                0x00401a78       0xd0 src/ASF/sam/boards/same70_xplained/init.o
 .text.tcm_disable
                0x00401b48       0x44 src/ASF/sam/boards/same70_xplained/init.o
 .text.board_init
                0x00401b8c      0x188 src/ASF/sam/boards/same70_xplained/init.o
                0x00401b8c                board_init
 .text.pio_pull_up
                0x00401d14       0x2c src/ASF/sam/drivers/pio/pio.o
                0x00401d14                pio_pull_up
 .text.pio_set  0x00401d40       0x1c src/ASF/sam/drivers/pio/pio.o
                0x00401d40                pio_set
 .text.pio_get  0x00401d5c       0x46 src/ASF/sam/drivers/pio/pio.o
                0x00401d5c                pio_get
 .text.pio_set_peripheral
                0x00401da2      0x110 src/ASF/sam/drivers/pio/pio.o
                0x00401da2                pio_set_peripheral
 *fill*         0x00401eb2        0x2 
 .text.pio_set_input
                0x00401eb4       0x80 src/ASF/sam/drivers/pio/pio.o
                0x00401eb4                pio_set_input
 .text.pio_set_output
                0x00401f34       0x64 src/ASF/sam/drivers/pio/pio.o
                0x00401f34                pio_set_output
 .text.pio_configure
                0x00401f98       0xcc src/ASF/sam/drivers/pio/pio.o
                0x00401f98                pio_configure
 .text.pio_disable_interrupt
                0x00402064       0x1c src/ASF/sam/drivers/pio/pio.o
                0x00402064                pio_disable_interrupt
 .text.pio_get_interrupt_status
                0x00402080       0x18 src/ASF/sam/drivers/pio/pio.o
                0x00402080                pio_get_interrupt_status
 .text.pio_get_interrupt_mask
                0x00402098       0x18 src/ASF/sam/drivers/pio/pio.o
                0x00402098                pio_get_interrupt_mask
 .text.pio_set_pin_high
                0x004020b0       0x30 src/ASF/sam/drivers/pio/pio.o
                0x004020b0                pio_set_pin_high
 .text.pio_set_pin_low
                0x004020e0       0x30 src/ASF/sam/drivers/pio/pio.o
                0x004020e0                pio_set_pin_low
 .text.pio_configure_pin
                0x00402110      0x1b0 src/ASF/sam/drivers/pio/pio.o
                0x00402110                pio_configure_pin
 .text.pio_get_pin_group
                0x004022c0       0x28 src/ASF/sam/drivers/pio/pio.o
                0x004022c0                pio_get_pin_group
 .text.pio_handler_process
                0x004022e8       0xb4 src/ASF/sam/drivers/pio/pio_handler.o
                0x004022e8                pio_handler_process
 .text.PIOA_Handler
                0x0040239c       0x18 src/ASF/sam/drivers/pio/pio_handler.o
                0x0040239c                PIOA_Handler
 .text.PIOB_Handler
                0x004023b4       0x18 src/ASF/sam/drivers/pio/pio_handler.o
                0x004023b4                PIOB_Handler
 .text.PIOC_Handler
                0x004023cc       0x18 src/ASF/sam/drivers/pio/pio_handler.o
                0x004023cc                PIOC_Handler
 .text.PIOD_Handler
                0x004023e4       0x18 src/ASF/sam/drivers/pio/pio_handler.o
                0x004023e4                PIOD_Handler
 .text.PIOE_Handler
                0x004023fc       0x18 src/ASF/sam/drivers/pio/pio_handler.o
                0x004023fc                PIOE_Handler
 .text.pmc_mck_set_division
                0x00402414       0x7c src/ASF/sam/drivers/pmc/pmc.o
                0x00402414                pmc_mck_set_division
 .text.pmc_switch_mck_to_pllack
                0x00402490       0x84 src/ASF/sam/drivers/pmc/pmc.o
                0x00402490                pmc_switch_mck_to_pllack
 .text.pmc_switch_sclk_to_32kxtal
                0x00402514       0x38 src/ASF/sam/drivers/pmc/pmc.o
                0x00402514                pmc_switch_sclk_to_32kxtal
 .text.pmc_osc_is_ready_32kxtal
                0x0040254c       0x34 src/ASF/sam/drivers/pmc/pmc.o
                0x0040254c                pmc_osc_is_ready_32kxtal
 .text.pmc_switch_mainck_to_fastrc
                0x00402580       0x70 src/ASF/sam/drivers/pmc/pmc.o
                0x00402580                pmc_switch_mainck_to_fastrc
 .text.pmc_switch_mainck_to_xtal
                0x004025f0       0x78 src/ASF/sam/drivers/pmc/pmc.o
                0x004025f0                pmc_switch_mainck_to_xtal
 .text.pmc_osc_is_ready_mainck
                0x00402668       0x1c src/ASF/sam/drivers/pmc/pmc.o
                0x00402668                pmc_osc_is_ready_mainck
 .text.pmc_disable_pllack
                0x00402684       0x1c src/ASF/sam/drivers/pmc/pmc.o
                0x00402684                pmc_disable_pllack
 .text.pmc_is_locked_pllack
                0x004026a0       0x1c src/ASF/sam/drivers/pmc/pmc.o
                0x004026a0                pmc_is_locked_pllack
 .text.pmc_is_locked_upll
                0x004026bc       0x1c src/ASF/sam/drivers/pmc/pmc.o
                0x004026bc                pmc_is_locked_upll
 .text.pmc_enable_periph_clk
                0x004026d8       0x3c src/ASF/sam/drivers/pmc/pmc.o
                0x004026d8                pmc_enable_periph_clk
 .text.cpu_irq_save
                0x00402714       0x38 src/ASF/sam/utils/cmsis/same70/source/templates/gcc/startup_same70.o
 .text.cpu_irq_is_enabled_flags
                0x0040274c       0x20 src/ASF/sam/utils/cmsis/same70/source/templates/gcc/startup_same70.o
 .text.cpu_irq_restore
                0x0040276c       0x30 src/ASF/sam/utils/cmsis/same70/source/templates/gcc/startup_same70.o
 .text.Reset_Handler
                0x0040279c       0xb0 src/ASF/sam/utils/cmsis/same70/source/templates/gcc/startup_same70.o
                0x0040279c                Reset_Handler
 .text.Dummy_Handler
                0x0040284c        0x6 src/ASF/sam/utils/cmsis/same70/source/templates/gcc/startup_same70.o
                0x0040284c                DACC_Handler
                0x0040284c                DebugMon_Handler
                0x0040284c                UART3_Handler
                0x0040284c                UART2_Handler
                0x0040284c                TRNG_Handler
                0x0040284c                HardFault_Handler
                0x0040284c                TC2_Handler
                0x0040284c                SysTick_Handler
                0x0040284c                AFEC1_Handler
                0x0040284c                PendSV_Handler
                0x0040284c                NMI_Handler
                0x0040284c                TC7_Handler
                0x0040284c                QSPI_Handler
                0x0040284c                ISI_Handler
                0x0040284c                MCAN0_INT0_Handler
                0x0040284c                TC9_Handler
                0x0040284c                RSWDT_Handler
                0x0040284c                USART0_Handler
                0x0040284c                RTT_Handler
                0x0040284c                USBHS_Handler
                0x0040284c                IXC_Handler
                0x0040284c                CCF_Handler
                0x0040284c                RTC_Handler
                0x0040284c                UsageFault_Handler
                0x0040284c                TC6_Handler
                0x0040284c                WDT_Handler
                0x0040284c                MCAN1_INT1_Handler
                0x0040284c                TC4_Handler
                0x0040284c                TC1_Handler
                0x0040284c                HSMCI_Handler
                0x0040284c                UART1_Handler
                0x0040284c                TC3_Handler
                0x0040284c                Dummy_Handler
                0x0040284c                TWIHS1_Handler
                0x0040284c                XDMAC_Handler
                0x0040284c                UART4_Handler
                0x0040284c                PWM1_Handler
                0x0040284c                USART1_Handler
                0x0040284c                PWM0_Handler
                0x0040284c                AFEC0_Handler
                0x0040284c                CCW_Handler
                0x0040284c                TC11_Handler
                0x0040284c                SSC_Handler
                0x0040284c                ACC_Handler
                0x0040284c                PMC_Handler
                0x0040284c                GMAC_Handler
                0x0040284c                MCAN0_INT1_Handler
                0x0040284c                GMAC_Q5_Handler
                0x0040284c                MemManage_Handler
                0x0040284c                SUPC_Handler
                0x0040284c                SVC_Handler
                0x0040284c                TC8_Handler
                0x0040284c                MCAN1_INT0_Handler
                0x0040284c                EFC_Handler
                0x0040284c                GMAC_Q1_Handler
                0x0040284c                USART2_Handler
                0x0040284c                SDRAMC_Handler
                0x0040284c                GMAC_Q2_Handler
                0x0040284c                SPI1_Handler
                0x0040284c                TC10_Handler
                0x0040284c                GMAC_Q3_Handler
                0x0040284c                TWIHS2_Handler
                0x0040284c                I2SC0_Handler
                0x0040284c                UART0_Handler
                0x0040284c                I2SC1_Handler
                0x0040284c                GMAC_Q4_Handler
                0x0040284c                FPU_Handler
                0x0040284c                BusFault_Handler
                0x0040284c                RSTC_Handler
                0x0040284c                TC0_Handler
                0x0040284c                TC5_Handler
                0x0040284c                AES_Handler
                0x0040284c                ICM_Handler
                0x0040284c                TWIHS0_Handler
                0x0040284c                SPI0_Handler
 *fill*         0x00402852        0x2 
 .text.SystemCoreClockUpdate
                0x00402854      0x168 src/ASF/sam/utils/cmsis/same70/source/templates/system_same70.o
                0x00402854                SystemCoreClockUpdate
 .text.system_init_flash
                0x004029bc       0xb0 src/ASF/sam/utils/cmsis/same70/source/templates/system_same70.o
                0x004029bc                system_init_flash
 .text.__libc_init_array
                0x00402a6c       0x50 c:/program files (x86)/atmel/studio/7.0/toolchain/arm/arm-gnu-toolchain/bin/../lib/gcc/arm-none-eabi/6.3.1/../../../../arm-none-eabi/lib/thumb/v7e-m\libc.a(lib_a-init.o)
                0x00402a6c                __libc_init_array
 .text.startup.register_fini
                0x00402abc       0x14 c:/program files (x86)/atmel/studio/7.0/toolchain/arm/arm-gnu-toolchain/bin/../lib/gcc/arm-none-eabi/6.3.1/../../../../arm-none-eabi/lib/thumb/v7e-m\libc.a(lib_a-__call_atexit.o)
 .text.atexit   0x00402ad0        0xc c:/program files (x86)/atmel/studio/7.0/toolchain/arm/arm-gnu-toolchain/bin/../lib/gcc/arm-none-eabi/6.3.1/../../../../arm-none-eabi/lib/thumb/v7e-m\libc.a(lib_a-atexit.o)
                0x00402ad0                atexit
 .text.__libc_fini_array
                0x00402adc       0x34 c:/program files (x86)/atmel/studio/7.0/toolchain/arm/arm-gnu-toolchain/bin/../lib/gcc/arm-none-eabi/6.3.1/../../../../arm-none-eabi/lib/thumb/v7e-m\libc.a(lib_a-fini.o)
                0x00402adc                __libc_fini_array
 .text.__retarget_lock_acquire_recursive
                0x00402b10        0x4 c:/program files (x86)/atmel/studio/7.0/toolchain/arm/arm-gnu-toolchain/bin/../lib/gcc/arm-none-eabi/6.3.1/../../../../arm-none-eabi/lib/thumb/v7e-m\libc.a(lib_a-lock.o)
                0x00402b10                __retarget_lock_acquire_recursive
 .text.__retarget_lock_release_recursive
                0x00402b14        0x4 c:/program files (x86)/atmel/studio/7.0/toolchain/arm/arm-gnu-toolchain/bin/../lib/gcc/arm-none-eabi/6.3.1/../../../../arm-none-eabi/lib/thumb/v7e-m\libc.a(lib_a-lock.o)
                0x00402b14                __retarget_lock_release_recursive
 .text.__register_exitproc
                0x00402b18       0xc4 c:/program files (x86)/atmel/studio/7.0/toolchain/arm/arm-gnu-toolchain/bin/../lib/gcc/arm-none-eabi/6.3.1/../../../../arm-none-eabi/lib/thumb/v7e-m\libc.a(lib_a-__atexit.o)
                0x00402b18                __register_exitproc
 *(.glue_7t)
 .glue_7t       0x00402bdc        0x0 linker stubs
 *(.glue_7)
 .glue_7        0x00402bdc        0x0 linker stubs
 *(.rodata .rodata* .gnu.linkonce.r.*)
 .rodata.image_data_sourcecodepro_28_0x41
                0x00402bdc      0x138 src/main.o
 .rodata.sourcecodepro_28_0x41
                0x00402d14       0x10 src/main.o
 .rodata.image_data_sourcecodepro_28_0x42
                0x00402d24      0x138 src/main.o
 .rodata.sourcecodepro_28_0x42
                0x00402e5c       0x10 src/main.o
 .rodata.image_data_sourcecodepro_28_0x43
                0x00402e6c      0x15f src/main.o
 *fill*         0x00402fcb        0x1 
 .rodata.sourcecodepro_28_0x43
                0x00402fcc       0x10 src/main.o
 .rodata.image_data_sourcecodepro_28_0x44
                0x00402fdc      0x186 src/main.o
 *fill*         0x00403162        0x2 
 .rodata.sourcecodepro_28_0x44
                0x00403164       0x10 src/main.o
 .rodata.image_data_sourcecodepro_28_0x45
                0x00403174      0x138 src/main.o
 .rodata.sourcecodepro_28_0x45
                0x004032ac       0x10 src/main.o
 .rodata.image_data_sourcecodepro_28_0x46
                0x004032bc      0x111 src/main.o
 *fill*         0x004033cd        0x3 
 .rodata.sourcecodepro_28_0x46
                0x004033d0       0x10 src/main.o
 .rodata.image_data_sourcecodepro_28_0x47
                0x004033e0      0x15f src/main.o
 *fill*         0x0040353f        0x1 
 .rodata.sourcecodepro_28_0x47
                0x00403540       0x10 src/main.o
 .rodata.image_data_sourcecodepro_28_0x48
                0x00403550      0x15f src/main.o
 *fill*         0x004036af        0x1 
 .rodata.sourcecodepro_28_0x48
                0x004036b0       0x10 src/main.o
 .rodata.image_data_sourcecodepro_28_0x49
                0x004036c0       0x9c src/main.o
 .rodata.sourcecodepro_28_0x49
                0x0040375c       0x10 src/main.o
 .rodata.image_data_sourcecodepro_28_0x4a
                0x0040376c       0xea src/main.o
 *fill*         0x00403856        0x2 
 .rodata.sourcecodepro_28_0x4a
                0x00403858       0x10 src/main.o
 .rodata.image_data_sourcecodepro_28_0x4b
                0x00403868      0x138 src/main.o
 .rodata.sourcecodepro_28_0x4b
                0x004039a0       0x10 src/main.o
 .rodata.image_data_sourcecodepro_28_0x4c
                0x004039b0      0x111 src/main.o
 *fill*         0x00403ac1        0x3 
 .rodata.sourcecodepro_28_0x4c
                0x00403ac4       0x10 src/main.o
 .rodata.image_data_sourcecodepro_28_0x4d
                0x00403ad4      0x186 src/main.o
 *fill*         0x00403c5a        0x2 
 .rodata.sourcecodepro_28_0x4d
                0x00403c5c       0x10 src/main.o
 .rodata.image_data_sourcecodepro_28_0x4e
                0x00403c6c      0x15f src/main.o
 *fill*         0x00403dcb        0x1 
 .rodata.sourcecodepro_28_0x4e
                0x00403dcc       0x10 src/main.o
 .rodata.image_data_sourcecodepro_28_0x4f
                0x00403ddc      0x186 src/main.o
 *fill*         0x00403f62        0x2 
 .rodata.sourcecodepro_28_0x4f
                0x00403f64       0x10 src/main.o
 .rodata.image_data_sourcecodepro_28_0x50
                0x00403f74      0x138 src/main.o
 .rodata.sourcecodepro_28_0x50
                0x004040ac       0x10 src/main.o
 .rodata.image_data_sourcecodepro_28_0x51
                0x004040bc      0x186 src/main.o
 *fill*         0x00404242        0x2 
 .rodata.sourcecodepro_28_0x51
                0x00404244       0x10 src/main.o
 .rodata.image_data_sourcecodepro_28_0x52
                0x00404254      0x15f src/main.o
 *fill*         0x004043b3        0x1 
 .rodata.sourcecodepro_28_0x52
                0x004043b4       0x10 src/main.o
 .rodata.image_data_sourcecodepro_28_0x53
                0x004043c4      0x138 src/main.o
 .rodata.sourcecodepro_28_0x53
                0x004044fc       0x10 src/main.o
 .rodata.image_data_sourcecodepro_28_0x54
                0x0040450c      0x138 src/main.o
 .rodata.sourcecodepro_28_0x54
                0x00404644       0x10 src/main.o
 .rodata.image_data_sourcecodepro_28_0x55
                0x00404654      0x15f src/main.o
 *fill*         0x004047b3        0x1 
 .rodata.sourcecodepro_28_0x55
                0x004047b4       0x10 src/main.o
 .rodata.image_data_sourcecodepro_28_0x56
                0x004047c4      0x138 src/main.o
 .rodata.sourcecodepro_28_0x56
                0x004048fc       0x10 src/main.o
 .rodata.image_data_sourcecodepro_28_0x57
                0x0040490c      0x222 src/main.o
 *fill*         0x00404b2e        0x2 
 .rodata.sourcecodepro_28_0x57
                0x00404b30       0x10 src/main.o
 .rodata.image_data_sourcecodepro_28_0x58
                0x00404b40      0x138 src/main.o
 .rodata.sourcecodepro_28_0x58
                0x00404c78       0x10 src/main.o
 .rodata.image_data_sourcecodepro_28_0x59
                0x00404c88      0x138 src/main.o
 .rodata.sourcecodepro_28_0x59
                0x00404dc0       0x10 src/main.o
 .rodata.image_data_sourcecodepro_28_0x5a
                0x00404dd0      0x138 src/main.o
 .rodata.sourcecodepro_28_0x5a
                0x00404f08       0x10 src/main.o
 .rodata.sourcecodepro_28_array
                0x00404f18       0xd0 src/main.o
 .rodata.sourcecodepro_28
                0x00404fe8        0xc src/main.o
                0x00404fe8                sourcecodepro_28
 .rodata.image_data_calibri_36_0x20
                0x00404ff4      0x378 src/main.o
 .rodata.calibri_36_0x20
                0x0040536c       0x10 src/main.o
 .rodata.image_data_calibri_36_0x21
                0x0040537c      0x534 src/main.o
 .rodata.calibri_36_0x21
                0x004058b0       0x10 src/main.o
 .rodata.image_data_calibri_36_0x22
                0x004058c0      0x612 src/main.o
 *fill*         0x00405ed2        0x2 
 .rodata.calibri_36_0x22
                0x00405ed4       0x10 src/main.o
 .rodata.image_data_calibri_36_0x23
                0x00405ee4      0x7ce src/main.o
 *fill*         0x004066b2        0x2 
 .rodata.calibri_36_0x23
                0x004066b4       0x10 src/main.o
 .rodata.image_data_calibri_36_0x24
                0x004066c4      0x7ce src/main.o
 *fill*         0x00406e92        0x2 
 .rodata.calibri_36_0x24
                0x00406e94       0x10 src/main.o
 .rodata.image_data_calibri_36_0x25
                0x00406ea4      0xb46 src/main.o
 *fill*         0x004079ea        0x2 
 .rodata.calibri_36_0x25
                0x004079ec       0x10 src/main.o
 .rodata.image_data_calibri_36_0x26
                0x004079fc      0xad7 src/main.o
 *fill*         0x004084d3        0x1 
 .rodata.calibri_36_0x26
                0x004084d4       0x10 src/main.o
 .rodata.image_data_calibri_36_0x27
                0x004084e4      0x378 src/main.o
 .rodata.calibri_36_0x27
                0x0040885c       0x10 src/main.o
 .rodata.image_data_calibri_36_0x28
                0x0040886c      0x4c5 src/main.o
 *fill*         0x00408d31        0x3 
 .rodata.calibri_36_0x28
                0x00408d34       0x10 src/main.o
 .rodata.image_data_calibri_36_0x29
                0x00408d44      0x4c5 src/main.o
 *fill*         0x00409209        0x3 
 .rodata.calibri_36_0x29
                0x0040920c       0x10 src/main.o
 .rodata.image_data_calibri_36_0x2a
                0x0040921c      0x7ce src/main.o
 *fill*         0x004099ea        0x2 
 .rodata.calibri_36_0x2a
                0x004099ec       0x10 src/main.o
 .rodata.image_data_calibri_36_0x2b
                0x004099fc      0x7ce src/main.o
 *fill*         0x0040a1ca        0x2 
 .rodata.calibri_36_0x2b
                0x0040a1cc       0x10 src/main.o
 .rodata.image_data_calibri_36_0x2c
                0x0040a1dc      0x3e7 src/main.o
 *fill*         0x0040a5c3        0x1 
 .rodata.calibri_36_0x2c
                0x0040a5c4       0x10 src/main.o
 .rodata.image_data_calibri_36_0x2d
                0x0040a5d4      0x4c5 src/main.o
 *fill*         0x0040aa99        0x3 
 .rodata.calibri_36_0x2d
                0x0040aa9c       0x10 src/main.o
 .rodata.image_data_calibri_36_0x2e
                0x0040aaac      0x3e7 src/main.o
 *fill*         0x0040ae93        0x1 
 .rodata.calibri_36_0x2e
                0x0040ae94       0x10 src/main.o
 .rodata.image_data_calibri_36_0x2f
                0x0040aea4      0x612 src/main.o
 *fill*         0x0040b4b6        0x2 
 .rodata.calibri_36_0x2f
                0x0040b4b8       0x10 src/main.o
 .rodata.image_data_calibri_36_0x30
                0x0040b4c8      0x7ce src/main.o
 *fill*         0x0040bc96        0x2 
 .rodata.calibri_36_0x30
                0x0040bc98       0x10 src/main.o
 .rodata.image_data_calibri_36_0x31
                0x0040bca8      0x7ce src/main.o
 *fill*         0x0040c476        0x2 
 .rodata.calibri_36_0x31
                0x0040c478       0x10 src/main.o
 .rodata.image_data_calibri_36_0x32
                0x0040c488      0x7ce src/main.o
 *fill*         0x0040cc56        0x2 
 .rodata.calibri_36_0x32
                0x0040cc58       0x10 src/main.o
 .rodata.image_data_calibri_36_0x33
                0x0040cc68      0x7ce src/main.o
 *fill*         0x0040d436        0x2 
 .rodata.calibri_36_0x33
                0x0040d438       0x10 src/main.o
 .rodata.image_data_calibri_36_0x34
                0x0040d448      0x7ce src/main.o
 *fill*         0x0040dc16        0x2 
 .rodata.calibri_36_0x34
                0x0040dc18       0x10 src/main.o
 .rodata.image_data_calibri_36_0x35
                0x0040dc28      0x7ce src/main.o
 *fill*         0x0040e3f6        0x2 
 .rodata.calibri_36_0x35
                0x0040e3f8       0x10 src/main.o
 .rodata.image_data_calibri_36_0x36
                0x0040e408      0x7ce src/main.o
 *fill*         0x0040ebd6        0x2 
 .rodata.calibri_36_0x36
                0x0040ebd8       0x10 src/main.o
 .rodata.image_data_calibri_36_0x37
                0x0040ebe8      0x7ce src/main.o
 *fill*         0x0040f3b6        0x2 
 .rodata.calibri_36_0x37
                0x0040f3b8       0x10 src/main.o
 .rodata.image_data_calibri_36_0x38
                0x0040f3c8      0x7ce src/main.o
 *fill*         0x0040fb96        0x2 
 .rodata.calibri_36_0x38
                0x0040fb98       0x10 src/main.o
 .rodata.image_data_calibri_36_0x39
                0x0040fba8      0x7ce src/main.o
 *fill*         0x00410376        0x2 
 .rodata.calibri_36_0x39
                0x00410378       0x10 src/main.o
 .rodata.image_data_calibri_36_0x3a
                0x00410388      0x456 src/main.o
 *fill*         0x004107de        0x2 
 .rodata.calibri_36_0x3a
                0x004107e0       0x10 src/main.o
 .rodata.image_data_calibri_36_0x3b
                0x004107f0      0x456 src/main.o
 *fill*         0x00410c46        0x2 
 .rodata.calibri_36_0x3b
                0x00410c48       0x10 src/main.o
 .rodata.image_data_calibri_36_0x3c
                0x00410c58      0x7ce src/main.o
 *fill*         0x00411426        0x2 
 .rodata.calibri_36_0x3c
                0x00411428       0x10 src/main.o
 .rodata.image_data_calibri_36_0x3d
                0x00411438      0x7ce src/main.o
 *fill*         0x00411c06        0x2 
 .rodata.calibri_36_0x3d
                0x00411c08       0x10 src/main.o
 .rodata.image_data_calibri_36_0x3e
                0x00411c18      0x7ce src/main.o
 *fill*         0x004123e6        0x2 
 .rodata.calibri_36_0x3e
                0x004123e8       0x10 src/main.o
 .rodata.image_data_calibri_36_0x3f
                0x004123f8      0x75f src/main.o
 *fill*         0x00412b57        0x1 
 .rodata.calibri_36_0x3f
                0x00412b58       0x10 src/main.o
 .rodata.image_data_calibri_36_0x40
                0x00412b68      0xde0 src/main.o
 .rodata.calibri_36_0x40
                0x00413948       0x10 src/main.o
 .rodata.image_data_calibri_36_0x41
                0x00413958      0x91b src/main.o
 *fill*         0x00414273        0x1 
 .rodata.calibri_36_0x41
                0x00414274       0x10 src/main.o
 .rodata.image_data_calibri_36_0x42
                0x00414284      0x8ac src/main.o
 .rodata.calibri_36_0x42
                0x00414b30       0x10 src/main.o
 .rodata.image_data_calibri_36_0x43
                0x00414b40      0x83d src/main.o
 *fill*         0x0041537d        0x3 
 .rodata.calibri_36_0x43
                0x00415380       0x10 src/main.o
 .rodata.image_data_calibri_36_0x44
                0x00415390      0x98a src/main.o
 *fill*         0x00415d1a        0x2 
 .rodata.calibri_36_0x44
                0x00415d1c       0x10 src/main.o
 .rodata.image_data_calibri_36_0x45
                0x00415d2c      0x7ce src/main.o
 *fill*         0x004164fa        0x2 
 .rodata.calibri_36_0x45
                0x004164fc       0x10 src/main.o
 .rodata.image_data_calibri_36_0x46
                0x0041650c      0x75f src/main.o
 *fill*         0x00416c6b        0x1 
 .rodata.calibri_36_0x46
                0x00416c6c       0x10 src/main.o
 .rodata.image_data_calibri_36_0x47
                0x00416c7c      0x9f9 src/main.o
 *fill*         0x00417675        0x3 
 .rodata.calibri_36_0x47
                0x00417678       0x10 src/main.o
 .rodata.image_data_calibri_36_0x48
                0x00417688      0x98a src/main.o
 *fill*         0x00418012        0x2 
 .rodata.calibri_36_0x48
                0x00418014       0x10 src/main.o
 .rodata.image_data_calibri_36_0x49
                0x00418024      0x3e7 src/main.o
 *fill*         0x0041840b        0x1 
 .rodata.calibri_36_0x49
                0x0041840c       0x10 src/main.o
 .rodata.image_data_calibri_36_0x4a
                0x0041841c      0x4c5 src/main.o
 *fill*         0x004188e1        0x3 
 .rodata.calibri_36_0x4a
                0x004188e4       0x10 src/main.o
 .rodata.image_data_calibri_36_0x4b
                0x004188f4      0x83d src/main.o
 *fill*         0x00419131        0x3 
 .rodata.calibri_36_0x4b
                0x00419134       0x10 src/main.o
 .rodata.image_data_calibri_36_0x4c
                0x00419144      0x681 src/main.o
 *fill*         0x004197c5        0x3 
 .rodata.calibri_36_0x4c
                0x004197c8       0x10 src/main.o
 .rodata.image_data_calibri_36_0x4d
                0x004197d8      0xd71 src/main.o
 *fill*         0x0041a549        0x3 
 .rodata.calibri_36_0x4d
                0x0041a54c       0x10 src/main.o
 .rodata.image_data_calibri_36_0x4e
                0x0041a55c      0x9f9 src/main.o
 *fill*         0x0041af55        0x3 
 .rodata.calibri_36_0x4e
                0x0041af58       0x10 src/main.o
 .rodata.image_data_calibri_36_0x4f
                0x0041af68      0xa68 src/main.o
 .rodata.calibri_36_0x4f
                0x0041b9d0       0x10 src/main.o
 .rodata.image_data_calibri_36_0x50
                0x0041b9e0      0x83d src/main.o
 *fill*         0x0041c21d        0x3 
 .rodata.calibri_36_0x50
                0x0041c220       0x10 src/main.o
 .rodata.image_data_calibri_36_0x51
                0x0041c230      0xad7 src/main.o
 *fill*         0x0041cd07        0x1 
 .rodata.calibri_36_0x51
                0x0041cd08       0x10 src/main.o
 .rodata.image_data_calibri_36_0x52
                0x0041cd18      0x8ac src/main.o
 .rodata.calibri_36_0x52
                0x0041d5c4       0x10 src/main.o
 .rodata.image_data_calibri_36_0x53
                0x0041d5d4      0x75f src/main.o
 *fill*         0x0041dd33        0x1 
 .rodata.calibri_36_0x53
                0x0041dd34       0x10 src/main.o
 .rodata.image_data_calibri_36_0x54
                0x0041dd44      0x7ce src/main.o
 *fill*         0x0041e512        0x2 
 .rodata.calibri_36_0x54
                0x0041e514       0x10 src/main.o
 .rodata.image_data_calibri_36_0x55
                0x0041e524      0x9f9 src/main.o
 *fill*         0x0041ef1d        0x3 
 .rodata.calibri_36_0x55
                0x0041ef20       0x10 src/main.o
 .rodata.image_data_calibri_36_0x56
                0x0041ef30      0x8ac src/main.o
 .rodata.calibri_36_0x56
                0x0041f7dc       0x10 src/main.o
 .rodata.image_data_calibri_36_0x57
                0x0041f7ec      0xde0 src/main.o
 .rodata.calibri_36_0x57
                0x004205cc       0x10 src/main.o
 .rodata.image_data_calibri_36_0x58
                0x004205dc      0x83d src/main.o
 *fill*         0x00420e19        0x3 
 .rodata.calibri_36_0x58
                0x00420e1c       0x10 src/main.o
 .rodata.image_data_calibri_36_0x59
                0x00420e2c      0x7ce src/main.o
 *fill*         0x004215fa        0x2 
 .rodata.calibri_36_0x59
                0x004215fc       0x10 src/main.o
 .rodata.image_data_calibri_36_0x5a
                0x0042160c      0x75f src/main.o
 *fill*         0x00421d6b        0x1 
 .rodata.calibri_36_0x5a
                0x00421d6c       0x10 src/main.o
 .rodata.image_data_calibri_36_0x5b
                0x00421d7c      0x4c5 src/main.o
 *fill*         0x00422241        0x3 
 .rodata.calibri_36_0x5b
                0x00422244       0x10 src/main.o
 .rodata.image_data_calibri_36_0x5c
                0x00422254      0x612 src/main.o
 *fill*         0x00422866        0x2 
 .rodata.calibri_36_0x5c
                0x00422868       0x10 src/main.o
 .rodata.image_data_calibri_36_0x5d
                0x00422878      0x4c5 src/main.o
 *fill*         0x00422d3d        0x3 
 .rodata.calibri_36_0x5d
                0x00422d40       0x10 src/main.o
 .rodata.image_data_calibri_36_0x5e
                0x00422d50      0x7ce src/main.o
 *fill*         0x0042351e        0x2 
 .rodata.calibri_36_0x5e
                0x00423520       0x10 src/main.o
 .rodata.image_data_calibri_36_0x5f
                0x00423530      0x7ce src/main.o
 *fill*         0x00423cfe        0x2 
 .rodata.calibri_36_0x5f
                0x00423d00       0x10 src/main.o
 .rodata.image_data_calibri_36_0x60
                0x00423d10      0x456 src/main.o
 *fill*         0x00424166        0x2 
 .rodata.calibri_36_0x60
                0x00424168       0x10 src/main.o
 .rodata.image_data_calibri_36_0x61
                0x00424178      0x75f src/main.o
 *fill*         0x004248d7        0x1 
 .rodata.calibri_36_0x61
                0x004248d8       0x10 src/main.o
 .rodata.image_data_calibri_36_0x62
                0x004248e8      0x83d src/main.o
 *fill*         0x00425125        0x3 
 .rodata.calibri_36_0x62
                0x00425128       0x10 src/main.o
 .rodata.image_data_calibri_36_0x63
                0x00425138      0x681 src/main.o
 *fill*         0x004257b9        0x3 
 .rodata.calibri_36_0x63
                0x004257bc       0x10 src/main.o
 .rodata.image_data_calibri_36_0x64
                0x004257cc      0x83d src/main.o
 *fill*         0x00426009        0x3 
 .rodata.calibri_36_0x64
                0x0042600c       0x10 src/main.o
 .rodata.image_data_calibri_36_0x65
                0x0042601c      0x7ce src/main.o
 *fill*         0x004267ea        0x2 
 .rodata.calibri_36_0x65
                0x004267ec       0x10 src/main.o
 .rodata.image_data_calibri_36_0x66
                0x004267fc      0x4c5 src/main.o
 *fill*         0x00426cc1        0x3 
 .rodata.calibri_36_0x66
                0x00426cc4       0x10 src/main.o
 .rodata.image_data_calibri_36_0x67
                0x00426cd4      0x75f src/main.o
 *fill*         0x00427433        0x1 
 .rodata.calibri_36_0x67
                0x00427434       0x10 src/main.o
 .rodata.image_data_calibri_36_0x68
                0x00427444      0x83d src/main.o
 *fill*         0x00427c81        0x3 
 .rodata.calibri_36_0x68
                0x00427c84       0x10 src/main.o
 .rodata.image_data_calibri_36_0x69
                0x00427c94      0x378 src/main.o
 .rodata.calibri_36_0x69
                0x0042800c       0x10 src/main.o
 .rodata.image_data_calibri_36_0x6a
                0x0042801c      0x3e7 src/main.o
 *fill*         0x00428403        0x1 
 .rodata.calibri_36_0x6a
                0x00428404       0x10 src/main.o
 .rodata.image_data_calibri_36_0x6b
                0x00428414      0x6f0 src/main.o
 .rodata.calibri_36_0x6b
                0x00428b04       0x10 src/main.o
 .rodata.image_data_calibri_36_0x6c
                0x00428b14      0x378 src/main.o
 .rodata.calibri_36_0x6c
                0x00428e8c       0x10 src/main.o
 .rodata.image_data_calibri_36_0x6d
                0x00428e9c      0xc93 src/main.o
 *fill*         0x00429b2f        0x1 
 .rodata.calibri_36_0x6d
                0x00429b30       0x10 src/main.o
 .rodata.image_data_calibri_36_0x6e
                0x00429b40      0x83d src/main.o
 *fill*         0x0042a37d        0x3 
 .rodata.calibri_36_0x6e
                0x0042a380       0x10 src/main.o
 .rodata.image_data_calibri_36_0x6f
                0x0042a390      0x83d src/main.o
 *fill*         0x0042abcd        0x3 
 .rodata.calibri_36_0x6f
                0x0042abd0       0x10 src/main.o
 .rodata.image_data_calibri_36_0x70
                0x0042abe0      0x83d src/main.o
 *fill*         0x0042b41d        0x3 
 .rodata.calibri_36_0x70
                0x0042b420       0x10 src/main.o
 .rodata.image_data_calibri_36_0x71
                0x0042b430      0x83d src/main.o
 *fill*         0x0042bc6d        0x3 
 .rodata.calibri_36_0x71
                0x0042bc70       0x10 src/main.o
 .rodata.image_data_calibri_36_0x72
                0x0042bc80      0x5a3 src/main.o
 *fill*         0x0042c223        0x1 
 .rodata.calibri_36_0x72
                0x0042c224       0x10 src/main.o
 .rodata.image_data_calibri_36_0x73
                0x0042c234      0x612 src/main.o
 *fill*         0x0042c846        0x2 
 .rodata.calibri_36_0x73
                0x0042c848       0x10 src/main.o
 .rodata.image_data_calibri_36_0x74
                0x0042c858      0x534 src/main.o
 .rodata.calibri_36_0x74
                0x0042cd8c       0x10 src/main.o
 .rodata.image_data_calibri_36_0x75
                0x0042cd9c      0x83d src/main.o
 *fill*         0x0042d5d9        0x3 
 .rodata.calibri_36_0x75
                0x0042d5dc       0x10 src/main.o
 .rodata.image_data_calibri_36_0x76
                0x0042d5ec      0x6f0 src/main.o
 .rodata.calibri_36_0x76
                0x0042dcdc       0x10 src/main.o
 .rodata.image_data_calibri_36_0x77
                0x0042dcec      0xb46 src/main.o
 *fill*         0x0042e832        0x2 
 .rodata.calibri_36_0x77
                0x0042e834       0x10 src/main.o
 .rodata.image_data_calibri_36_0x78
                0x0042e844      0x6f0 src/main.o
 .rodata.calibri_36_0x78
                0x0042ef34       0x10 src/main.o
 .rodata.image_data_calibri_36_0x79
                0x0042ef44      0x6f0 src/main.o
 .rodata.calibri_36_0x79
                0x0042f634       0x10 src/main.o
 .rodata.image_data_calibri_36_0x7a
                0x0042f644      0x612 src/main.o
 *fill*         0x0042fc56        0x2 
 .rodata.calibri_36_0x7a
                0x0042fc58       0x10 src/main.o
 .rodata.image_data_calibri_36_0x7b
                0x0042fc68      0x4c5 src/main.o
 *fill*         0x0043012d        0x3 
 .rodata.calibri_36_0x7b
                0x00430130       0x10 src/main.o
 .rodata.image_data_calibri_36_0x7c
                0x00430140      0x75f src/main.o
 *fill*         0x0043089f        0x1 
 .rodata.calibri_36_0x7c
                0x004308a0       0x10 src/main.o
 .rodata.image_data_calibri_36_0x7d
                0x004308b0      0x4c5 src/main.o
 *fill*         0x00430d75        0x3 
 .rodata.calibri_36_0x7d
                0x00430d78       0x10 src/main.o
 .rodata.image_data_calibri_36_0x7e
                0x00430d88      0x7ce src/main.o
 *fill*         0x00431556        0x2 
 .rodata.calibri_36_0x7e
                0x00431558       0x10 src/main.o
 .rodata.calibri_36_array
                0x00431568      0x2f8 src/main.o
 .rodata.calibri_36
                0x00431860        0xc src/main.o
                0x00431860                calibri_36
 .rodata.image_data_arial_72_0x30
                0x0043186c     0x2760 src/main.o
 .rodata.arial_72_0x30
                0x00433fcc       0x10 src/main.o
 .rodata.image_data_arial_72_0x31
                0x00433fdc     0x2760 src/main.o
 .rodata.arial_72_0x31
                0x0043673c       0x10 src/main.o
 .rodata.image_data_arial_72_0x32
                0x0043674c     0x2760 src/main.o
 .rodata.arial_72_0x32
                0x00438eac       0x10 src/main.o
 .rodata.image_data_arial_72_0x33
                0x00438ebc     0x2760 src/main.o
 .rodata.arial_72_0x33
                0x0043b61c       0x10 src/main.o
 .rodata.image_data_arial_72_0x34
                0x0043b62c     0x2760 src/main.o
 .rodata.arial_72_0x34
                0x0043dd8c       0x10 src/main.o
 .rodata.image_data_arial_72_0x35
                0x0043dd9c     0x2760 src/main.o
 .rodata.arial_72_0x35
                0x004404fc       0x10 src/main.o
 .rodata.image_data_arial_72_0x36
                0x0044050c     0x2760 src/main.o
 .rodata.arial_72_0x36
                0x00442c6c       0x10 src/main.o
 .rodata.image_data_arial_72_0x37
                0x00442c7c     0x2760 src/main.o
 .rodata.arial_72_0x37
                0x004453dc       0x10 src/main.o
 .rodata.image_data_arial_72_0x38
                0x004453ec     0x2760 src/main.o
 .rodata.arial_72_0x38
                0x00447b4c       0x10 src/main.o
 .rodata.image_data_arial_72_0x39
                0x00447b5c     0x2760 src/main.o
 .rodata.arial_72_0x39
                0x0044a2bc       0x10 src/main.o
 .rodata.arial_72_array
                0x0044a2cc       0x50 src/main.o
 .rodata.arial_72
                0x0044a31c        0xc src/main.o
                0x0044a31c                arial_72
 .rodata        0x0044a328       0x1f src/main.o
 *fill*         0x0044a347        0x1 
 .rodata._global_impure_ptr
                0x0044a348        0x4 c:/program files (x86)/atmel/studio/7.0/toolchain/arm/arm-gnu-toolchain/bin/../lib/gcc/arm-none-eabi/6.3.1/../../../../arm-none-eabi/lib/thumb/v7e-m\libc.a(lib_a-impure.o)
                0x0044a348                _global_impure_ptr
 *(.ARM.extab* .gnu.linkonce.armextab.*)
                0x0044a34c                . = ALIGN (0x4)
 *(.init)
 .init          0x0044a34c        0x4 c:/program files (x86)/atmel/studio/7.0/toolchain/arm/arm-gnu-toolchain/bin/../lib/gcc/arm-none-eabi/6.3.1/thumb/v7e-m/crti.o
                0x0044a34c                _init
 .init          0x0044a350        0x8 c:/program files (x86)/atmel/studio/7.0/toolchain/arm/arm-gnu-toolchain/bin/../lib/gcc/arm-none-eabi/6.3.1/thumb/v7e-m/crtn.o
                0x0044a358                . = ALIGN (0x4)
                0x0044a358                __preinit_array_start = .
 *(.preinit_array)
                0x0044a358                __preinit_array_end = .
                0x0044a358                . = ALIGN (0x4)
                0x0044a358                __init_array_start = .
 *(SORT(.init_array.*))
 .init_array.00000
                0x0044a358        0x4 c:/program files (x86)/atmel/studio/7.0/toolchain/arm/arm-gnu-toolchain/bin/../lib/gcc/arm-none-eabi/6.3.1/../../../../arm-none-eabi/lib/thumb/v7e-m\libc.a(lib_a-__call_atexit.o)
 *(.init_array)
 .init_array    0x0044a35c        0x4 c:/program files (x86)/atmel/studio/7.0/toolchain/arm/arm-gnu-toolchain/bin/../lib/gcc/arm-none-eabi/6.3.1/thumb/v7e-m/crtbegin.o
                0x0044a360                __init_array_end = .
                0x0044a360                . = ALIGN (0x4)
 *crtbegin.o(.ctors)
 *(EXCLUDE_FILE(*crtend.o) .ctors)
 *(SORT(.ctors.*))
 *crtend.o(.ctors)
                0x0044a360                . = ALIGN (0x4)
 *(.fini)
 .fini          0x0044a360        0x4 c:/program files (x86)/atmel/studio/7.0/toolchain/arm/arm-gnu-toolchain/bin/../lib/gcc/arm-none-eabi/6.3.1/thumb/v7e-m/crti.o
                0x0044a360                _fini
 .fini          0x0044a364        0x8 c:/program files (x86)/atmel/studio/7.0/toolchain/arm/arm-gnu-toolchain/bin/../lib/gcc/arm-none-eabi/6.3.1/thumb/v7e-m/crtn.o
                0x0044a36c                . = ALIGN (0x4)
                0x0044a36c                __fini_array_start = .
 *(.fini_array)
 .fini_array    0x0044a36c        0x4 c:/program files (x86)/atmel/studio/7.0/toolchain/arm/arm-gnu-toolchain/bin/../lib/gcc/arm-none-eabi/6.3.1/thumb/v7e-m/crtbegin.o
 *(SORT(.fini_array.*))
                0x0044a370                __fini_array_end = .
 *crtbegin.o(.dtors)
 *(EXCLUDE_FILE(*crtend.o) .dtors)
 *(SORT(.dtors.*))
 *crtend.o(.dtors)
                0x0044a370                . = ALIGN (0x4)
                0x0044a370                _efixed = .
                [!provide]                PROVIDE (__exidx_start, .)

.vfp11_veneer   0x0044a370        0x0
 .vfp11_veneer  0x0044a370        0x0 linker stubs

.v4_bx          0x0044a370        0x0
 .v4_bx         0x0044a370        0x0 linker stubs

.iplt           0x0044a370        0x0
 .iplt          0x0044a370        0x0 c:/program files (x86)/atmel/studio/7.0/toolchain/arm/arm-gnu-toolchain/bin/../lib/gcc/arm-none-eabi/6.3.1/thumb/v7e-m/crtbegin.o

.eh_frame       0x0044a370        0x0
 .eh_frame      0x0044a370        0x0 c:/program files (x86)/atmel/studio/7.0/toolchain/arm/arm-gnu-toolchain/bin/../lib/gcc/arm-none-eabi/6.3.1/thumb/v7e-m/crtbegin.o

.rel.dyn        0x0044a370        0x0
 .rel.iplt      0x0044a370        0x0 c:/program files (x86)/atmel/studio/7.0/toolchain/arm/arm-gnu-toolchain/bin/../lib/gcc/arm-none-eabi/6.3.1/thumb/v7e-m/crtbegin.o

.jcr            0x0044a370        0x0
 .jcr           0x0044a370        0x0 c:/program files (x86)/atmel/studio/7.0/toolchain/arm/arm-gnu-toolchain/bin/../lib/gcc/arm-none-eabi/6.3.1/thumb/v7e-m/crtbegin.o

.igot.plt       0x0044a370        0x0
 .igot.plt      0x0044a370        0x0 c:/program files (x86)/atmel/studio/7.0/toolchain/arm/arm-gnu-toolchain/bin/../lib/gcc/arm-none-eabi/6.3.1/thumb/v7e-m/crtbegin.o

.ARM.exidx
 *(.ARM.exidx* .gnu.linkonce.armexidx.*)
                [!provide]                PROVIDE (__exidx_end, .)
                0x0044a370                . = ALIGN (0x4)
                0x0044a370                _etext = .

.relocate       0x20400000      0x434 load address 0x0044a370
                0x20400000                . = ALIGN (0x4)
                0x20400000                _srelocate = .
 *(.ramfunc .ramfunc.*)
 *(.data .data.*)
 .data.g_interrupt_enabled
                0x20400000        0x1 src/ASF/common/utils/interrupt/interrupt_sam_nvic.o
                0x20400000                g_interrupt_enabled
 *fill*         0x20400001        0x3 
 .data.SystemCoreClock
                0x20400004        0x4 src/ASF/sam/utils/cmsis/same70/source/templates/system_same70.o
                0x20400004                SystemCoreClock
 .data.impure_data
                0x20400008      0x428 c:/program files (x86)/atmel/studio/7.0/toolchain/arm/arm-gnu-toolchain/bin/../lib/gcc/arm-none-eabi/6.3.1/../../../../arm-none-eabi/lib/thumb/v7e-m\libc.a(lib_a-impure.o)
 .data.__atexit_recursive_mutex
                0x20400430        0x4 c:/program files (x86)/atmel/studio/7.0/toolchain/arm/arm-gnu-toolchain/bin/../lib/gcc/arm-none-eabi/6.3.1/../../../../arm-none-eabi/lib/thumb/v7e-m\libc.a(lib_a-__call_atexit.o)
                0x20400430                __atexit_recursive_mutex
                0x20400434                . = ALIGN (0x4)
                0x20400434                _erelocate = .

.bss            0x20400434      0x480 load address 0x0044a7a4
                0x20400434                . = ALIGN (0x4)
                0x20400434                _sbss = .
                0x20400434                _szero = .
 *(.bss .bss.*)
 .bss           0x20400434       0x1c c:/program files (x86)/atmel/studio/7.0/toolchain/arm/arm-gnu-toolchain/bin/../lib/gcc/arm-none-eabi/6.3.1/thumb/v7e-m/crtbegin.o
 .bss.g_ul_pixel_cache
                0x20400450      0x3c0 src/ASF/sam/components/display/ili9488/ili9488.o
 .bss.gs_interrupt_sources
                0x20400810       0x70 src/ASF/sam/drivers/pio/pio_handler.o
 *(COMMON)
 COMMON         0x20400880       0x10 src/main.o
                0x20400880                g_ili9488_display_opt
 COMMON         0x20400890       0x21 c:/program files (x86)/atmel/studio/7.0/toolchain/arm/arm-gnu-toolchain/bin/../lib/gcc/arm-none-eabi/6.3.1/../../../../arm-none-eabi/lib/thumb/v7e-m\libc.a(lib_a-lock.o)
                0x20400890                __lock___atexit_recursive_mutex
                0x20400894                __lock___arc4random_mutex
                0x20400898                __lock___env_recursive_mutex
                0x2040089c                __lock___sinit_recursive_mutex
                0x204008a0                __lock___malloc_recursive_mutex
                0x204008a4                __lock___at_quick_exit_mutex
                0x204008a8                __lock___dd_hash_mutex
                0x204008ac                __lock___tz_mutex
                0x204008b0                __lock___sfp_recursive_mutex
                0x204008b4                . = ALIGN (0x4)
 *fill*         0x204008b1        0x3 
                0x204008b4                _ebss = .
                0x204008b4                _ezero = .

.stack          0x204008b4     0x2004 load address 0x0044ac24
                0x204008b8                . = ALIGN (0x8)
 *fill*         0x204008b4        0x4 
                0x204008b8                _sstack = .
                0x204028b8                . = (. + STACK_SIZE)
 *fill*         0x204008b8     0x2000 
                0x204028b8                . = ALIGN (0x8)
                0x204028b8                _estack = .

.heap           0x204028b8      0x200 load address 0x0044cc28
                0x204028b8                . = ALIGN (0x8)
                0x204028b8                _sheap = .
                0x20402ab8                . = (. + HEAP_SIZE)
 *fill*         0x204028b8      0x200 
                0x20402ab8                . = ALIGN (0x8)
                0x20402ab8                _eheap = .
                0x20402ab8                . = ALIGN (0x4)
                0x20402ab8                _end = .
                0x2045ffff                _ram_end_ = ((ORIGIN (ram) + LENGTH (ram)) - 0x1)
OUTPUT(SAME70_FONTS.elf elf32-littlearm)

.ARM.attributes
                0x00000000       0x2e
 .ARM.attributes
                0x00000000       0x1e c:/program files (x86)/atmel/studio/7.0/toolchain/arm/arm-gnu-toolchain/bin/../lib/gcc/arm-none-eabi/6.3.1/thumb/v7e-m/crti.o
 .ARM.attributes
                0x0000001e       0x2e c:/program files (x86)/atmel/studio/7.0/toolchain/arm/arm-gnu-toolchain/bin/../lib/gcc/arm-none-eabi/6.3.1/thumb/v7e-m/crtbegin.o
 .ARM.attributes
                0x0000004c       0x37 src/main.o
 .ARM.attributes
                0x00000083       0x37 src/ASF/common/services/spi/sam_spi/spi_master.o
 .ARM.attributes
                0x000000ba       0x37 src/ASF/sam/components/display/ili9488/ili9488.o
 .ARM.attributes
                0x000000f1       0x37 src/ASF/sam/drivers/spi/spi.o
 .ARM.attributes
                0x00000128       0x37 src/ASF/common/services/clock/same70/sysclk.o
 .ARM.attributes
                0x0000015f       0x37 src/ASF/common/utils/interrupt/interrupt_sam_nvic.o
 .ARM.attributes
                0x00000196       0x37 src/ASF/sam/boards/same70_xplained/init.o
 .ARM.attributes
                0x000001cd       0x37 src/ASF/sam/drivers/pio/pio.o
 .ARM.attributes
                0x00000204       0x37 src/ASF/sam/drivers/pio/pio_handler.o
 .ARM.attributes
                0x0000023b       0x37 src/ASF/sam/drivers/pmc/pmc.o
 .ARM.attributes
                0x00000272       0x37 src/ASF/sam/utils/cmsis/same70/source/templates/gcc/startup_same70.o
 .ARM.attributes
                0x000002a9       0x37 src/ASF/sam/utils/cmsis/same70/source/templates/system_same70.o
 .ARM.attributes
                0x000002e0       0x2e c:/program files (x86)/atmel/studio/7.0/toolchain/arm/arm-gnu-toolchain/bin/../lib/gcc/arm-none-eabi/6.3.1/../../../../arm-none-eabi/lib/thumb/v7e-m\libc.a(lib_a-impure.o)
 .ARM.attributes
                0x0000030e       0x2e c:/program files (x86)/atmel/studio/7.0/toolchain/arm/arm-gnu-toolchain/bin/../lib/gcc/arm-none-eabi/6.3.1/../../../../arm-none-eabi/lib/thumb/v7e-m\libc.a(lib_a-init.o)
 .ARM.attributes
                0x0000033c       0x2e c:/program files (x86)/atmel/studio/7.0/toolchain/arm/arm-gnu-toolchain/bin/../lib/gcc/arm-none-eabi/6.3.1/../../../../arm-none-eabi/lib/thumb/v7e-m\libc.a(lib_a-__call_atexit.o)
 .ARM.attributes
                0x0000036a       0x2e c:/program files (x86)/atmel/studio/7.0/toolchain/arm/arm-gnu-toolchain/bin/../lib/gcc/arm-none-eabi/6.3.1/../../../../arm-none-eabi/lib/thumb/v7e-m\libc.a(lib_a-atexit.o)
 .ARM.attributes
                0x00000398       0x2e c:/program files (x86)/atmel/studio/7.0/toolchain/arm/arm-gnu-toolchain/bin/../lib/gcc/arm-none-eabi/6.3.1/../../../../arm-none-eabi/lib/thumb/v7e-m\libc.a(lib_a-fini.o)
 .ARM.attributes
                0x000003c6       0x2e c:/program files (x86)/atmel/studio/7.0/toolchain/arm/arm-gnu-toolchain/bin/../lib/gcc/arm-none-eabi/6.3.1/../../../../arm-none-eabi/lib/thumb/v7e-m\libc.a(lib_a-lock.o)
 .ARM.attributes
                0x000003f4       0x2e c:/program files (x86)/atmel/studio/7.0/toolchain/arm/arm-gnu-toolchain/bin/../lib/gcc/arm-none-eabi/6.3.1/../../../../arm-none-eabi/lib/thumb/v7e-m\libc.a(lib_a-__atexit.o)
 .ARM.attributes
                0x00000422       0x1e c:/program files (x86)/atmel/studio/7.0/toolchain/arm/arm-gnu-toolchain/bin/../lib/gcc/arm-none-eabi/6.3.1/thumb/v7e-m/crtn.o

.comment        0x00000000       0x59
 .comment       0x00000000       0x59 src/main.o
                                 0x5a (size before relaxing)
 .comment       0x00000059       0x5a src/ASF/common/services/spi/sam_spi/spi_master.o
 .comment       0x00000059       0x5a src/ASF/sam/components/display/ili9488/ili9488.o
 .comment       0x00000059       0x5a src/ASF/sam/drivers/spi/spi.o
 .comment       0x00000059       0x5a src/ASF/common/services/clock/same70/sysclk.o
 .comment       0x00000059       0x5a src/ASF/common/utils/interrupt/interrupt_sam_nvic.o
 .comment       0x00000059       0x5a src/ASF/sam/boards/same70_xplained/init.o
 .comment       0x00000059       0x5a src/ASF/sam/drivers/pio/pio.o
 .comment       0x00000059       0x5a src/ASF/sam/drivers/pio/pio_handler.o
 .comment       0x00000059       0x5a src/ASF/sam/drivers/pmc/pmc.o
 .comment       0x00000059       0x5a src/ASF/sam/utils/cmsis/same70/source/templates/gcc/startup_same70.o
 .comment       0x00000059       0x5a src/ASF/sam/utils/cmsis/same70/source/templates/system_same70.o

.debug_info     0x00000000    0x124b7
 .debug_info    0x00000000     0x30dc src/main.o
 .debug_info    0x000030dc     0x143e src/ASF/common/services/spi/sam_spi/spi_master.o
 .debug_info    0x0000451a     0x208c src/ASF/sam/components/display/ili9488/ili9488.o
 .debug_info    0x000065a6     0x1123 src/ASF/sam/drivers/spi/spi.o
 .debug_info    0x000076c9     0x1311 src/ASF/common/services/clock/same70/sysclk.o
 .debug_info    0x000089da      0xb06 src/ASF/common/utils/interrupt/interrupt_sam_nvic.o
 .debug_info    0x000094e0     0x1dad src/ASF/sam/boards/same70_xplained/init.o
 .debug_info    0x0000b28d     0x1ce3 src/ASF/sam/drivers/pio/pio.o
 .debug_info    0x0000cf70     0x1a74 src/ASF/sam/drivers/pio/pio_handler.o
 .debug_info    0x0000e9e4     0x1eed src/ASF/sam/drivers/pmc/pmc.o
 .debug_info    0x000108d1     0x1612 src/ASF/sam/utils/cmsis/same70/source/templates/gcc/startup_same70.o
 .debug_info    0x00011ee3      0x5d4 src/ASF/sam/utils/cmsis/same70/source/templates/system_same70.o

.debug_abbrev   0x00000000     0x20b5
 .debug_abbrev  0x00000000      0x338 src/main.o
 .debug_abbrev  0x00000338      0x305 src/ASF/common/services/spi/sam_spi/spi_master.o
 .debug_abbrev  0x0000063d      0x2f4 src/ASF/sam/components/display/ili9488/ili9488.o
 .debug_abbrev  0x00000931      0x2cf src/ASF/sam/drivers/spi/spi.o
 .debug_abbrev  0x00000c00      0x296 src/ASF/common/services/clock/same70/sysclk.o
 .debug_abbrev  0x00000e96      0x214 src/ASF/common/utils/interrupt/interrupt_sam_nvic.o
 .debug_abbrev  0x000010aa      0x3f4 src/ASF/sam/boards/same70_xplained/init.o
 .debug_abbrev  0x0000149e      0x296 src/ASF/sam/drivers/pio/pio.o
 .debug_abbrev  0x00001734      0x2c9 src/ASF/sam/drivers/pio/pio_handler.o
 .debug_abbrev  0x000019fd      0x2ce src/ASF/sam/drivers/pmc/pmc.o
 .debug_abbrev  0x00001ccb      0x2e8 src/ASF/sam/utils/cmsis/same70/source/templates/gcc/startup_same70.o
 .debug_abbrev  0x00001fb3      0x102 src/ASF/sam/utils/cmsis/same70/source/templates/system_same70.o

.debug_loc      0x00000000     0x5512
 .debug_loc     0x00000000      0x2c2 src/main.o
 .debug_loc     0x000002c2      0x830 src/ASF/common/services/spi/sam_spi/spi_master.o
 .debug_loc     0x00000af2      0xd20 src/ASF/sam/components/display/ili9488/ili9488.o
 .debug_loc     0x00001812      0x630 src/ASF/sam/drivers/spi/spi.o
 .debug_loc     0x00001e42      0x4a0 src/ASF/common/services/clock/same70/sysclk.o
 .debug_loc     0x000022e2       0xa0 src/ASF/common/utils/interrupt/interrupt_sam_nvic.o
 .debug_loc     0x00002382      0x2fc src/ASF/sam/boards/same70_xplained/init.o
 .debug_loc     0x0000267e     0x1174 src/ASF/sam/drivers/pio/pio.o
 .debug_loc     0x000037f2      0x38c src/ASF/sam/drivers/pio/pio_handler.o
 .debug_loc     0x00003b7e     0x1744 src/ASF/sam/drivers/pmc/pmc.o
 .debug_loc     0x000052c2      0x16c src/ASF/sam/utils/cmsis/same70/source/templates/gcc/startup_same70.o
 .debug_loc     0x0000542e       0xe4 src/ASF/sam/utils/cmsis/same70/source/templates/system_same70.o

.debug_aranges  0x00000000      0x968
 .debug_aranges
                0x00000000       0x68 src/main.o
 .debug_aranges
                0x00000068       0xe0 src/ASF/common/services/spi/sam_spi/spi_master.o
 .debug_aranges
                0x00000148      0x168 src/ASF/sam/components/display/ili9488/ili9488.o
 .debug_aranges
                0x000002b0       0xa8 src/ASF/sam/drivers/spi/spi.o
 .debug_aranges
                0x00000358       0x98 src/ASF/common/services/clock/same70/sysclk.o
 .debug_aranges
                0x000003f0       0x28 src/ASF/common/utils/interrupt/interrupt_sam_nvic.o
 .debug_aranges
                0x00000418       0x68 src/ASF/sam/boards/same70_xplained/init.o
 .debug_aranges
                0x00000480      0x1a8 src/ASF/sam/drivers/pio/pio.o
 .debug_aranges
                0x00000628       0x80 src/ASF/sam/drivers/pio/pio_handler.o
 .debug_aranges
                0x000006a8      0x250 src/ASF/sam/drivers/pmc/pmc.o
 .debug_aranges
                0x000008f8       0x40 src/ASF/sam/utils/cmsis/same70/source/templates/gcc/startup_same70.o
 .debug_aranges
                0x00000938       0x30 src/ASF/sam/utils/cmsis/same70/source/templates/system_same70.o

.debug_ranges   0x00000000      0x920
 .debug_ranges  0x00000000       0x58 src/main.o
 .debug_ranges  0x00000058       0xd0 src/ASF/common/services/spi/sam_spi/spi_master.o
 .debug_ranges  0x00000128      0x158 src/ASF/sam/components/display/ili9488/ili9488.o
 .debug_ranges  0x00000280       0x98 src/ASF/sam/drivers/spi/spi.o
 .debug_ranges  0x00000318       0x88 src/ASF/common/services/clock/same70/sysclk.o
 .debug_ranges  0x000003a0       0x18 src/ASF/common/utils/interrupt/interrupt_sam_nvic.o
 .debug_ranges  0x000003b8       0xd0 src/ASF/sam/boards/same70_xplained/init.o
 .debug_ranges  0x00000488      0x198 src/ASF/sam/drivers/pio/pio.o
 .debug_ranges  0x00000620       0x70 src/ASF/sam/drivers/pio/pio_handler.o
 .debug_ranges  0x00000690      0x240 src/ASF/sam/drivers/pmc/pmc.o
 .debug_ranges  0x000008d0       0x30 src/ASF/sam/utils/cmsis/same70/source/templates/gcc/startup_same70.o
 .debug_ranges  0x00000900       0x20 src/ASF/sam/utils/cmsis/same70/source/templates/system_same70.o

.debug_macro    0x00000000    0x1f117
 .debug_macro   0x00000000      0x812 src/main.o
 .debug_macro   0x00000812      0x8d4 src/main.o
 .debug_macro   0x000010e6      0x16d src/main.o
 .debug_macro   0x00001253      0x6d7 src/main.o
 .debug_macro   0x0000192a       0x76 src/main.o
 .debug_macro   0x000019a0       0x16 src/main.o
 .debug_macro   0x000019b6      0x6da src/main.o
 .debug_macro   0x00002090       0x22 src/main.o
 .debug_macro   0x000020b2       0x87 src/main.o
 .debug_macro   0x00002139       0x51 src/main.o
 .debug_macro   0x0000218a       0xef src/main.o
 .debug_macro   0x00002279       0x6a src/main.o
 .debug_macro   0x000022e3      0x1df src/main.o
 .debug_macro   0x000024c2       0x51 src/main.o
 .debug_macro   0x00002513       0x3b src/main.o
 .debug_macro   0x0000254e       0x2d src/main.o
 .debug_macro   0x0000257b       0x26 src/main.o
 .debug_macro   0x000025a1      0xf9a src/main.o
 .debug_macro   0x0000353b      0x191 src/main.o
 .debug_macro   0x000036cc      0x2ee src/main.o
 .debug_macro   0x000039ba      0xa23 src/main.o
 .debug_macro   0x000043dd      0x1b4 src/main.o
 .debug_macro   0x00004591      0x35f src/main.o
 .debug_macro   0x000048f0      0x15a src/main.o
 .debug_macro   0x00004a4a     0x18b3 src/main.o
 .debug_macro   0x000062fd       0x1c src/main.o
 .debug_macro   0x00006319      0x6a2 src/main.o
 .debug_macro   0x000069bb      0x27f src/main.o
 .debug_macro   0x00006c3a      0x3ba src/main.o
 .debug_macro   0x00006ff4      0x4f0 src/main.o
 .debug_macro   0x000074e4      0x5cb src/main.o
 .debug_macro   0x00007aaf     0x1527 src/main.o
 .debug_macro   0x00008fd6     0x2a40 src/main.o
 .debug_macro   0x0000ba16     0x113e src/main.o
 .debug_macro   0x0000cb54      0xcdb src/main.o
 .debug_macro   0x0000d82f      0x3c6 src/main.o
 .debug_macro   0x0000dbf5       0xa0 src/main.o
 .debug_macro   0x0000dc95       0x76 src/main.o
 .debug_macro   0x0000dd0b      0x442 src/main.o
 .debug_macro   0x0000e14d       0x64 src/main.o
 .debug_macro   0x0000e1b1      0x299 src/main.o
 .debug_macro   0x0000e44a      0x201 src/main.o
 .debug_macro   0x0000e64b      0x280 src/main.o
 .debug_macro   0x0000e8cb      0x539 src/main.o
 .debug_macro   0x0000ee04      0x64f src/main.o
 .debug_macro   0x0000f453      0x6cc src/main.o
 .debug_macro   0x0000fb1f       0x64 src/main.o
 .debug_macro   0x0000fb83      0x4c4 src/main.o
 .debug_macro   0x00010047      0x237 src/main.o
 .debug_macro   0x0001027e      0xa06 src/main.o
 .debug_macro   0x00010c84     0x14ec src/main.o
 .debug_macro   0x00012170       0x40 src/main.o
 .debug_macro   0x000121b0       0x76 src/main.o
 .debug_macro   0x00012226      0xdd1 src/main.o
 .debug_macro   0x00012ff7       0x88 src/main.o
 .debug_macro   0x0001307f       0x7c src/main.o
 .debug_macro   0x000130fb       0x52 src/main.o
 .debug_macro   0x0001314d      0x133 src/main.o
 .debug_macro   0x00013280      0x133 src/main.o
 .debug_macro   0x000133b3      0x133 src/main.o
 .debug_macro   0x000134e6       0x76 src/main.o
 .debug_macro   0x0001355c       0x76 src/main.o
 .debug_macro   0x000135d2      0x2fe src/main.o
 .debug_macro   0x000138d0       0xca src/main.o
 .debug_macro   0x0001399a       0xca src/main.o
 .debug_macro   0x00013a64       0xca src/main.o
 .debug_macro   0x00013b2e      0x13b src/main.o
 .debug_macro   0x00013c69      0x13b src/main.o
 .debug_macro   0x00013da4      0x2cd src/main.o
 .debug_macro   0x00014071       0xbe src/main.o
 .debug_macro   0x0001412f       0x64 src/main.o
 .debug_macro   0x00014193       0x46 src/main.o
 .debug_macro   0x000141d9       0x64 src/main.o
 .debug_macro   0x0001423d       0xa6 src/main.o
 .debug_macro   0x000142e3      0x4b7 src/main.o
 .debug_macro   0x0001479a      0x133 src/main.o
 .debug_macro   0x000148cd       0x52 src/main.o
 .debug_macro   0x0001491f      0x2fe src/main.o
 .debug_macro   0x00014c1d       0x76 src/main.o
 .debug_macro   0x00014c93       0xbe src/main.o
 .debug_macro   0x00014d51       0x70 src/main.o
 .debug_macro   0x00014dc1       0x34 src/main.o
 .debug_macro   0x00014df5      0x9b8 src/main.o
 .debug_macro   0x000157ad       0x70 src/main.o
 .debug_macro   0x0001581d       0x8e src/main.o
 .debug_macro   0x000158ab       0x5e src/main.o
 .debug_macro   0x00015909       0xfa src/main.o
 .debug_macro   0x00015a03       0x4c src/main.o
 .debug_macro   0x00015a4f       0x4c src/main.o
 .debug_macro   0x00015a9b       0x16 src/main.o
 .debug_macro   0x00015ab1       0xfa src/main.o
 .debug_macro   0x00015bab       0x52 src/main.o
 .debug_macro   0x00015bfd       0x16 src/main.o
 .debug_macro   0x00015c13       0x52 src/main.o
 .debug_macro   0x00015c65       0x2e src/main.o
 .debug_macro   0x00015c93      0x1b3 src/main.o
 .debug_macro   0x00015e46      0x1b3 src/main.o
 .debug_macro   0x00015ff9      0x1b3 src/main.o
 .debug_macro   0x000161ac      0x1b3 src/main.o
 .debug_macro   0x0001635f      0x1b3 src/main.o
 .debug_macro   0x00016512       0x1c src/main.o
 .debug_macro   0x0001652e       0x34 src/main.o
 .debug_macro   0x00016562       0x22 src/main.o
 .debug_macro   0x00016584       0x1c src/main.o
 .debug_macro   0x000165a0       0x5e src/main.o
 .debug_macro   0x000165fe       0x10 src/main.o
 .debug_macro   0x0001660e       0x1c src/main.o
 .debug_macro   0x0001662a       0x52 src/main.o
 .debug_macro   0x0001667c       0x52 src/main.o
 .debug_macro   0x000166ce       0x52 src/main.o
 .debug_macro   0x00016720      0x33e src/main.o
 .debug_macro   0x00016a5e     0x10ab src/main.o
 .debug_macro   0x00017b09      0x107 src/main.o
 .debug_macro   0x00017c10       0x58 src/main.o
 .debug_macro   0x00017c68       0x35 src/main.o
 .debug_macro   0x00017c9d       0x9c src/main.o
 .debug_macro   0x00017d39       0x16 src/main.o
 .debug_macro   0x00017d4f       0x35 src/main.o
 .debug_macro   0x00017d84      0x353 src/main.o
 .debug_macro   0x000180d7       0x10 src/main.o
 .debug_macro   0x000180e7       0x58 src/main.o
 .debug_macro   0x0001813f       0x1f src/main.o
 .debug_macro   0x0001815e       0x43 src/main.o
 .debug_macro   0x000181a1       0x20 src/main.o
 .debug_macro   0x000181c1      0x187 src/main.o
 .debug_macro   0x00018348       0x10 src/main.o
 .debug_macro   0x00018358       0x1c src/main.o
 .debug_macro   0x00018374       0x52 src/main.o
 .debug_macro   0x000183c6       0x40 src/main.o
 .debug_macro   0x00018406       0x10 src/main.o
 .debug_macro   0x00018416       0x40 src/main.o
 .debug_macro   0x00018456       0xd7 src/main.o
 .debug_macro   0x0001852d       0x16 src/main.o
 .debug_macro   0x00018543      0x18b src/main.o
 .debug_macro   0x000186ce       0x22 src/main.o
 .debug_macro   0x000186f0       0x16 src/main.o
 .debug_macro   0x00018706       0x16 src/main.o
 .debug_macro   0x0001871c       0x29 src/main.o
 .debug_macro   0x00018745       0x73 src/main.o
 .debug_macro   0x000187b8       0x3e src/main.o
 .debug_macro   0x000187f6      0x3ca src/main.o
 .debug_macro   0x00018bc0       0x3a src/main.o
 .debug_macro   0x00018bfa      0x2c3 src/main.o
 .debug_macro   0x00018ebd      0xa91 src/main.o
 .debug_macro   0x0001994e       0x70 src/main.o
 .debug_macro   0x000199be       0x64 src/main.o
 .debug_macro   0x00019a22       0x5f src/main.o
 .debug_macro   0x00019a81       0xac src/main.o
 .debug_macro   0x00019b2d       0x28 src/main.o
 .debug_macro   0x00019b55       0x22 src/main.o
 .debug_macro   0x00019b77       0x16 src/main.o
 .debug_macro   0x00019b8d      0x41e src/main.o
 .debug_macro   0x00019fab       0x94 src/main.o
 .debug_macro   0x0001a03f       0x40 src/main.o
 .debug_macro   0x0001a07f       0x88 src/main.o
 .debug_macro   0x0001a107      0x1c8 src/main.o
 .debug_macro   0x0001a2cf       0x34 src/main.o
 .debug_macro   0x0001a303       0x16 src/main.o
 .debug_macro   0x0001a319       0x1c src/main.o
 .debug_macro   0x0001a335       0x16 src/main.o
 .debug_macro   0x0001a34b       0x28 src/main.o
 .debug_macro   0x0001a373       0x2e src/main.o
 .debug_macro   0x0001a3a1      0x733 src/ASF/common/services/spi/sam_spi/spi_master.o
 .debug_macro   0x0001aad4      0x772 src/ASF/sam/components/display/ili9488/ili9488.o
 .debug_macro   0x0001b246       0x16 src/ASF/sam/components/display/ili9488/ili9488.o
 .debug_macro   0x0001b25c       0x16 src/ASF/sam/components/display/ili9488/ili9488.o
 .debug_macro   0x0001b272      0x6fb src/ASF/sam/drivers/spi/spi.o
 .debug_macro   0x0001b96d       0x10 src/ASF/sam/drivers/spi/spi.o
 .debug_macro   0x0001b97d      0x6f2 src/ASF/common/services/clock/same70/sysclk.o
 .debug_macro   0x0001c06f      0x2bd src/ASF/common/services/clock/same70/sysclk.o
 .debug_macro   0x0001c32c      0x676 src/ASF/common/utils/interrupt/interrupt_sam_nvic.o
 .debug_macro   0x0001c9a2      0x72e src/ASF/sam/boards/same70_xplained/init.o
 .debug_macro   0x0001d0d0       0x16 src/ASF/sam/boards/same70_xplained/init.o
 .debug_macro   0x0001d0e6       0x82 src/ASF/sam/boards/same70_xplained/init.o
 .debug_macro   0x0001d168      0x68c src/ASF/sam/drivers/pio/pio.o
 .debug_macro   0x0001d7f4       0x8e src/ASF/sam/drivers/pio/pio.o
 .debug_macro   0x0001d882      0x697 src/ASF/sam/drivers/pio/pio_handler.o
 .debug_macro   0x0001df19      0x68c src/ASF/sam/drivers/pmc/pmc.o
 .debug_macro   0x0001e5a5       0x6a src/ASF/sam/drivers/pmc/pmc.o
 .debug_macro   0x0001e60f      0x685 src/ASF/sam/utils/cmsis/same70/source/templates/gcc/startup_same70.o
 .debug_macro   0x0001ec94       0x10 src/ASF/sam/utils/cmsis/same70/source/templates/gcc/startup_same70.o
 .debug_macro   0x0001eca4      0x473 src/ASF/sam/utils/cmsis/same70/source/templates/system_same70.o

.debug_line     0x00000000     0x9d6f
 .debug_line    0x00000000      0xecb src/main.o
 .debug_line    0x00000ecb      0xdd7 src/ASF/common/services/spi/sam_spi/spi_master.o
 .debug_line    0x00001ca2     0x1216 src/ASF/sam/components/display/ili9488/ili9488.o
 .debug_line    0x00002eb8      0xcbe src/ASF/sam/drivers/spi/spi.o
 .debug_line    0x00003b76      0xc89 src/ASF/common/services/clock/same70/sysclk.o
 .debug_line    0x000047ff      0xa2a src/ASF/common/utils/interrupt/interrupt_sam_nvic.o
 .debug_line    0x00005229      0xd9a src/ASF/sam/boards/same70_xplained/init.o
 .debug_line    0x00005fc3      0xe39 src/ASF/sam/drivers/pio/pio.o
 .debug_line    0x00006dfc      0xb3a src/ASF/sam/drivers/pio/pio_handler.o
 .debug_line    0x00007936     0x1116 src/ASF/sam/drivers/pmc/pmc.o
 .debug_line    0x00008a4c      0xae2 src/ASF/sam/utils/cmsis/same70/source/templates/gcc/startup_same70.o
 .debug_line    0x0000952e      0x841 src/ASF/sam/utils/cmsis/same70/source/templates/system_same70.o

.debug_str      0x00000000    0x9372e
 .debug_str     0x00000000    0x9099b src/main.o
                              0x91a6b (size before relaxing)
 .debug_str     0x0009099b      0x5b4 src/ASF/common/services/spi/sam_spi/spi_master.o
                              0x8cf3a (size before relaxing)
 .debug_str     0x00090f4f      0x6f6 src/ASF/sam/components/display/ili9488/ili9488.o
                              0x8eb12 (size before relaxing)
 .debug_str     0x00091645      0x20e src/ASF/sam/drivers/spi/spi.o
                              0x8cb47 (size before relaxing)
 .debug_str     0x00091853      0x472 src/ASF/common/services/clock/same70/sysclk.o
                              0x8cc42 (size before relaxing)
 .debug_str     0x00091cc5       0x94 src/ASF/common/utils/interrupt/interrupt_sam_nvic.o
                              0x8854f (size before relaxing)
 .debug_str     0x00091d59      0x51f src/ASF/sam/boards/same70_xplained/init.o
                              0x8d701 (size before relaxing)
 .debug_str     0x00092278      0x519 src/ASF/sam/drivers/pio/pio.o
                              0x890b1 (size before relaxing)
 .debug_str     0x00092791      0x116 src/ASF/sam/drivers/pio/pio_handler.o
                              0x89278 (size before relaxing)
 .debug_str     0x000928a7      0x63d src/ASF/sam/drivers/pmc/pmc.o
                              0x89240 (size before relaxing)
 .debug_str     0x00092ee4      0x713 src/ASF/sam/utils/cmsis/same70/source/templates/gcc/startup_same70.o
                              0x88de8 (size before relaxing)
 .debug_str     0x000935f7      0x137 src/ASF/sam/utils/cmsis/same70/source/templates/system_same70.o
                              0x78488 (size before relaxing)

.debug_frame    0x00000000     0x2944
 .debug_frame   0x00000000      0x184 src/main.o
 .debug_frame   0x00000184      0x3c0 src/ASF/common/services/spi/sam_spi/spi_master.o
 .debug_frame   0x00000544      0x63c src/ASF/sam/components/display/ili9488/ili9488.o
 .debug_frame   0x00000b80      0x2c8 src/ASF/sam/drivers/spi/spi.o
 .debug_frame   0x00000e48      0x240 src/ASF/common/services/clock/same70/sysclk.o
 .debug_frame   0x00001088       0x58 src/ASF/common/utils/interrupt/interrupt_sam_nvic.o
 .debug_frame   0x000010e0      0x178 src/ASF/sam/boards/same70_xplained/init.o
 .debug_frame   0x00001258      0x7c0 src/ASF/sam/drivers/pio/pio.o
 .debug_frame   0x00001a18      0x1d0 src/ASF/sam/drivers/pio/pio_handler.o
 .debug_frame   0x00001be8      0xa68 src/ASF/sam/drivers/pmc/pmc.o
 .debug_frame   0x00002650       0xbc src/ASF/sam/utils/cmsis/same70/source/templates/gcc/startup_same70.o
 .debug_frame   0x0000270c       0x78 src/ASF/sam/utils/cmsis/same70/source/templates/system_same70.o
 .debug_frame   0x00002784       0x2c c:/program files (x86)/atmel/studio/7.0/toolchain/arm/arm-gnu-toolchain/bin/../lib/gcc/arm-none-eabi/6.3.1/../../../../arm-none-eabi/lib/thumb/v7e-m\libc.a(lib_a-init.o)
 .debug_frame   0x000027b0       0x5c c:/program files (x86)/atmel/studio/7.0/toolchain/arm/arm-gnu-toolchain/bin/../lib/gcc/arm-none-eabi/6.3.1/../../../../arm-none-eabi/lib/thumb/v7e-m\libc.a(lib_a-__call_atexit.o)
 .debug_frame   0x0000280c       0x20 c:/program files (x86)/atmel/studio/7.0/toolchain/arm/arm-gnu-toolchain/bin/../lib/gcc/arm-none-eabi/6.3.1/../../../../arm-none-eabi/lib/thumb/v7e-m\libc.a(lib_a-atexit.o)
 .debug_frame   0x0000282c       0x34 c:/program files (x86)/atmel/studio/7.0/toolchain/arm/arm-gnu-toolchain/bin/../lib/gcc/arm-none-eabi/6.3.1/../../../../arm-none-eabi/lib/thumb/v7e-m\libc.a(lib_a-fini.o)
 .debug_frame   0x00002860       0xb0 c:/program files (x86)/atmel/studio/7.0/toolchain/arm/arm-gnu-toolchain/bin/../lib/gcc/arm-none-eabi/6.3.1/../../../../arm-none-eabi/lib/thumb/v7e-m\libc.a(lib_a-lock.o)
 .debug_frame   0x00002910       0x34 c:/program files (x86)/atmel/studio/7.0/toolchain/arm/arm-gnu-toolchain/bin/../lib/gcc/arm-none-eabi/6.3.1/../../../../arm-none-eabi/lib/thumb/v7e-m\libc.a(lib_a-__atexit.o)

Cross Reference Table

Symbol                                            File
ACC_Handler                                       src/ASF/sam/utils/cmsis/same70/source/templates/gcc/startup_same70.o
AES_Handler                                       src/ASF/sam/utils/cmsis/same70/source/templates/gcc/startup_same70.o
AFEC0_Handler                                     src/ASF/sam/utils/cmsis/same70/source/templates/gcc/startup_same70.o
AFEC1_Handler                                     src/ASF/sam/utils/cmsis/same70/source/templates/gcc/startup_same70.o
BusFault_Handler                                  src/ASF/sam/utils/cmsis/same70/source/templates/gcc/startup_same70.o
CCF_Handler                                       src/ASF/sam/utils/cmsis/same70/source/templates/gcc/startup_same70.o
CCW_Handler                                       src/ASF/sam/utils/cmsis/same70/source/templates/gcc/startup_same70.o
DACC_Handler                                      src/ASF/sam/utils/cmsis/same70/source/templates/gcc/startup_same70.o
DebugMon_Handler                                  src/ASF/sam/utils/cmsis/same70/source/templates/gcc/startup_same70.o
Dummy_Handler                                     src/ASF/sam/utils/cmsis/same70/source/templates/gcc/startup_same70.o
EFC_Handler                                       src/ASF/sam/utils/cmsis/same70/source/templates/gcc/startup_same70.o
FPU_Handler                                       src/ASF/sam/utils/cmsis/same70/source/templates/gcc/startup_same70.o
GMAC_Handler                                      src/ASF/sam/utils/cmsis/same70/source/templates/gcc/startup_same70.o
GMAC_Q1_Handler                                   src/ASF/sam/utils/cmsis/same70/source/templates/gcc/startup_same70.o
GMAC_Q2_Handler                                   src/ASF/sam/utils/cmsis/same70/source/templates/gcc/startup_same70.o
GMAC_Q3_Handler                                   src/ASF/sam/utils/cmsis/same70/source/templates/gcc/startup_same70.o
GMAC_Q4_Handler                                   src/ASF/sam/utils/cmsis/same70/source/templates/gcc/startup_same70.o
GMAC_Q5_Handler                                   src/ASF/sam/utils/cmsis/same70/source/templates/gcc/startup_same70.o
HSMCI_Handler                                     src/ASF/sam/utils/cmsis/same70/source/templates/gcc/startup_same70.o
HardFault_Handler                                 src/ASF/sam/utils/cmsis/same70/source/templates/gcc/startup_same70.o
I2SC0_Handler                                     src/ASF/sam/utils/cmsis/same70/source/templates/gcc/startup_same70.o
I2SC1_Handler                                     src/ASF/sam/utils/cmsis/same70/source/templates/gcc/startup_same70.o
ICM_Handler                                       src/ASF/sam/utils/cmsis/same70/source/templates/gcc/startup_same70.o
ISI_Handler                                       src/ASF/sam/utils/cmsis/same70/source/templates/gcc/startup_same70.o
IXC_Handler                                       src/ASF/sam/utils/cmsis/same70/source/templates/gcc/startup_same70.o
MCAN0_INT0_Handler                                src/ASF/sam/utils/cmsis/same70/source/templates/gcc/startup_same70.o
MCAN0_INT1_Handler                                src/ASF/sam/utils/cmsis/same70/source/templates/gcc/startup_same70.o
MCAN1_INT0_Handler                                src/ASF/sam/utils/cmsis/same70/source/templates/gcc/startup_same70.o
MCAN1_INT1_Handler                                src/ASF/sam/utils/cmsis/same70/source/templates/gcc/startup_same70.o
MemManage_Handler                                 src/ASF/sam/utils/cmsis/same70/source/templates/gcc/startup_same70.o
NMI_Handler                                       src/ASF/sam/utils/cmsis/same70/source/templates/gcc/startup_same70.o
PIOA_Handler                                      src/ASF/sam/drivers/pio/pio_handler.o
PIOB_Handler                                      src/ASF/sam/drivers/pio/pio_handler.o
PIOC_Handler                                      src/ASF/sam/drivers/pio/pio_handler.o
PIOD_Handler                                      src/ASF/sam/drivers/pio/pio_handler.o
PIOE_Handler                                      src/ASF/sam/drivers/pio/pio_handler.o
PMC_Handler                                       src/ASF/sam/utils/cmsis/same70/source/templates/gcc/startup_same70.o
PWM0_Handler                                      src/ASF/sam/utils/cmsis/same70/source/templates/gcc/startup_same70.o
PWM1_Handler                                      src/ASF/sam/utils/cmsis/same70/source/templates/gcc/startup_same70.o
PendSV_Handler                                    src/ASF/sam/utils/cmsis/same70/source/templates/gcc/startup_same70.o
QSPI_Handler                                      src/ASF/sam/utils/cmsis/same70/source/templates/gcc/startup_same70.o
RSTC_Handler                                      src/ASF/sam/utils/cmsis/same70/source/templates/gcc/startup_same70.o
RSWDT_Handler                                     src/ASF/sam/utils/cmsis/same70/source/templates/gcc/startup_same70.o
RTC_Handler                                       src/ASF/sam/utils/cmsis/same70/source/templates/gcc/startup_same70.o
RTT_Handler                                       src/ASF/sam/utils/cmsis/same70/source/templates/gcc/startup_same70.o
Reset_Handler                                     src/ASF/sam/utils/cmsis/same70/source/templates/gcc/startup_same70.o
SDRAMC_Handler                                    src/ASF/sam/utils/cmsis/same70/source/templates/gcc/startup_same70.o
SPI0_Handler                                      src/ASF/sam/utils/cmsis/same70/source/templates/gcc/startup_same70.o
SPI1_Handler                                      src/ASF/sam/utils/cmsis/same70/source/templates/gcc/startup_same70.o
SSC_Handler                                       src/ASF/sam/utils/cmsis/same70/source/templates/gcc/startup_same70.o
SUPC_Handler                                      src/ASF/sam/utils/cmsis/same70/source/templates/gcc/startup_same70.o
SVC_Handler                                       src/ASF/sam/utils/cmsis/same70/source/templates/gcc/startup_same70.o
SysTick_Handler                                   src/ASF/sam/utils/cmsis/same70/source/templates/gcc/startup_same70.o
SystemCoreClock                                   src/ASF/sam/utils/cmsis/same70/source/templates/system_same70.o
SystemCoreClockUpdate                             src/ASF/sam/utils/cmsis/same70/source/templates/system_same70.o
                                                  src/ASF/common/services/clock/same70/sysclk.o
SystemInit                                        src/ASF/sam/utils/cmsis/same70/source/templates/system_same70.o
TC0_Handler                                       src/ASF/sam/utils/cmsis/same70/source/templates/gcc/startup_same70.o
TC10_Handler                                      src/ASF/sam/utils/cmsis/same70/source/templates/gcc/startup_same70.o
TC11_Handler                                      src/ASF/sam/utils/cmsis/same70/source/templates/gcc/startup_same70.o
TC1_Handler                                       src/ASF/sam/utils/cmsis/same70/source/templates/gcc/startup_same70.o
TC2_Handler                                       src/ASF/sam/utils/cmsis/same70/source/templates/gcc/startup_same70.o
TC3_Handler                                       src/ASF/sam/utils/cmsis/same70/source/templates/gcc/startup_same70.o
TC4_Handler                                       src/ASF/sam/utils/cmsis/same70/source/templates/gcc/startup_same70.o
TC5_Handler                                       src/ASF/sam/utils/cmsis/same70/source/templates/gcc/startup_same70.o
TC6_Handler                                       src/ASF/sam/utils/cmsis/same70/source/templates/gcc/startup_same70.o
TC7_Handler                                       src/ASF/sam/utils/cmsis/same70/source/templates/gcc/startup_same70.o
TC8_Handler                                       src/ASF/sam/utils/cmsis/same70/source/templates/gcc/startup_same70.o
TC9_Handler                                       src/ASF/sam/utils/cmsis/same70/source/templates/gcc/startup_same70.o
TRNG_Handler                                      src/ASF/sam/utils/cmsis/same70/source/templates/gcc/startup_same70.o
TWIHS0_Handler                                    src/ASF/sam/utils/cmsis/same70/source/templates/gcc/startup_same70.o
TWIHS1_Handler                                    src/ASF/sam/utils/cmsis/same70/source/templates/gcc/startup_same70.o
TWIHS2_Handler                                    src/ASF/sam/utils/cmsis/same70/source/templates/gcc/startup_same70.o
UART0_Handler                                     src/ASF/sam/utils/cmsis/same70/source/templates/gcc/startup_same70.o
UART1_Handler                                     src/ASF/sam/utils/cmsis/same70/source/templates/gcc/startup_same70.o
UART2_Handler                                     src/ASF/sam/utils/cmsis/same70/source/templates/gcc/startup_same70.o
UART3_Handler                                     src/ASF/sam/utils/cmsis/same70/source/templates/gcc/startup_same70.o
UART4_Handler                                     src/ASF/sam/utils/cmsis/same70/source/templates/gcc/startup_same70.o
USART0_Handler                                    src/ASF/sam/utils/cmsis/same70/source/templates/gcc/startup_same70.o
USART1_Handler                                    src/ASF/sam/utils/cmsis/same70/source/templates/gcc/startup_same70.o
USART2_Handler                                    src/ASF/sam/utils/cmsis/same70/source/templates/gcc/startup_same70.o
USBHS_Handler                                     src/ASF/sam/utils/cmsis/same70/source/templates/gcc/startup_same70.o
UsageFault_Handler                                src/ASF/sam/utils/cmsis/same70/source/templates/gcc/startup_same70.o
WDT_Handler                                       src/ASF/sam/utils/cmsis/same70/source/templates/gcc/startup_same70.o
XDMAC_Handler                                     src/ASF/sam/utils/cmsis/same70/source/templates/gcc/startup_same70.o
_Jv_RegisterClasses                               c:/program files (x86)/atmel/studio/7.0/toolchain/arm/arm-gnu-toolchain/bin/../lib/gcc/arm-none-eabi/6.3.1/thumb/v7e-m/crtbegin.o
__aeabi_idiv0                                     c:/program files (x86)/atmel/studio/7.0/toolchain/arm/arm-gnu-toolchain/bin/../lib/gcc/arm-none-eabi/6.3.1/thumb/v7e-m\libgcc.a(_dvmd_tls.o)
__aeabi_ldiv0                                     c:/program files (x86)/atmel/studio/7.0/toolchain/arm/arm-gnu-toolchain/bin/../lib/gcc/arm-none-eabi/6.3.1/thumb/v7e-m\libgcc.a(_dvmd_tls.o)
                                                  c:/program files (x86)/atmel/studio/7.0/toolchain/arm/arm-gnu-toolchain/bin/../lib/gcc/arm-none-eabi/6.3.1/thumb/v7e-m\libgcc.a(_aeabi_uldivmod.o)
__aeabi_uldivmod                                  c:/program files (x86)/atmel/studio/7.0/toolchain/arm/arm-gnu-toolchain/bin/../lib/gcc/arm-none-eabi/6.3.1/thumb/v7e-m\libgcc.a(_aeabi_uldivmod.o)
                                                  src/main.o
__atexit_recursive_mutex                          c:/program files (x86)/atmel/studio/7.0/toolchain/arm/arm-gnu-toolchain/bin/../lib/gcc/arm-none-eabi/6.3.1/../../../../arm-none-eabi/lib/thumb/v7e-m\libc.a(lib_a-__call_atexit.o)